################################################################################
#                                                                              #
#      IAR Universal Linker V4.61L/W32                                         #
#                                                                              #
#           Link time     =  16/Oct/2013  13:20:12                             #
#           Target CPU    =  x51                                               #
#           List file     =  F:\6LoWSN\6lowsn_stack\obj\compiletest\iar51_cc25 #
#                            30\rfd\List\compiletest.map                       #
#           Output file 1 =  F:\6LoWSN\6lowsn_stack\obj\compiletest\iar51_cc25 #
#                            30\rfd\Exe\compiletest.hex                        #
#                            Format: debug                                     #
#                            UBROF version 10.0.2                              #
#                            Using library modules for C-SPY (-rt)             #
#           Command line  =  -D_NR_OF_BANKS=0x03 -D_CODEBANK_END=0xFFFF        #
#                            -D_CODEBANK_START=0x8000 -D?CBANK_MASK=0x30       #
#                            -D?CBANK=0x90                                     #
#                            "-IC:\Program Files\IAR Systems\Embedded Workbenc #
#                            h 5.3 Evaluation version\8051\CONFIG\"            #
#                            F:\6LoWSN\6lowsn_stack\obj\compiletest\iar51_cc25 #
#                            30\rfd\Obj\adp.r51                                #
#                            F:\6LoWSN\6lowsn_stack\obj\compiletest\iar51_cc25 #
#                            30\rfd\Obj\aps.r51                                #
#                            F:\6LoWSN\6lowsn_stack\obj\compiletest\iar51_cc25 #
#                            30\rfd\Obj\console.r51                            #
#                            F:\6LoWSN\6lowsn_stack\obj\compiletest\iar51_cc25 #
#                            30\rfd\Obj\debug.r51                              #
#                            F:\6LoWSN\6lowsn_stack\obj\compiletest\iar51_cc25 #
#                            30\rfd\Obj\ds.r51                                 #
#                            F:\6LoWSN\6lowsn_stack\obj\compiletest\iar51_cc25 #
#                            30\rfd\Obj\evboard.r51                            #
#                            F:\6LoWSN\6lowsn_stack\obj\compiletest\iar51_cc25 #
#                            30\rfd\Obj\halNeighbor.r51                        #
#                            F:\6LoWSN\6lowsn_stack\obj\compiletest\iar51_cc25 #
#                            30\rfd\Obj\halStack.r51                           #
#                            F:\6LoWSN\6lowsn_stack\obj\compiletest\iar51_cc25 #
#                            30\rfd\Obj\hal_dma.r51                            #
#                            F:\6LoWSN\6lowsn_stack\obj\compiletest\iar51_cc25 #
#                            30\rfd\Obj\icmpv6.r51                             #
#                            F:\6LoWSN\6lowsn_stack\obj\compiletest\iar51_cc25 #
#                            30\rfd\Obj\mac.r51                                #
#                            F:\6LoWSN\6lowsn_stack\obj\compiletest\iar51_cc25 #
#                            30\rfd\Obj\memalloc.r51                           #
#                            F:\6LoWSN\6lowsn_stack\obj\compiletest\iar51_cc25 #
#                            30\rfd\Obj\mp.r51                                 #
#                            F:\6LoWSN\6lowsn_stack\obj\compiletest\iar51_cc25 #
#                            30\rfd\Obj\nd.r51                                 #
#                            F:\6LoWSN\6lowsn_stack\obj\compiletest\iar51_cc25 #
#                            30\rfd\Obj\neighbor.r51                           #
#                            F:\6LoWSN\6lowsn_stack\obj\compiletest\iar51_cc25 #
#                            30\rfd\Obj\nwk.r51                                #
#                            F:\6LoWSN\6lowsn_stack\obj\compiletest\iar51_cc25 #
#                            30\rfd\Obj\phy.r51                                #
#                            F:\6LoWSN\6lowsn_stack\obj\compiletest\iar51_cc25 #
#                            30\rfd\Obj\slip.r51                               #
#                            F:\6LoWSN\6lowsn_stack\obj\compiletest\iar51_cc25 #
#                            30\rfd\Obj\test_demo.r51                          #
#                            -o                                                #
#                            F:\6LoWSN\6lowsn_stack\obj\compiletest\iar51_cc25 #
#                            30\rfd\Exe\compiletest.hex                        #
#                            -l                                                #
#                            F:\6LoWSN\6lowsn_stack\obj\compiletest\iar51_cc25 #
#                            30\rfd\List\compiletest.map                       #
#                            -xmsn                                             #
#                            "-IC:\Program Files\IAR Systems\Embedded Workbenc #
#                            h 5.3 Evaluation version\8051\LIB\"               #
#                            -f                                                #
#                            "C:\Program Files\IAR Systems\Embedded Workbench  #
#                            5.3 Evaluation version\8051\config\lnk51ew_cc2530 #
#                            .xcl"                                             #
#                            (-D_IDATA_END=0xFF -D_PDATA_START=0x1E00          #
#                            -D_PDATA_END=0x1EFF -D_IXDATA_START=0x0001        #
#                            -D_IXDATA_END=0x1EFF                              #
#                            -D_XDATA_START=_IXDATA_START                      #
#                            -D_XDATA_END=_IXDATA_END -D_CODE_START=0x0000     #
#                            -D_CODE_END=0xFFFF -D_NEAR_CODE_END=_CODE_END     #
#                            -D?REGISTER_BANK=0 -D_REGISTER_BANK_START=0       #
#                            -D?PBANK_NUMBER=0x1E -D?PBANK=0x93                #
#                            -D_BREG_START=0x00 -D?VB=0x20                     #
#                            -D_FIRST_BANK_ADDR=0x10000                        #
#                            -D_FAR_DATA_NR_OF_BANKS=0x0E                      #
#                            -D_FAR_DATA_START=0x010001                        #
#                            -D_FAR_DATA_END=0xFFFFFF                          #
#                            -D_FAR_CODE_START=_CODE_START                     #
#                            -D_FAR_CODE_END=_CODE_END -f lnk_base.xcl         #
#                            (-Z(BIT)BREG=_BREG_START -Z(BIT)BIT_N=0-7F        #
#                            -Z(DATA)REGISTERS+8=_REGISTER_BANK_START          #
#                            -Z(DATA)BDATA_Z,BDATA_N,BDATA_I=20-2F             #
#                            -Z(DATA)VREG+_NR_OF_VIRTUAL_REGISTERS=08-7F       #
#                            -Z(DATA)PSP,XSP=08-7F -Z(DATA)DOVERLAY=08-7F      #
#                            -Z(DATA)DATA_I,DATA_Z,DATA_N=08-7F                #
#                            -U(IDATA)0-7F=(DATA)0-7F                          #
#                            -Z(IDATA)IDATA_I,IDATA_Z,IDATA_N=08-_IDATA_END    #
#                            -Z(IDATA)ISTACK+_IDATA_STACK_SIZE#08-_IDATA_END   #
#                            -Z(IDATA)IOVERLAY=08-FF -Z(CODE)INTVEC=0          #
#                            -Z(CODE)CSTART=_CODE_START-_CODE_END              #
#                            -Z(CODE)BIT_ID,BDATA_ID,DATA_ID,IDATA_ID,IXDATA_I #
#                            D,PDATA_ID,XDATA_ID=_CODE_START-_CODE_END         #
#                            -Z(CODE)HUGE_ID=_FAR_CODE_START-_FAR_CODE_END     #
#                            -Z(CODE)BANK_RELAYS,RCODE,DIFUNCT,CODE_C,CODE_N,N #
#                            EAR_CODE=_CODE_START-_CODE_END                    #
#                            -P(CODE)BANKED_CODE=_CODE_START-_CODE_END,[(_CODE #
#                            BANK_START+_FIRST_BANK_ADDR)-(_CODEBANK_END+_FIRS #
#                            T_BANK_ADDR)]*_NR_OF_BANKS+10000                  #
#                            -P(CODE)FAR_CODE_C,FAR_CODE_N,FAR_CODE=[_FAR_CODE #
#                            _START-_FAR_CODE_END]/10000                       #
#                            -P(CODE)HUGE_CODE_C=_FAR_CODE_START-_FAR_CODE_END #
#                            -Z(CODE)CHECKSUM#_CODE_END                        #
#                            -Z(XDATA)EXT_STACK+_EXTENDED_STACK_SIZE=_EXTENDED #
#                            _STACK_START                                      #
#                            -Z(XDATA)PSTACK+_PDATA_STACK_SIZE=_PDATA_START-_P #
#                            DATA_END                                          #
#                            -Z(XDATA)XSTACK+_XDATA_STACK_SIZE=_XDATA_START-_X #
#                            DATA_END                                          #
#                            -Z(XDATA)PDATA_Z,PDATA_I=_PDATA_START-_PDATA_END  #
#                            -P(XDATA)PDATA_N=_PDATA_START-_PDATA_END          #
#                            -Z(XDATA)IXDATA_Z,IXDATA_I=_IXDATA_START-_IXDATA_ #
#                            END                                               #
#                            -P(XDATA)IXDATA_N=_IXDATA_START-_IXDATA_END       #
#                            -Z(XDATA)XDATA_Z,XDATA_I=_XDATA_START-_XDATA_END  #
#                            -P(XDATA)XDATA_N=_XDATA_START-_XDATA_END          #
#                            -Z(XDATA)XDATA_HEAP+_XDATA_HEAP_SIZE=_XDATA_START #
#                            -_XDATA_END                                       #
#                            -Z(CONST)XDATA_ROM_C=_XDATA_START-_XDATA_END      #
#                            -Z(XDATA)FAR_Z=[_FAR_DATA_START-_FAR_DATA_END]/10 #
#                            000                                               #
#                            -Z(XDATA)FAR_I=[_FAR_DATA_START-_FAR_DATA_END]/10 #
#                            000                                               #
#                            -Z(CODE)FAR_ID=[_FAR_CODE_START-_FAR_CODE_END]/10 #
#                            000                                               #
#                            -Z(XDATA)FAR_HEAP+_FAR_HEAP_SIZE=[_FAR_DATA_START #
#                            -_FAR_DATA_END]/10000                             #
#                            -P(XDATA)FAR_N=[_FAR_DATA_START-_FAR_DATA_END]*_F #
#                            AR_DATA_NR_OF_BANKS+10000                         #
#                            -P(CONST)FAR_ROM_C=[_FAR_DATA_START-_FAR_DATA_END #
#                            ]*_FAR_DATA_NR_OF_BANKS+10000                     #
#                            -Z(XDATA)HUGE_Z,HUGE_I=_FAR_DATA_START-_FAR_DATA_ #
#                            END                                               #
#                            -P(XDATA)HUGE_N=_FAR_DATA_START-_FAR_DATA_END     #
#                            -Z(XDATA)HUGE_HEAP+_HUGE_HEAP_SIZE=_FAR_DATA_STAR #
#                            T-_FAR_DATA_END                                   #
#                            -Z(CONST)HUGE_ROM_C=_FAR_DATA_START-_FAR_DATA_END #
#                            -cx51) -D_FLASH_LOCK_BITS_START=0xFFF0            #
#                            -D_FLASH_LOCK_BITS_END=0xFFFF                     #
#                            -Z(CODE)FLASH_LOCK_BITS=_FLASH_LOCK_BITS_START-_F #
#                            LASH_LOCK_BITS_END                                #
#                            -U(CODE)0x0000=(CODE)_FLASH_LOCK_BITS_START-_FLAS #
#                            H_LOCK_BITS_END)                                  #
#                            -D_NR_OF_VIRTUAL_REGISTERS=8 -e?BCALL_30=?BCALL   #
#                            -e?BRET_30=?BRET -e?BDISPATCH_30=?BDISPATCH       #
#                            -e_medium_write=_formatted_write                  #
#                            -e_medium_read=_formatted_read -rt -s             #
#                            __program_start                                   #
#                            "C:\Program Files\IAR Systems\Embedded Workbench  #
#                            5.3 Evaluation version\8051\LIB\CLIB\cl-pli-blxd- #
#                            1e16x01.r51"                                      #
#                            -D_IDATA_STACK_SIZE=0x40                          #
#                            -D_EXTENDED_STACK_START=0x00                      #
#                            -D_EXTENDED_STACK_SIZE=0x00                       #
#                            -D_PDATA_STACK_SIZE=0x80                          #
#                            -D_XDATA_STACK_SIZE=0x1FF                         #
#                            -D_XDATA_HEAP_SIZE=0xFF -D_FAR_HEAP_SIZE=0xFFF    #
#                            -D_HUGE_HEAP_SIZE=0xFFF                           #
#                                                                              #
#                           Copyright (C) 1987-2009 IAR Systems AB.            #
################################################################################





                ****************************************
                *                                      *
                *           CROSS REFERENCE            *
                *                                      *
                ****************************************

       Program entry at : CODE      000000E3  Relocatable, from module : CSTARTUP




                ****************************************
                *                                      *
                *            RUNTIME MODEL             *
                *                                      *
                ****************************************

  __calling_convention     = xdata_reentrant
  __code_model             = banked
  __core                   = plain
  __data_model             = large
  __dptr_size              = 16
  __extended_stack         = disabled
  __location_for_constants = data
  __number_of_dptrs        = 1
  __rt_version             = 1



                ****************************************
                *                                      *
                *              MODULE MAP              *
                *                                      *
                ****************************************


  DEFINED ABSOLUTE ENTRIES
    *************************************************************************

  DEFINED ABSOLUTE ENTRIES
  PROGRAM MODULE, NAME : ?ABS_ENTRY_MOD

Absolute parts
           ENTRY                   ADDRESS         REF BY
           =====                   =======         ======
           _HUGE_HEAP_SIZE         00000FFF 
           _FAR_HEAP_SIZE          00000FFF 
           _XDATA_HEAP_SIZE        000000FF 
           _XDATA_STACK_SIZE       000001FF 
           _PDATA_STACK_SIZE       00000080 
           _EXTENDED_STACK_SIZE    00000000 
           _EXTENDED_STACK_START   00000000 
           _IDATA_STACK_SIZE       00000040 
           _NR_OF_VIRTUAL_REGISTERS
                                   00000008 
           _FLASH_LOCK_BITS_END    0000FFFF 
           _FLASH_LOCK_BITS_START
                                   0000FFF0 
           _FAR_CODE_END           0000FFFF 
           _FAR_CODE_START         00000000 
           _FAR_DATA_END           00FFFFFF 
           _FAR_DATA_START         00010001 
           _FAR_DATA_NR_OF_BANKS   0000000E 
           _FIRST_BANK_ADDR        00010000 
           ?VB                     00000020        ?BANKED_ENTER_XDATA (?BANKED_ENTER_XDATA)
                                                   ?BANKED_LEAVE_XDATA (?BANKED_LEAVE_XDATA)
                                                   ?FUNC_ENTER_XDATA (?FUNC_ENTER_XDATA)
                                                   ?FUNC_LEAVE_XDATA (?FUNC_LEAVE_XDATA)
                                                   ?INTERRUPT_ENTER_XSP (?INTERRUPT_ENTER_XSP)
                                                   ?INTERRUPT_LEAVE_XSP (?INTERRUPT_LEAVE_XSP)
           _BREG_START             00000000 
           ?PBANK                  00000093 
           ?PBANK_NUMBER           0000001E 
           _REGISTER_BANK_START    00000000 
           ?REGISTER_BANK          00000000        Segment part 6 (CSTARTUP)
           _NEAR_CODE_END          0000FFFF 
           _CODE_END               0000FFFF 
           _CODE_START             00000000 
           _XDATA_END              00001EFF 
           _XDATA_START            00000001 
           _IXDATA_END             00001EFF 
           _IXDATA_START           00000001 
           _PDATA_END              00001EFF 
           _PDATA_START            00001E00 
           _IDATA_END              000000FF 
           ?CBANK                  00000090        ?RESET_CODE_BANK (CSTARTUP)
                                                   Segment part 1 (?BANKED_CODE_SUPPORT)
           ?CBANK_MASK             00000030 
           _CODEBANK_START         00008000 
           _CODEBANK_END           0000FFFF 
           _NR_OF_BANKS            00000003 
    *************************************************************************

  FILE NAME : F:\6LoWSN\6lowsn_stack\obj\compiletest\iar51_cc2530\rfd\Obj\adp.r51
  PROGRAM MODULE, NAME : adp

  SEGMENTS IN THE MODULE
  ======================
XDATA_Z
  Relative segment, address: XDATA 00000200 - 00000200 (0x1 bytes), align: 0
  Segment part 6.             Intra module refs:   adpInit
                                                   adpRxBusy
                                                   adpRxFSM
                                                   adpRxHandoff
           LOCAL                   ADDRESS         
           =====                   =======         
           adpRxState              00000200 
    -------------------------------------------------------------------------
XDATA_Z
  Relative segment, address: XDATA 00000201 - 00000229 (0x29 bytes), align: 0
  Segment part 7.             Intra module refs:   adpFSM
                                                   adpFmtCompHeader
                                                   adpTxCompData
           ENTRY                   ADDRESS         REF BY
           =====                   =======         ======
           a_adp_service           00000201        main (test_demo)
                                                   nwkFSM (nwk)
                                                   nwkTxData (nwk)
    -------------------------------------------------------------------------
XDATA_Z
  Relative segment, address: XDATA 0000022A - 0000022A (0x1 bytes), align: 0
  Segment part 8.             Intra module refs:   adpFSM
                                                   adpInit
           ENTRY                   ADDRESS         REF BY
           =====                   =======         ======
           adpState                0000022A        nwkFSM (nwk)
                                                   nwkTxData (nwk)
    -------------------------------------------------------------------------
XDATA_Z
  Relative segment, address: XDATA 0000022B - 00000261 (0x37 bytes), align: 0
  Segment part 9.             Intra module refs:   adpParseCompHdr
                                                   adpParseHdr
                                                   adpRxFSM
                                                   adpRxHandoff
           ENTRY                   ADDRESS         REF BY
           =====                   =======         ======
           a_adp_rx_data           0000022B        nwkRxHandoff (nwk)
    -------------------------------------------------------------------------
XDATA_Z
  Relative segment, address: XDATA 00000262 - 00000262 (0x1 bytes), align: 0
  Segment part 10.            Intra module refs:   adpInit
           ENTRY                   ADDRESS         REF BY
           =====                   =======         ======
           adpDSN                  00000262 
    -------------------------------------------------------------------------
XDATA_Z
  Relative segment, address: XDATA 00000263 - 00000265 (0x3 bytes), align: 0
  Segment part 11.            Intra module refs:   adpFSM
                                                   adpInit
           ENTRY                   ADDRESS         REF BY
           =====                   =======         ======
           adp_pib                 00000263 
    -------------------------------------------------------------------------
XDATA_Z
  Relative segment, address: XDATA 00000266 - 00000269 (0x4 bytes), align: 0
  Segment part 12.            Intra module refs:   adpFSM
           LOCAL                   ADDRESS         
           =====                   =======         
           adp_utility_timer       00000266 
    -------------------------------------------------------------------------
XDATA_Z
  Relative segment, address: XDATA 0000026A - 0000026A (0x1 bytes), align: 0
  Segment part 13.            Intra module refs:   adpFSM
           LOCAL                   ADDRESS         
           =====                   =======         
           adp_retries             0000026A 
    -------------------------------------------------------------------------
XDATA_Z
  Relative segment, address: XDATA 0000026B - 0000027E (0x14 bytes), align: 0
  Segment part 14.            Intra module refs:   adpFSM
                                                   adpFmtCompHeader
                                                   adpTxCompData
                                                   adpTxData
           ENTRY                   ADDRESS         REF BY
           =====                   =======         ======
           a_adp_tx_data           0000026B        nwkFindDstDLLAddr (nwk)
    -------------------------------------------------------------------------
<BANKED_CODE> 1 (was BANKED_CODE)
  Relative segment, address: CODE 00006157 - 0000617F (0x29 bytes), align: 0
  Segment part 35.            Intra module refs:   adpInit::?relay
           ENTRY                   ADDRESS         REF BY
           =====                   =======         ======
           adpInit                 00006157 
               ISTACK = 00000000 ( 00000002 )
    -------------------------------------------------------------------------
<BANKED_CODE> 1 (was BANKED_CODE)
  Relative segment, address: CODE 00006180 - 0000644A (0x2cb bytes), align: 0
  Segment part 37.            Intra module refs:   adpFSM::?relay
           ENTRY                   ADDRESS         REF BY
           =====                   =======         ======
           adpFSM                  00006180 
               calls direct
               XSTACK = 00000000 ( 00000010 )
    -------------------------------------------------------------------------
CODE_C
  Relative segment, address: CODE 00000D77 - 00000D8F (0x19 bytes), align: 0
  Segment part 15.            Intra module refs:   adpFSM
           LOCAL                   ADDRESS         
           =====                   =======         
           adpFSM{1}{4}{9}{10}::xxxxromstr
                                   00000D77 
    -------------------------------------------------------------------------
CODE_C
  Relative segment, address: CODE 00000D90 - 00000DA1 (0x12 bytes), align: 0
  Segment part 16.            Intra module refs:   adpFSM
           LOCAL                   ADDRESS         
           =====                   =======         
           adpFSM{1}{19}{20}::xxxxromstr
                                   00000D90 
    -------------------------------------------------------------------------
CODE_C
  Relative segment, address: CODE 00000DA2 - 00000DB9 (0x18 bytes), align: 0
  Segment part 17.            Intra module refs:   adpFSM
           LOCAL                   ADDRESS         
           =====                   =======         
           adpFSM{1}{21}{23}{24}{25}::xxxxromstr
                                   00000DA2 
    -------------------------------------------------------------------------
CODE_C
  Relative segment, address: CODE 00000DBA - 00000DCB (0x12 bytes), align: 0
  Segment part 18.            Intra module refs:   adpFSM
           LOCAL                   ADDRESS         
           =====                   =======         
           adpFSM{1}{21}{23}{26}{27}::xxxxromstr
                                   00000DBA 
    -------------------------------------------------------------------------
<BANKED_CODE> 1 (was BANKED_CODE)
  Relative segment, address: CODE 0000644B - 00006621 (0x1d7 bytes), align: 0
  Segment part 39.            Intra module refs:   adpTxData::?relay
           ENTRY                   ADDRESS         REF BY
           =====                   =======         ======
           adpTxData               0000644B 
               calls direct
               XSTACK = 00000010 ( 00000000 )
               ISTACK = 00000000 ( 00000003 )
    -------------------------------------------------------------------------
CODE_C
  Relative segment, address: CODE 00000DCC - 00000DF6 (0x2b bytes), align: 0
  Segment part 19.            Intra module refs:   adpTxData
           LOCAL                   ADDRESS         
           =====                   =======         
           adpTxData{2}{3}::xxxxromstr
                                   00000DCC 
    -------------------------------------------------------------------------
<BANKED_CODE> 1 (was BANKED_CODE)
  Relative segment, address: CODE 00006622 - 00006708 (0xe7 bytes), align: 0
  Segment part 41.            Intra module refs:   adpRxFSM::?relay
           LOCAL                   ADDRESS         
           =====                   =======         
           adpRxFSM                00006622 
               calls direct
               XSTACK = 00000010 ( 00000000 )
               ISTACK = 00000000 ( 00000002 )
    -------------------------------------------------------------------------
CODE_C
  Relative segment, address: CODE 00000DF7 - 00000E3F (0x49 bytes), align: 0
  Segment part 20.            Intra module refs:   adpRxFSM
           LOCAL                   ADDRESS         
           =====                   =======         
           adpRxFSM{1}{4}{5}::xxxxromstr
                                   00000DF7 
    -------------------------------------------------------------------------
CODE_C
  Relative segment, address: CODE 00000E40 - 00000E73 (0x34 bytes), align: 0
  Segment part 21.            Intra module refs:   adpRxFSM
           LOCAL                   ADDRESS         
           =====                   =======         
           adpRxFSM{1}{10}::xxxxromstr
                                   00000E40 
    -------------------------------------------------------------------------
<BANKED_CODE> 1 (was BANKED_CODE)
  Relative segment, address: CODE 00006709 - 0000671F (0x17 bytes), align: 0
  Segment part 43.            Intra module refs:   adpRxBusy::?relay
           ENTRY                   ADDRESS         REF BY
           =====                   =======         ======
           adpRxBusy               00006709 
               ISTACK = 00000000 ( 00000002 )
    -------------------------------------------------------------------------
<BANKED_CODE> 1 (was BANKED_CODE)
  Relative segment, address: CODE 00006720 - 00006762 (0x43 bytes), align: 0
  Segment part 45.            Intra module refs:   adpRxHandoff::?relay
           ENTRY                   ADDRESS         REF BY
           =====                   =======         ======
           adpRxHandoff            00006720 
               ISTACK = 00000000 ( 00000002 )
    -------------------------------------------------------------------------
<BANKED_CODE> 1 (was BANKED_CODE)
  Relative segment, address: CODE 00006763 - 000067D7 (0x75 bytes), align: 0
  Segment part 47.            Intra module refs:   adpParseHdr::?relay
           LOCAL                   ADDRESS         
           =====                   =======         
           adpParseHdr             00006763 
               ISTACK = 00000000 ( 00000002 )
    -------------------------------------------------------------------------
<BANKED_CODE> 1 (was BANKED_CODE)
  Relative segment, address: CODE 000067D8 - 00006B72 (0x39b bytes), align: 0
  Segment part 53.            Intra module refs:   adpParseCompHdr::?relay
           ENTRY                   ADDRESS         REF BY
           =====                   =======         ======
           adpParseCompHdr         000067D8 
               calls direct
               XSTACK = 00000000 ( 0000000F )
               ISTACK = 00000000 ( 00000001 )
    -------------------------------------------------------------------------
CODE_C
  Relative segment, address: CODE 00000E74 - 00000E9C (0x29 bytes), align: 0
  Segment part 24.            Intra module refs:   adpParseCompHdr
           LOCAL                   ADDRESS         
           =====                   =======         
           adpParseCompHdr{1}{3}::xxxxromstr
                                   00000E74 
    -------------------------------------------------------------------------
CODE_C
  Relative segment, address: CODE 00000E9D - 00000EBC (0x20 bytes), align: 0
  Segment part 25.            Intra module refs:   adpParseCompHdr
           LOCAL                   ADDRESS         
           =====                   =======         
           adpParseCompHdr{1}{5}::xxxxromstr
                                   00000E9D 
    -------------------------------------------------------------------------
CODE_C
  Relative segment, address: CODE 00000EBD - 00000ED5 (0x19 bytes), align: 0
  Segment part 26.            Intra module refs:   adpParseCompHdr
           LOCAL                   ADDRESS         
           =====                   =======         
           adpParseCompHdr{1}{27}{28}::xxxxromstr
                                   00000EBD 
    -------------------------------------------------------------------------
CODE_C
  Relative segment, address: CODE 00000ED6 - 00000F09 (0x34 bytes), align: 0
  Segment part 27.            Intra module refs:   adpParseCompHdr
           LOCAL                   ADDRESS         
           =====                   =======         
           adpParseCompHdr{1}{30}::xxxxromstr
                                   00000ED6 
    -------------------------------------------------------------------------
<BANKED_CODE> 1 (was BANKED_CODE)
  Relative segment, address: CODE 00006B73 - 00006C56 (0xe4 bytes), align: 0
  Segment part 55.            Intra module refs:   adpFmtCompHeader::?relay
           ENTRY                   ADDRESS         REF BY
           =====                   =======         ======
           adpFmtCompHeader        00006B73 
               calls direct
               XSTACK = 00000010 ( 0000000C )
               ISTACK = 00000000 ( 00000002 )
    -------------------------------------------------------------------------
CODE_C
  Relative segment, address: CODE 00000F0A - 00000F22 (0x19 bytes), align: 0
  Segment part 28.            Intra module refs:   adpFmtCompHeader
           LOCAL                   ADDRESS         
           =====                   =======         
           adpFmtCompHeader{1}::xxxxromstr
                                   00000F0A 
    -------------------------------------------------------------------------
<BANKED_CODE> 1 (was BANKED_CODE)
  Relative segment, address: CODE 00006C57 - 00006F9A (0x344 bytes), align: 0
  Segment part 57.            Intra module refs:   adpTxCompData::?relay
           ENTRY                   ADDRESS         REF BY
           =====                   =======         ======
           adpTxCompData           00006C57 
               XSTACK = 00000010 ( 0000000C )
               ISTACK = 00000000 ( 00000001 )
    -------------------------------------------------------------------------
XDATA_I
  Relative segment, address: XDATA 00000F55 - 00000F58 (0x4 bytes), align: 0
  Segment part 29.            Intra module refs:   NodeAction (test_demo)
                                                   adpFSM
                                                   apsFSM (aps)
                                                   apsTxFSM (aps)
                                                   doIEEE_backoff (halStack)
                                                   halSleep (halStack)
                                                   macFSM (mac)
                                                   macTxFSM (mac)
                                                   main (test_demo)
                                                   nwkFSM (nwk)
                                                   phyFSM (phy)
           ENTRY                   ADDRESS         REF BY
           =====                   =======         ======
           __Constant_ffffff       00000F55 
    -------------------------------------------------------------------------
XDATA_ID
  Relative segment, address: CODE 0000013F - 00000142 (0x4 bytes), align: 0
  Segment part 30.            Intra module refs:   __Constant_ffffff
    -------------------------------------------------------------------------
XDATA_I
  Relative segment, address: XDATA 00000F59 - 00000F5C (0x4 bytes), align: 0
  Segment part 31.            Intra module refs:   adpFSM
                                                   macFSM (mac)
           ENTRY                   ADDRESS         REF BY
           =====                   =======         ======
           __Constant_3071         00000F59 
    -------------------------------------------------------------------------
XDATA_ID
  Relative segment, address: CODE 00000143 - 00000146 (0x4 bytes), align: 0
  Segment part 32.            Intra module refs:   __Constant_3071
    -------------------------------------------------------------------------
XDATA_I
  Relative segment, address: XDATA 00000F5D - 00000F60 (0x4 bytes), align: 0
  Segment part 33.            Intra module refs:   adpFmtCompHeader
                                                   adpParseCompHdr
                                                   apsTxData (aps)
                                                   doIEEE_backoff (halStack)
                                                   ds6Init (ds)
                                                   ds6LocalIPFrom16 (ds)
                                                   halWait (halStack)
                                                   icmpCommonFmt (icmpv6)
                                                   lowsn_ds6_prefix_add (ds)
                                                   lowsn_ds6_uaddr_add (ds)
                                                   macInit (mac)
                                                   main (test_demo)
                                                   ndFmtRS (nd)
                                                   ndParseRA (nd)
           ENTRY                   ADDRESS         REF BY
           =====                   =======         ======
           __Constant_0            00000F5D 
    -------------------------------------------------------------------------
XDATA_ID
  Relative segment, address: CODE 00000147 - 0000014A (0x4 bytes), align: 0
  Segment part 34.            Intra module refs:   __Constant_0
    -------------------------------------------------------------------------
BANK_RELAYS
  Relative segment, address: CODE 000001A3 - 000001A8 (0x6 bytes), align: 0
  Segment part 36.
           ENTRY                   ADDRESS         REF BY
           =====                   =======         ======
           adpInit::?relay         000001A3        apsInit (aps)
    -------------------------------------------------------------------------
BANK_RELAYS
  Relative segment, address: CODE 000001A9 - 000001AE (0x6 bytes), align: 0
  Segment part 38.
           ENTRY                   ADDRESS         REF BY
           =====                   =======         ======
           adpFSM::?relay          000001A9        nwkFSM (nwk)
                                                   nwkTxData (nwk)
    -------------------------------------------------------------------------
BANK_RELAYS
  Relative segment, address: CODE 000001AF - 000001B4 (0x6 bytes), align: 0
  Segment part 40.            Intra module refs:   adpFSM
           ENTRY                   ADDRESS         REF BY
           =====                   =======         ======
           adpTxData::?relay       000001AF 
    -------------------------------------------------------------------------
BANK_RELAYS
  Relative segment, address: CODE 000001B5 - 000001BA (0x6 bytes), align: 0
  Segment part 42.            Intra module refs:   adpFSM
           LOCAL                   ADDRESS         
           =====                   =======         
           adpRxFSM::?relay        000001B5 
    -------------------------------------------------------------------------
BANK_RELAYS
  Relative segment, address: CODE 000001BB - 000001C0 (0x6 bytes), align: 0
  Segment part 44.
           ENTRY                   ADDRESS         REF BY
           =====                   =======         ======
           adpRxBusy::?relay       000001BB        macRxFSM (mac)
    -------------------------------------------------------------------------
BANK_RELAYS
  Relative segment, address: CODE 000001C1 - 000001C6 (0x6 bytes), align: 0
  Segment part 46.
           ENTRY                   ADDRESS         REF BY
           =====                   =======         ======
           adpRxHandoff::?relay    000001C1        macRxFSM (mac)
    -------------------------------------------------------------------------
BANK_RELAYS
  Relative segment, address: CODE 000001C7 - 000001CC (0x6 bytes), align: 0
  Segment part 48.            Intra module refs:   adpRxFSM
           LOCAL                   ADDRESS         
           =====                   =======         
           adpParseHdr::?relay     000001C7 
    -------------------------------------------------------------------------
BANK_RELAYS
  Relative segment, address: CODE 000001CD - 000001D2 (0x6 bytes), align: 0
  Segment part 54.            Intra module refs:   adpRxFSM
           ENTRY                   ADDRESS         REF BY
           =====                   =======         ======
           adpParseCompHdr::?relay
                                   000001CD 
    -------------------------------------------------------------------------
BANK_RELAYS
  Relative segment, address: CODE 000001D3 - 000001D8 (0x6 bytes), align: 0
  Segment part 56.            Intra module refs:   adpFSM
           ENTRY                   ADDRESS         REF BY
           =====                   =======         ======
           adpFmtCompHeader::?relay
                                   000001D3 
    -------------------------------------------------------------------------
BANK_RELAYS
  Relative segment, address: CODE 000001D9 - 000001DE (0x6 bytes), align: 0
  Segment part 58.            Intra module refs:   adpFSM
           ENTRY                   ADDRESS         REF BY
           =====                   =======         ======
           adpTxCompData::?relay   000001D9 

    *************************************************************************

  FILE NAME : F:\6LoWSN\6lowsn_stack\obj\compiletest\iar51_cc2530\rfd\Obj\aps.r51
  PROGRAM MODULE, NAME : aps

  SEGMENTS IN THE MODULE
  ======================
SFR_AN
  Relative segment, address: DATA 000000A8 - 000000A8 (0x1 bytes), align: 0
  Segment part 1. ROOT.       Intra module refs:   MemAlloc (memalloc)
                                                   MemFree (memalloc)
                                                   halGetMACTimer (halStack)
                                                   halInitMACTimer (halStack)
                                                   halInitRadio (halStack)
                                                   halInitUart (halStack)
                                                   halSetRadioIEEEFrequency (halStack)
                                                   halSleep (halStack)
                                                   hal_Timer2_Isr (halStack)
                                                   hal_Uart0_RxIsr (halStack)
                                                   hal_rf_Isr (halStack)
                                                   hal_rferr_Isr (halStack)
                                                   main (test_demo)
           ENTRY                   ADDRESS         REF BY
           =====                   =======         ======
           _A_IEN0                 000000A8 
    -------------------------------------------------------------------------
XDATA_Z
  Relative segment, address: XDATA 0000027F - 00000292 (0x14 bytes), align: 0
  Segment part 7.             Intra module refs:   aplFmtSendCSData
                                                   aplFmtSendPublishData
                                                   aplFmtSendReportData
                                                   apsFSM
                                                   apsInit
                                                   apsRxFSM
                                                   apsTxData
                                                   apsTxFSM
           ENTRY                   ADDRESS         REF BY
           =====                   =======         ======
           aps_pib                 0000027F        NodeAction (test_demo)
                                                   mpCommonFmt (mp)
                                                   mpRspCommonFmt (mp)
    -------------------------------------------------------------------------
XDATA_Z
  Relative segment, address: XDATA 00000293 - 000002A6 (0x14 bytes), align: 0
  Segment part 8.             Intra module refs:   aplFmtSendCSData
                                                   aplFmtSendPublishData
                                                   aplFmtSendReportData
                                                   apsFSM
           ENTRY                   ADDRESS         REF BY
           =====                   =======         ======
           a_aps_service           00000293        NodeAction (test_demo)
                                                   main (test_demo)
    -------------------------------------------------------------------------
XDATA_Z
  Relative segment, address: XDATA 000002A7 - 000002A7 (0x1 bytes), align: 0
  Segment part 9.             Intra module refs:   aplFmtSendCSData
                                                   aplFmtSendPublishData
                                                   aplFmtSendReportData
                                                   apsFSM
                                                   apsInit
           ENTRY                   ADDRESS         REF BY
           =====                   =======         ======
           apsState                000002A7        NodeAction (test_demo)
                                                   main (test_demo)
    -------------------------------------------------------------------------
XDATA_Z
  Relative segment, address: XDATA 000002A8 - 000002E5 (0x3e bytes), align: 0
  Segment part 11.            Intra module refs:   aplFmtSendCSData
                                                   aplFmtSendPublishData
                                                   aplFmtSendReportData
                                                   apsCheckAck
                                                   apsCheckCsResponse
                                                   apsFSM
                                                   apsFormatAck
                                                   apsTxData
                                                   apsTxFSM
           ENTRY                   ADDRESS         REF BY
           =====                   =======         ======
           a_aps_tx_data           000002A8        mpCommonFmt (mp)
                                                   mpRspCommonFmt (mp)
    -------------------------------------------------------------------------
XDATA_Z
  Relative segment, address: XDATA 000002E6 - 00000337 (0x52 bytes), align: 0
  Segment part 12.            Intra module refs:   apsCheckAck
                                                   apsCheckCsResponse
                                                   apsFSM
                                                   apsFormatAck
                                                   apsParseHdr
                                                   apsRxFSM
                                                   apsRxHandoff
           ENTRY                   ADDRESS         REF BY
           =====                   =======         ======
           a_aps_rx_data           000002E6        mpExecuteCheck (mp)
                                                   mpFmtReadResponse (mp)
                                                   mpHandleRxReport (mp)
                                                   mpReadCheck (mp)
                                                   mpRspCommonFmt (mp)
                                                   mpWriteCheck (mp)
                                                   usrRxPacketCallback (test_demo)
    -------------------------------------------------------------------------
XDATA_Z
  Relative segment, address: XDATA 00000338 - 0000033B (0x4 bytes), align: 0
  Segment part 14.            Intra module refs:   apsFSM
           LOCAL                   ADDRESS         
           =====                   =======         
           aps_utility_timer       00000338 
    -------------------------------------------------------------------------
XDATA_Z
  Relative segment, address: XDATA 0000033C - 0000033C (0x1 bytes), align: 0
  Segment part 15.            Intra module refs:   apsInit
                                                   apsRxBusy
                                                   apsRxFSM
                                                   apsRxHandoff
           LOCAL                   ADDRESS         
           =====                   =======         
           apsRxState              0000033C 
    -------------------------------------------------------------------------
XDATA_Z
  Relative segment, address: XDATA 0000033D - 0000033D (0x1 bytes), align: 0
  Segment part 16.            Intra module refs:   apsFSM
                                                   apsTxData
                                                   apsTxFSM
           LOCAL                   ADDRESS         
           =====                   =======         
           apsTxFSM_status         0000033D 
    -------------------------------------------------------------------------
<BANKED_CODE> 1 (was BANKED_CODE)
  Relative segment, address: CODE 00003D71 - 00003DD7 (0x67 bytes), align: 0
  Segment part 51.            Intra module refs:   apsInit::?relay
           ENTRY                   ADDRESS         REF BY
           =====                   =======         ======
           apsInit                 00003D71 
               calls direct
               XSTACK = 00000000 ( 0000000C )
    -------------------------------------------------------------------------
<BANKED_CODE> 1 (was BANKED_CODE)
  Relative segment, address: CODE 00003DD8 - 00003EBD (0xe6 bytes), align: 0
  Segment part 53.            Intra module refs:   aplFmtSendPublishData::?relay
           ENTRY                   ADDRESS         REF BY
           =====                   =======         ======
           aplFmtSendPublishData   00003DD8 
               calls direct
               XSTACK = 00000016 ( 00000011 )
    -------------------------------------------------------------------------
<BANKED_CODE> 1 (was BANKED_CODE)
  Relative segment, address: CODE 00003EBE - 00003FA3 (0xe6 bytes), align: 0
  Segment part 55.            Intra module refs:   aplFmtSendReportData::?relay
           ENTRY                   ADDRESS         REF BY
           =====                   =======         ======
           aplFmtSendReportData    00003EBE 
               calls direct
               XSTACK = 00000016 ( 00000011 )
    -------------------------------------------------------------------------
<BANKED_CODE> 1 (was BANKED_CODE)
  Relative segment, address: CODE 00003FA4 - 000040D2 (0x12f bytes), align: 0
  Segment part 57.            Intra module refs:   aplFmtSendCSData::?relay
           ENTRY                   ADDRESS         REF BY
           =====                   =======         ======
           aplFmtSendCSData        00003FA4 
               calls direct
               XSTACK = 00000018 ( 00000013 )
    -------------------------------------------------------------------------
<BANKED_CODE> 1 (was BANKED_CODE)
  Relative segment, address: CODE 000040D3 - 000045BE (0x4ec bytes), align: 0
  Segment part 59.            Intra module refs:   apsFSM::?relay
           ENTRY                   ADDRESS         REF BY
           =====                   =======         ======
           apsFSM                  000040D3 
               calls direct
               XSTACK = 00000013 ( 00000020 )
    -------------------------------------------------------------------------
CODE_C
  Relative segment, address: CODE 00000F23 - 00000F3E (0x1c bytes), align: 0
  Segment part 17.            Intra module refs:   apsFSM
           LOCAL                   ADDRESS         
           =====                   =======         
           apsFSM{1}{4}{5}{7}{9}{10}::xxxxromstr
                                   00000F23 
    -------------------------------------------------------------------------
CODE_C
  Relative segment, address: CODE 00000F3F - 00000F5B (0x1d bytes), align: 0
  Segment part 18.            Intra module refs:   apsFSM
           LOCAL                   ADDRESS         
           =====                   =======         
           apsFSM{1}{4}{5}{11}{13}{14}::xxxxromstr
                                   00000F3F 
    -------------------------------------------------------------------------
CODE_C
  Relative segment, address: CODE 00000F5C - 00000F7A (0x1f bytes), align: 0
  Segment part 19.            Intra module refs:   apsFSM
           LOCAL                   ADDRESS         
           =====                   =======         
           apsFSM{1}{4}{5}{15}{17}{18}::xxxxromstr
                                   00000F5C 
    -------------------------------------------------------------------------
CODE_C
  Relative segment, address: CODE 00000F7B - 00000F9A (0x20 bytes), align: 0
  Segment part 20.            Intra module refs:   apsFSM
           LOCAL                   ADDRESS         
           =====                   =======         
           apsFSM{1}{4}{5}{19}{20}::xxxxromstr
                                   00000F7B 
    -------------------------------------------------------------------------
CODE_C
  Relative segment, address: CODE 00000F9B - 00000FB4 (0x1a bytes), align: 0
  Segment part 21.            Intra module refs:   apsFSM
           LOCAL                   ADDRESS         
           =====                   =======         
           apsFSM{1}{45}::xxxxromstr
                                   00000F9B 
    -------------------------------------------------------------------------
CODE_C
  Relative segment, address: CODE 00000FB5 - 00000FCF (0x1b bytes), align: 0
  Segment part 22.            Intra module refs:   apsFSM
           LOCAL                   ADDRESS         
           =====                   =======         
           apsFSM{1}{47}::xxxxromstr
                                   00000FB5 
    -------------------------------------------------------------------------
CODE_C
  Relative segment, address: CODE 00000FD0 - 00000FEC (0x1d bytes), align: 0
  Segment part 23.            Intra module refs:   apsFSM
           LOCAL                   ADDRESS         
           =====                   =======         
           apsFSM{1}{49}::xxxxromstr
                                   00000FD0 
    -------------------------------------------------------------------------
CODE_C
  Relative segment, address: CODE 00000FED - 00001016 (0x2a bytes), align: 0
  Segment part 24.            Intra module refs:   apsFSM
           LOCAL                   ADDRESS         
           =====                   =======         
           apsFSM{1}{54}{55}::xxxxromstr
                                   00000FED 
    -------------------------------------------------------------------------
<BANKED_CODE> 1 (was BANKED_CODE)
  Relative segment, address: CODE 000045BF - 000049A6 (0x3e8 bytes), align: 0
  Segment part 61.            Intra module refs:   apsTxData::?relay
           ENTRY                   ADDRESS         REF BY
           =====                   =======         ======
           apsTxData               000045BF 
               calls direct
               XSTACK = 00000010 ( 0000000C )
               ISTACK = 00000000 ( 00000001 )
    -------------------------------------------------------------------------
<BANKED_CODE> 1 (was BANKED_CODE)
  Relative segment, address: CODE 000049A7 - 00004BC0 (0x21a bytes), align: 0
  Segment part 63.            Intra module refs:   apsRxFSM::?relay
           LOCAL                   ADDRESS         
           =====                   =======         
           apsRxFSM                000049A7 
               calls direct
               XSTACK = 00000010 ( 00000009 )
    -------------------------------------------------------------------------
CODE_C
  Relative segment, address: CODE 00001017 - 00001041 (0x2b bytes), align: 0
  Segment part 25.            Intra module refs:   apsRxFSM
           LOCAL                   ADDRESS         
           =====                   =======         
           apsRxFSM{1}{4}{5}{6}::xxxxromstr
                                   00001017 
    -------------------------------------------------------------------------
CODE_C
  Relative segment, address: CODE 00001042 - 00001058 (0x17 bytes), align: 0
  Segment part 26.            Intra module refs:   apsRxFSM
           LOCAL                   ADDRESS         
           =====                   =======         
           apsRxFSM{1}{4}{7}{8}{9}::xxxxromstr
                                   00001042 
    -------------------------------------------------------------------------
CODE_C
  Relative segment, address: CODE 00001059 - 00001084 (0x2c bytes), align: 0
  Segment part 27.            Intra module refs:   apsRxFSM
           LOCAL                   ADDRESS         
           =====                   =======         
           apsRxFSM{1}{4}{7}{10}{11}::xxxxromstr
                                   00001059 
    -------------------------------------------------------------------------
CODE_C
  Relative segment, address: CODE 00001085 - 000010AB (0x27 bytes), align: 0
  Segment part 28.            Intra module refs:   apsRxFSM
           LOCAL                   ADDRESS         
           =====                   =======         
           apsRxFSM{1}{12}{13}{14}{15}::xxxxromstr
                                   00001085 
    -------------------------------------------------------------------------
CODE_C
  Relative segment, address: CODE 000010AC - 000010E8 (0x3d bytes), align: 0
  Segment part 29.            Intra module refs:   apsRxFSM
           LOCAL                   ADDRESS         
           =====                   =======         
           apsRxFSM{1}{12}{13}{16}{17}::xxxxromstr
                                   000010AC 
    -------------------------------------------------------------------------
CODE_C
  Relative segment, address: CODE 000010E9 - 0000112E (0x46 bytes), align: 0
  Segment part 30.            Intra module refs:   apsRxFSM
           LOCAL                   ADDRESS         
           =====                   =======         
           apsRxFSM{1}{12}{18}{19}::xxxxromstr
                                   000010E9 
    -------------------------------------------------------------------------
CODE_C
  Relative segment, address: CODE 0000112F - 00001147 (0x19 bytes), align: 0
  Segment part 31.            Intra module refs:   apsRxFSM
           LOCAL                   ADDRESS         
           =====                   =======         
           apsRxFSM{1}{20}{21}::xxxxromstr
                                   0000112F 
    -------------------------------------------------------------------------
CODE_C
  Relative segment, address: CODE 00001148 - 00001170 (0x29 bytes), align: 0
  Segment part 32.            Intra module refs:   apsRxFSM
           LOCAL                   ADDRESS         
           =====                   =======         
           apsRxFSM{1}{20}{23}{25}{26}::xxxxromstr
                                   00001148 
    -------------------------------------------------------------------------
CODE_C
  Relative segment, address: CODE 00001171 - 00001189 (0x19 bytes), align: 0
  Segment part 33.            Intra module refs:   apsRxFSM
           LOCAL                   ADDRESS         
           =====                   =======         
           apsRxFSM{1}{20}{27}{28}::xxxxromstr
                                   00001171 
    -------------------------------------------------------------------------
<BANKED_CODE> 1 (was BANKED_CODE)
  Relative segment, address: CODE 00004BC1 - 00004C01 (0x41 bytes), align: 0
  Segment part 65.            Intra module refs:   apsCheckAck::?relay
           LOCAL                   ADDRESS         
           =====                   =======         
           apsCheckAck             00004BC1 
               XSTACK = 00000009 ( 00000000 )
               ISTACK = 00000000 ( 00000002 )
    -------------------------------------------------------------------------
<BANKED_CODE> 1 (was BANKED_CODE)
  Relative segment, address: CODE 00004C02 - 00004C1E (0x1d bytes), align: 0
  Segment part 67.            Intra module refs:   apsCheckCsResponse::?relay
           LOCAL                   ADDRESS         
           =====                   =======         
           apsCheckCsResponse      00004C02 
               XSTACK = 00000009 ( 00000000 )
               ISTACK = 00000000 ( 00000002 )
    -------------------------------------------------------------------------
<BANKED_CODE> 1 (was BANKED_CODE)
  Relative segment, address: CODE 00004C1F - 00004C35 (0x17 bytes), align: 0
  Segment part 69.            Intra module refs:   apsRxBusy::?relay
           ENTRY                   ADDRESS         REF BY
           =====                   =======         ======
           apsRxBusy               00004C1F 
               ISTACK = 00000000 ( 00000002 )
    -------------------------------------------------------------------------
<BANKED_CODE> 1 (was BANKED_CODE)
  Relative segment, address: CODE 00004C36 - 00004CBD (0x88 bytes), align: 0
  Segment part 71.            Intra module refs:   apsRxHandoff::?relay
           ENTRY                   ADDRESS         REF BY
           =====                   =======         ======
           apsRxHandoff            00004C36 
               ISTACK = 00000000 ( 00000002 )
    -------------------------------------------------------------------------
<BANKED_CODE> 1 (was BANKED_CODE)
  Relative segment, address: CODE 00004CBE - 00004DED (0x130 bytes), align: 0
  Segment part 73.            Intra module refs:   apsParseHdr::?relay
           LOCAL                   ADDRESS         
           =====                   =======         
           apsParseHdr             00004CBE 
               XSTACK = 00000009 ( 00000000 )
               ISTACK = 00000000 ( 00000002 )
    -------------------------------------------------------------------------
<BANKED_CODE> 1 (was BANKED_CODE)
  Relative segment, address: CODE 00004DEE - 00004E77 (0x8a bytes), align: 0
  Segment part 75.            Intra module refs:   apsFormatAck::?relay
           LOCAL                   ADDRESS         
           =====                   =======         
           apsFormatAck            00004DEE 
               calls direct
               XSTACK = 00000010 ( 00000000 )
               ISTACK = 00000000 ( 00000002 )
    -------------------------------------------------------------------------
CODE_C
  Relative segment, address: CODE 0000118A - 0000119C (0x13 bytes), align: 0
  Segment part 34.            Intra module refs:   apsFormatAck
           LOCAL                   ADDRESS         
           =====                   =======         
           apsFormatAck{1}::xxxxromstr
                                   0000118A 
    -------------------------------------------------------------------------
<BANKED_CODE> 1 (was BANKED_CODE)
  Relative segment, address: CODE 00004E78 - 00004FF5 (0x17e bytes), align: 0
  Segment part 77.            Intra module refs:   apsTxFSM::?relay
           LOCAL                   ADDRESS         
           =====                   =======         
           apsTxFSM                00004E78 
               calls direct
               XSTACK = 00000010 ( 0000000C )
               ISTACK = 00000000 ( 00000002 )
    -------------------------------------------------------------------------
CODE_C
  Relative segment, address: CODE 0000119D - 000011AB (0xf bytes), align: 0
  Segment part 35.            Intra module refs:   apsTxFSM
           LOCAL                   ADDRESS         
           =====                   =======         
           apsTxFSM{1}{2}{5}{7}{8}::xxxxromstr
                                   0000119D 
    -------------------------------------------------------------------------
CODE_C
  Relative segment, address: CODE 000011AC - 000011C2 (0x17 bytes), align: 0
  Segment part 36.            Intra module refs:   apsTxFSM
           LOCAL                   ADDRESS         
           =====                   =======         
           apsTxFSM{1}{2}{5}{7}{9}{10}::xxxxromstr
                                   000011AC 
    -------------------------------------------------------------------------
XDATA_I
  Relative segment, address: XDATA 00000F61 - 00000F64 (0x4 bytes), align: 0
  Segment part 37.            Intra module refs:   apsInit
           ENTRY                   ADDRESS         REF BY
           =====                   =======         ======
           __Constant_3070         00000F61 
    -------------------------------------------------------------------------
XDATA_ID
  Relative segment, address: CODE 0000014B - 0000014E (0x4 bytes), align: 0
  Segment part 38.            Intra module refs:   __Constant_3070
    -------------------------------------------------------------------------
XDATA_I
  Relative segment, address: XDATA 00000F65 - 00000F68 (0x4 bytes), align: 0
  Segment part 41.            Intra module refs:   apsFSM
           ENTRY                   ADDRESS         REF BY
           =====                   =======         ======
           __Constant_2d691        00000F65 
    -------------------------------------------------------------------------
XDATA_ID
  Relative segment, address: CODE 0000014F - 00000152 (0x4 bytes), align: 0
  Segment part 42.            Intra module refs:   __Constant_2d691
    -------------------------------------------------------------------------
BANK_RELAYS
  Relative segment, address: CODE 000001DF - 000001E4 (0x6 bytes), align: 0
  Segment part 52.
           ENTRY                   ADDRESS         REF BY
           =====                   =======         ======
           apsInit::?relay         000001DF        main (test_demo)
    -------------------------------------------------------------------------
BANK_RELAYS
  Relative segment, address: CODE 000001E5 - 000001EA (0x6 bytes), align: 0
  Segment part 54.
           ENTRY                   ADDRESS         REF BY
           =====                   =======         ======
           aplFmtSendPublishData::?relay
                                   000001E5        NodeAction (test_demo)
    -------------------------------------------------------------------------
BANK_RELAYS
  Relative segment, address: CODE 000001EB - 000001F0 (0x6 bytes), align: 0
  Segment part 56.
           ENTRY                   ADDRESS         REF BY
           =====                   =======         ======
           aplFmtSendReportData::?relay
                                   000001EB        NodeAction (test_demo)
    -------------------------------------------------------------------------
BANK_RELAYS
  Relative segment, address: CODE 000001F1 - 000001F6 (0x6 bytes), align: 0
  Segment part 58.
           ENTRY                   ADDRESS         REF BY
           =====                   =======         ======
           aplFmtSendCSData::?relay
                                   000001F1        NodeAction (test_demo)
    -------------------------------------------------------------------------
BANK_RELAYS
  Relative segment, address: CODE 000001F7 - 000001FC (0x6 bytes), align: 0
  Segment part 60.            Intra module refs:   aplFmtSendCSData
                                                   aplFmtSendPublishData
                                                   aplFmtSendReportData
           ENTRY                   ADDRESS         REF BY
           =====                   =======         ======
           apsFSM::?relay          000001F7        NodeAction (test_demo)
                                                   main (test_demo)
    -------------------------------------------------------------------------
BANK_RELAYS
  Relative segment, address: CODE 000001FD - 00000202 (0x6 bytes), align: 0
  Segment part 62.            Intra module refs:   apsFSM
                                                   apsTxFSM
           ENTRY                   ADDRESS         REF BY
           =====                   =======         ======
           apsTxData::?relay       000001FD 
    -------------------------------------------------------------------------
BANK_RELAYS
  Relative segment, address: CODE 00000203 - 00000208 (0x6 bytes), align: 0
  Segment part 64.            Intra module refs:   apsFSM
           LOCAL                   ADDRESS         
           =====                   =======         
           apsRxFSM::?relay        00000203 
    -------------------------------------------------------------------------
BANK_RELAYS
  Relative segment, address: CODE 00000209 - 0000020E (0x6 bytes), align: 0
  Segment part 66.            Intra module refs:   apsRxFSM
           LOCAL                   ADDRESS         
           =====                   =======         
           apsCheckAck::?relay     00000209 
    -------------------------------------------------------------------------
BANK_RELAYS
  Relative segment, address: CODE 0000020F - 00000214 (0x6 bytes), align: 0
  Segment part 68.            Intra module refs:   apsRxFSM
           LOCAL                   ADDRESS         
           =====                   =======         
           apsCheckCsResponse::?relay
                                   0000020F 
    -------------------------------------------------------------------------
BANK_RELAYS
  Relative segment, address: CODE 00000215 - 0000021A (0x6 bytes), align: 0
  Segment part 70.
           ENTRY                   ADDRESS         REF BY
           =====                   =======         ======
           apsRxBusy::?relay       00000215        nwkRxFSM (nwk)
    -------------------------------------------------------------------------
BANK_RELAYS
  Relative segment, address: CODE 0000021B - 00000220 (0x6 bytes), align: 0
  Segment part 72.
           ENTRY                   ADDRESS         REF BY
           =====                   =======         ======
           apsRxHandoff::?relay    0000021B        nwkRxFSM (nwk)
    -------------------------------------------------------------------------
BANK_RELAYS
  Relative segment, address: CODE 00000221 - 00000226 (0x6 bytes), align: 0
  Segment part 74.            Intra module refs:   apsRxFSM
           LOCAL                   ADDRESS         
           =====                   =======         
           apsParseHdr::?relay     00000221 
    -------------------------------------------------------------------------
BANK_RELAYS
  Relative segment, address: CODE 00000227 - 0000022C (0x6 bytes), align: 0
  Segment part 76.            Intra module refs:   apsFSM
           LOCAL                   ADDRESS         
           =====                   =======         
           apsFormatAck::?relay    00000227 
    -------------------------------------------------------------------------
BANK_RELAYS
  Relative segment, address: CODE 0000022D - 00000232 (0x6 bytes), align: 0
  Segment part 78.            Intra module refs:   apsFSM
           LOCAL                   ADDRESS         
           =====                   =======         
           apsTxFSM::?relay        0000022D 

    *************************************************************************

  FILE NAME : F:\6LoWSN\6lowsn_stack\obj\compiletest\iar51_cc2530\rfd\Obj\console.r51
  PROGRAM MODULE, NAME : console

  SEGMENTS IN THE MODULE
  ======================
<BANKED_CODE> 1 (was BANKED_CODE)
  Relative segment, address: CODE 0000A34A - 0000A383 (0x3a bytes), align: 0
  Segment part 25.            Intra module refs:   conPrintROMString_func::?relay
           ENTRY                   ADDRESS         REF BY
           =====                   =======         ======
           conPrintROMString_func
                                   0000A34A 
               calls direct
               XSTACK = 00000014 ( 00000009 )
    -------------------------------------------------------------------------
<BANKED_CODE> 1 (was BANKED_CODE)
  Relative segment, address: CODE 0000A384 - 0000A3C4 (0x41 bytes), align: 0
  Segment part 29.            Intra module refs:   conPrintUINT8_noleader::?relay
           ENTRY                   ADDRESS         REF BY
           =====                   =======         ======
           conPrintUINT8_noleader
                                   0000A384 
               calls direct
               XSTACK = 00000010 ( 00000009 )
    -------------------------------------------------------------------------
<BANKED_CODE> 1 (was BANKED_CODE)
  Relative segment, address: CODE 0000A3C5 - 0000A3D6 (0x12 bytes), align: 0
  Segment part 31.            Intra module refs:   conPCRLF::?relay
           ENTRY                   ADDRESS         REF BY
           =====                   =======         ======
           conPCRLF                0000A3C5 
               calls direct
               XSTACK = 00000014 ( 00000000 )
               ISTACK = 00000000 ( 00000002 )
    -------------------------------------------------------------------------
CODE_C
  Relative segment, address: CODE 000011C3 - 000011C4 (0x2 bytes), align: 0
  Segment part 6.             Intra module refs:   conPCRLF
           LOCAL                   ADDRESS         
           =====                   =======         
           conPCRLF{1}::xxxxromstr
                                   000011C3 
    -------------------------------------------------------------------------
<BANKED_CODE> 1 (was BANKED_CODE)
  Relative segment, address: CODE 0000A3D7 - 0000A3EE (0x18 bytes), align: 0
  Segment part 33.            Intra module refs:   conPrintUINT8::?relay
           ENTRY                   ADDRESS         REF BY
           =====                   =======         ======
           conPrintUINT8           0000A3D7 
               calls direct
               XSTACK = 00000014 ( 00000009 )
    -------------------------------------------------------------------------
CODE_C
  Relative segment, address: CODE 000011C5 - 000011C7 (0x3 bytes), align: 0
  Segment part 7.             Intra module refs:   conPrintUINT8
           LOCAL                   ADDRESS         
           =====                   =======         
           conPrintUINT8{1}::xxxxromstr
                                   000011C5 
    -------------------------------------------------------------------------
<BANKED_CODE> 1 (was BANKED_CODE)
  Relative segment, address: CODE 0000A3EF - 0000A40F (0x21 bytes), align: 0
  Segment part 35.            Intra module refs:   conPrintUINT16::?relay
           ENTRY                   ADDRESS         REF BY
           =====                   =======         ======
           conPrintUINT16          0000A3EF 
               calls direct
               XSTACK = 00000000 ( 00000009 )
    -------------------------------------------------------------------------
CODE_C
  Relative segment, address: CODE 000011C8 - 000011CA (0x3 bytes), align: 0
  Segment part 8.             Intra module refs:   conPrintUINT16
           LOCAL                   ADDRESS         
           =====                   =======         
           conPrintUINT16{1}::xxxxromstr
                                   000011C8 
    -------------------------------------------------------------------------
<BANKED_CODE> 1 (was BANKED_CODE)
  Relative segment, address: CODE 0000A410 - 0000A469 (0x5a bytes), align: 0
  Segment part 37.            Intra module refs:   conPrintUINT32::?relay
           ENTRY                   ADDRESS         REF BY
           =====                   =======         ======
           conPrintUINT32          0000A410 
               calls direct
               XSTACK = 00000014 ( 00000010 )
    -------------------------------------------------------------------------
CODE_C
  Relative segment, address: CODE 000011CB - 000011CD (0x3 bytes), align: 0
  Segment part 9.             Intra module refs:   conPrintUINT32
           LOCAL                   ADDRESS         
           =====                   =======         
           conPrintUINT32{1}::xxxxromstr
                                   000011CB 
    -------------------------------------------------------------------------
<BANKED_CODE> 1 (was BANKED_CODE)
  Relative segment, address: CODE 0000A46A - 0000A4A1 (0x38 bytes), align: 0
  Segment part 39.            Intra module refs:   conPrintLADDR_bytes::?relay
           ENTRY                   ADDRESS         REF BY
           =====                   =======         ======
           conPrintLADDR_bytes     0000A46A 
               calls direct
               XSTACK = 00000014 ( 0000000C )
    -------------------------------------------------------------------------
CODE_C
  Relative segment, address: CODE 000011CE - 000011D1 (0x4 bytes), align: 0
  Segment part 10.            Intra module refs:   conPrintLADDR_bytes
           LOCAL                   ADDRESS         
           =====                   =======         
           conPrintLADDR_bytes{1}{2}::xxxxromstr
                                   000011CE 
    -------------------------------------------------------------------------
<BANKED_CODE> 1 (was BANKED_CODE)
  Relative segment, address: CODE 0000A4A2 - 0000A4AF (0xe bytes), align: 0
  Segment part 41.            Intra module refs:   conPrintLADDR::?relay
           ENTRY                   ADDRESS         REF BY
           =====                   =======         ======
           conPrintLADDR           0000A4A2 
               calls direct
               ISTACK = 00000000 ( 00000002 )
    -------------------------------------------------------------------------
<BANKED_CODE> 1 (was BANKED_CODE)
  Relative segment, address: CODE 0000A4B0 - 0000A4E7 (0x38 bytes), align: 0
  Segment part 43.            Intra module refs:   conPrintIP6ADDR_bytes::?relay
           ENTRY                   ADDRESS         REF BY
           =====                   =======         ======
           conPrintIP6ADDR_bytes   0000A4B0 
               calls direct
               XSTACK = 00000000 ( 0000000C )
    -------------------------------------------------------------------------
CODE_C
  Relative segment, address: CODE 000011D2 - 000011D5 (0x4 bytes), align: 0
  Segment part 11.            Intra module refs:   conPrintIP6ADDR_bytes
           LOCAL                   ADDRESS         
           =====                   =======         
           conPrintIP6ADDR_bytes{1}{2}::xxxxromstr
                                   000011D2 
    -------------------------------------------------------------------------
<BANKED_CODE> 1 (was BANKED_CODE)
  Relative segment, address: CODE 0000A4E8 - 0000A537 (0x50 bytes), align: 0
  Segment part 45.            Intra module refs:   conPrintIP6ADDR_dbytes::?relay
           ENTRY                   ADDRESS         REF BY
           =====                   =======         ======
           conPrintIP6ADDR_dbytes
                                   0000A4E8 
               calls direct
               XSTACK = 00000000 ( 0000000C )
    -------------------------------------------------------------------------
CODE_C
  Relative segment, address: CODE 000011D6 - 000011D9 (0x4 bytes), align: 0
  Segment part 12.            Intra module refs:   conPrintIP6ADDR_dbytes
           LOCAL                   ADDRESS         
           =====                   =======         
           conPrintIP6ADDR_dbytes{1}{2}::xxxxromstr
                                   000011D6 
    -------------------------------------------------------------------------
<BANKED_CODE> 1 (was BANKED_CODE)
  Relative segment, address: CODE 0000A538 - 0000A54D (0x16 bytes), align: 0
  Segment part 47.            Intra module refs:   conPrintIP6ADDR::?relay
           ENTRY                   ADDRESS         REF BY
           =====                   =======         ======
           conPrintIP6ADDR         0000A538 
               calls direct
               ISTACK = 00000000 ( 00000002 )
    -------------------------------------------------------------------------
<BANKED_CODE> 1 (was BANKED_CODE)
  Relative segment, address: CODE 0000A54E - 0000A5E5 (0x98 bytes), align: 0
  Segment part 49.            Intra module refs:   conPrintConfig::?relay
           ENTRY                   ADDRESS         REF BY
           =====                   =======         ======
           conPrintConfig          0000A54E 
               calls direct
               XSTACK = 00000000 ( 00000014 )
    -------------------------------------------------------------------------
CODE_C
  Relative segment, address: CODE 000011DA - 000011F5 (0x1c bytes), align: 0
  Segment part 13.            Intra module refs:   conPrintConfig
           LOCAL                   ADDRESS         
           =====                   =======         
           conPrintConfig{1}::xxxxromstr
                                   000011DA 
    -------------------------------------------------------------------------
CODE_C
  Relative segment, address: CODE 000011F6 - 00001209 (0x14 bytes), align: 0
  Segment part 14.            Intra module refs:   conPrintConfig
           LOCAL                   ADDRESS         
           =====                   =======         
           conPrintConfig{2}::xxxxromstr
                                   000011F6 
    -------------------------------------------------------------------------
CODE_C
  Relative segment, address: CODE 0000120A - 0000121F (0x16 bytes), align: 0
  Segment part 15.            Intra module refs:   conPrintConfig
           LOCAL                   ADDRESS         
           =====                   =======         
           conPrintConfig{3}::xxxxromstr
                                   0000120A 
    -------------------------------------------------------------------------
CODE_C
[...]
                                                   NodeAction (test_demo)
                                                   ds6Init (ds)
                                                   ds6TestOnLink (ds)
                                                   icmpCommonFmt (icmpv6)
                                                   lowsn_ds6_aaddr_lookup (ds)
                                                   lowsn_ds6_list_loop (ds)
                                                   lowsn_ds6_maddr_add (ds)
                                                   lowsn_ds6_maddr_lookup (ds)
                                                   lowsn_ds6_prefix_add (ds)
                                                   lowsn_ds6_prefix_lookup (ds)
                                                   lowsn_ds6_uaddr_add (ds)
                                                   lowsn_ds6_uaddr_lookup (ds)
                                                   main (test_demo)
                                                   mpInit (mp)
                                                   ntNewAddressMapEntry (neighbor)
                                                   upper_layer_chksum (nwk)
    -------------------------------------------------------------------------
RCODE
  Relative segment, address: CODE 00000CA2 - 00000CA3 (0x2 bytes), align: 0
  Segment part 3.
           ENTRY                   ADDRESS         REF BY
           =====                   =======         ======
           ?PUSH_XSTACK_I_ONE      00000CA2        NodeAction (test_demo)
                                                   lowsn_ds6_aaddr_lookup (ds)
                                                   lowsn_ds6_maddr_add (ds)
                                                   lowsn_ds6_maddr_lookup (ds)
                                                   lowsn_ds6_prefix_add (ds)
                                                   lowsn_ds6_prefix_lookup (ds)
                                                   lowsn_ds6_uaddr_add (ds)
                                                   lowsn_ds6_uaddr_lookup (ds)
    -------------------------------------------------------------------------
RCODE
  Relative segment, address: CODE 00000CA4 - 00000CB0 (0xd bytes), align: 0
  Segment part 4.             Intra module refs:   ?PUSH_XSTACK_I_ONE
                                                   ?PUSH_XSTACK_I_TWO
           ENTRY                   ADDRESS         REF BY
           =====                   =======         ======
           ?PUSH_XSTACK_I          00000CA4 

    -------------------------------------------------------------------------
  LIBRARY MODULE, NAME : ?PUSH_XSTACK8_X

  SEGMENTS IN THE MODULE
  ======================
RCODE
  Relative segment, address: CODE 00000CB1 - 00000CB4 (0x4 bytes), align: 0
  Segment part 1.
           ENTRY                   ADDRESS         REF BY
           =====                   =======         ======
           ?PUSH_XSTACK8_X_FOUR    00000CB1        ds6Init (ds)
                                                   ds6LocalIPFrom16 (ds)
                                                   ndParseRA (nd)
    -------------------------------------------------------------------------
RCODE
  Relative segment, address: CODE 00000CB5 - 00000CB8 (0x4 bytes), align: 0
  Segment part 3.
           ENTRY                   ADDRESS         REF BY
           =====                   =======         ======
           ?PUSH_XSTACK8_X_TWO     00000CB5        NodeAction (test_demo)
                                                   adpParseCompHdr (adp)
                                                   ds6LocalIPFrom16 (ds)
                                                   ndParseRA (nd)
    -------------------------------------------------------------------------
RCODE
  Relative segment, address: CODE 00000CB9 - 00000CE1 (0x29 bytes), align: 0
  Segment part 5.             Intra module refs:   ?PUSH_XSTACK8_X_FOUR
                                                   ?PUSH_XSTACK8_X_TWO
           ENTRY                   ADDRESS         REF BY
           =====                   =======         ======
           ?PUSH_XSTACK8_X         00000CB9        NodeAction (test_demo)
                                                   apsFSM (aps)
                                                   mpFmtDeviceInfo (mp)
                                                   mpFmtTreeNeighborInfo (mp)
                                                   phyFSM (phy)

    -------------------------------------------------------------------------
  LIBRARY MODULE, NAME : ?UC_SWITCH_DENSE

  SEGMENTS IN THE MODULE
  ======================
RCODE
  Relative segment, address: CODE 00000CE2 - 00000CE7 (0x6 bytes), align: 0
  Segment part 0.
           ENTRY                   ADDRESS         REF BY
           =====                   =======         ======
           ?UC_SWITCH_DENSE        00000CE2        NodeAction (test_demo)
                                                   adpFSM (adp)
                                                   adpParseCompHdr (adp)
                                                   adpRxFSM (adp)
                                                   apsFSM (aps)
                                                   apsRxFSM (aps)
                                                   evbLedSet (evboard)
                                                   macFSM (mac)
                                                   macRxFSM (mac)
                                                   macTxData (mac)
                                                   mpHandleRxReport (mp)
                                                   nwkFSM (nwk)
                                                   nwkRxFSM (nwk)
                                                   phyFSM (phy)
                                                   usrRxPacketCallback (test_demo)
    -------------------------------------------------------------------------
RCODE
  Relative segment, address: CODE 00000CE8 - 00000D16 (0x2f bytes), align: 0
  Segment part 2.             Intra module refs:   ?UC_SWITCH_DENSE
    -------------------------------------------------------------------------
RCODE
  Relative segment, address: CODE 00000D17 - 00000D17 (0x1 bytes), align: 0
  Segment part 4.             Intra module refs:   ?UC_SWITCH_DENSE

    -------------------------------------------------------------------------
  LIBRARY MODULE, NAME : ?UC_SWITCH_SPARSE

  SEGMENTS IN THE MODULE
  ======================
RCODE
  Relative segment, address: CODE 00000D18 - 00000D1E (0x7 bytes), align: 0
  Segment part 0.
           ENTRY                   ADDRESS         REF BY
           =====                   =======         ======
           ?UC_SWITCH_SPARSE       00000D18        macFSM (mac)
                                                   macRxFSM (mac)
                                                   nwkRxFSM (nwk)
    -------------------------------------------------------------------------
RCODE
  Relative segment, address: CODE 00000D1F - 00000D40 (0x22 bytes), align: 0
  Segment part 2.             Intra module refs:   ?UC_SWITCH_SPARSE
           ENTRY                   ADDRESS         REF BY
           =====                   =======         ======
           ?UC_SWITCH_SPARSE_LEAVE
                                   00000D35        ?UC_JMP_IF_IN_RANGE (?UC_JMP_IF_IN_RANGE)
                                                   ?UC_JMP_IF_VALUE (?UC_JMP_IF_VALUE)
    -------------------------------------------------------------------------
RCODE
  Relative segment, address: CODE 00000D41 - 00000D41 (0x1 bytes), align: 0
  Segment part 4.             Intra module refs:   ?UC_SWITCH_SPARSE

    -------------------------------------------------------------------------
  LIBRARY MODULE, NAME : ?UC_JMP_IF_IN_RANGE

  SEGMENTS IN THE MODULE
  ======================
RCODE
  Relative segment, address: CODE 00000D42 - 00000D60 (0x1f bytes), align: 0
  Segment part 0.
           ENTRY                   ADDRESS         REF BY
           =====                   =======         ======
           ?UC_JMP_IF_IN_RANGE     00000D42        ?UC_SWITCH_SPARSE_LEAVE (?UC_SWITCH_SPARSE)

    -------------------------------------------------------------------------
  LIBRARY MODULE, NAME : ?UC_JMP_IF_VALUE

  SEGMENTS IN THE MODULE
  ======================
RCODE
  Relative segment, address: CODE 00000D61 - 00000D76 (0x16 bytes), align: 0
  Segment part 0.
           ENTRY                   ADDRESS         REF BY
           =====                   =======         ======
           ?UC_JMP_IF_VALUE        00000D61        ?UC_SWITCH_SPARSE_LEAVE (?UC_SWITCH_SPARSE)

    -------------------------------------------------------------------------
  LIBRARY MODULE, NAME : ?memcmp

  SEGMENTS IN THE MODULE
  ======================
<BANKED_CODE> 1 (was BANKED_CODE)
  Relative segment, address: CODE 0000A7A4 - 0000A7FC (0x59 bytes), align: 0
  Segment part 6.             Intra module refs:   memcmp::?relay
           ENTRY                   ADDRESS         REF BY
           =====                   =======         ======
           memcmp                  0000A7A4 
               XSTACK = 00000002 ( 00000009 )
    -------------------------------------------------------------------------
BANK_RELAYS
  Relative segment, address: CODE 00000545 - 0000054A (0x6 bytes), align: 0
  Segment part 7.
           ENTRY                   ADDRESS         REF BY
           =====                   =======         ======
           memcmp::?relay          00000545        ds6TestOnLink (ds)
                                                   lowsn_ds6_list_loop (ds)

    -------------------------------------------------------------------------
  LIBRARY MODULE, NAME : ?memcpy

  SEGMENTS IN THE MODULE
  ======================
<BANKED_CODE> 1 (was BANKED_CODE)
  Relative segment, address: CODE 0000A7FD - 0000A844 (0x48 bytes), align: 0
  Segment part 6.             Intra module refs:   memcpy::?relay
           ENTRY                   ADDRESS         REF BY
           =====                   =======         ======
           memcpy                  0000A7FD 
               XSTACK = 00000002 ( 0000000A )
               ISTACK = 00000000 ( 00000001 )
    -------------------------------------------------------------------------
BANK_RELAYS
  Relative segment, address: CODE 0000054B - 00000550 (0x6 bytes), align: 0
  Segment part 7.
           ENTRY                   ADDRESS         REF BY
           =====                   =======         ======
           memcpy::?relay          0000054B        icmpCommonFmt (icmpv6)

    -------------------------------------------------------------------------
  LIBRARY MODULE, NAME : ?memset

  SEGMENTS IN THE MODULE
  ======================
<BANKED_CODE> 1 (was BANKED_CODE)
  Relative segment, address: CODE 0000A845 - 0000A873 (0x2f bytes), align: 0
  Segment part 6.             Intra module refs:   memset::?relay
           ENTRY                   ADDRESS         REF BY
           =====                   =======         ======
           memset                  0000A845 
               XSTACK = 00000002 ( 00000009 )
               ISTACK = 00000000 ( 00000001 )
    -------------------------------------------------------------------------
BANK_RELAYS
  Relative segment, address: CODE 00000551 - 00000556 (0x6 bytes), align: 0
  Segment part 7.
           ENTRY                   ADDRESS         REF BY
           =====                   =======         ======
           memset::?relay          00000551        MemInit (memalloc)
                                                   ds6Init (ds)

    -------------------------------------------------------------------------
  LIBRARY MODULE, NAME : ?low_level_init

  SEGMENTS IN THE MODULE
  ======================
CSTART
  Relative segment, address: CODE 0000013C - 0000013E (0x3 bytes), align: 0
  Segment part 6. ROOT.
           ENTRY                   ADDRESS         REF BY
           =====                   =======         ======
           __low_level_init        0000013C        __low_level_init_call (?cmain)




                ****************************************
                *                                      *
                *            MODULE SUMMARY            *
                *                                      *
                ****************************************

Module                     CODE      DATA      XDATA  IDATA    BIT
------                     ----      ----      -----  -----    ---
                          (Rel)  (Rel)  (Abs)  (Rel)  (Rel)  (Rel)
?ADD_XSTACK_DISP8            27
?ALLOC_XSTACK8               22
?BANKED_CODE_SUPPORT         71
?BANKED_ENTER_XDATA         102
?BANKED_LEAVE_XDATA          62
?DEALLOC_XSTACK8             26
?FLT_MUL                    384
?FLT_TEST_INF                21
?FLT_TEST_INF_R1             21
?FLT_TEST_NAN                15
?FLT_TEST_NAN_R1             15
?FLT_TEST_ZERO               10
?FLT_TEST_ZERO_R1            10
?FLT_TO_L                   143
?FUNC_ENTER_XDATA            96
?FUNC_LEAVE_XDATA            56
?INTERRUPT_ENTER_XSP         95
?INTERRUPT_LEAVE_XSP         80
?L_ADD                       19
?L_ADD_TO_X                  19
?L_ADD_X                     19
?L_AND_X                     19
?L_EQ_X                      21
?L_MOV_TO_X                  15
?L_MOV_X                     15
?L_MUL                      128
?L_SHL                       31
?L_SUB_X                     24
?L_TO_FLT                    93
?MOVE_LONG8_XDATA_IDATA      13
?MOVE_LONG8_XDATA_XDATA      33
?PUSH_XSTACK8_X              49
?PUSH_XSTACK_I               19
?SS_SHR                      16
?S_SHL                       19
?UC_JMP_IF_IN_RANGE          31
?UC_JMP_IF_VALUE             22
?UC_SWITCH_DENSE             54
?UC_SWITCH_SPARSE            42
?UL_DIV_MOD                 112
?UL_GT                       16
?UL_GT_X                     16
?UL_SHR                      25
?US_SHR                      15
?XSTACK_DISP8                10
?cexit                        5
?cmain                       88
?low_level_init               3
?memcmp                      95
?memcpy                      78
?memset                      53
CSTARTUP                     18
  + common                    3
VIRTUAL_REGISTERS                    2                           8
adp                       4 152                  127
  + shared                                        12
aps                       5 505                  199
  + shared                                  1
console                     933                    4
debug                                              1
ds                        3 354                  328
  + shared                                         4
evboard                     705             4      2
  + shared                                  1
halNeighbor                                       10
halStack                  3 149            39    179
  + shared                  134                    4
  + common
hal_dma                                     4
icmpv6                    1 485
mac                       6 904                  124
memalloc                    777                2 048
mp                        1 739                   20
nd                        1 066                   20
neighbor                    703
nwk                       5 557                  160
phy                         593                  153
test_demo                 3 877                  118
N/A (command line)                  16           511     64
N/A (alignment)
----------               ------     --     --  -----     --      -
Total:                   42 990     18     49  4 024     64      8
  + common                  134


                ****************************************
                *                                      *
                *      SEGMENTS IN ADDRESS ORDER       *
                *                                      *
                ****************************************


SEGMENT              SPACE    START ADDRESS   END ADDRESS     SIZE  TYPE  ALIGN
=======              =====    =============   ===========     ====  ====  =====
INTVEC               CODE          00000000 - 00000085          86   com    0
CSTART               CODE          00000086 - 0000013E          B9   rel    0
IDATA_ID             CODE               0000013F                     dse    0
BIT_ID               CODE               0000013F                     dse    0
BDATA_ID             CODE               0000013F                     dse    0
IXDATA_ID            CODE               0000013F                     dse    0
PDATA_ID             CODE               0000013F                     dse    0
DATA_ID              CODE               0000013F                     dse    0
XDATA_ID             CODE          0000013F - 000001A2          64   rel    0
BANK_RELAYS          CODE          000001A3 - 00000556         3B4   rel    0
RCODE                CODE          00000557 - 00000D76         820   rel    0
DIFUNCT              CODE               00000D77                     dse    0
CODE_C               CODE          00000D77 - 0000219E        1428   rel    0
CODE_N               CODE               0000219F                     dse    0
NEAR_CODE            CODE          0000219F - 000026D3         535   rel    0
<BANKED_CODE> 1      CODE          000026D4 - 0000A873        81A0   rel    0
REGISTERS            DATA          00000000 - 00000007           8   rel    0
VREG                 DATA          00000008 - 0000000F           8   rel    0
PSP                  DATA               00000010                     dse    0
XSP                  DATA          00000010 - 00000011           2   rel    0
BREG                 BIT        00000020.0  -  00000020.7        8   rel    0
SFR_AN               DATA          00000086 - 00000088           3   rel    0
                     DATA          00000090 - 00000091           2 
                     DATA          00000094 - 00000097           4 
                     DATA          0000009A - 0000009B           2 
                     DATA          0000009D - 0000009E           2 
                     DATA          000000A1 - 000000A8           8 
                     DATA          000000B4 - 000000B4           1 
                     DATA          000000B6 - 000000B6           1 
                     DATA          000000B8 - 000000B8           1 
                     DATA          000000BA - 000000BB           2 
                     DATA          000000BE - 000000BE           1 
                     DATA          000000C0 - 000000C6           7 
                     DATA          000000D2 - 000000D5           4 
                     DATA          000000D9 - 000000D9           1 
                     DATA          000000E1 - 000000E1           1 
                     DATA          000000E8 - 000000E9           2 
                     DATA          000000F1 - 000000F5           5 
                     DATA          000000FD - 000000FE           2 
XSTACK               XDATA         00000001 - 000001FF         1FF   rel    0
XDATA_Z              XDATA         00000200 - 00000F54         D55   rel    0
XDATA_I              XDATA         00000F55 - 00000FB8          64   rel    0
ISTACK               IDATA         000000C0 - 000000FF          40   rel    0

                ****************************************
                *                                      *
                *        END OF CROSS REFERENCE        *
                *                                      *
                ****************************************

 43 124 bytes of CODE  memory
     18 bytes of DATA  memory (+ 49 absolute )
  4 024 bytes of XDATA memory
     64 bytes of IDATA memory
      8 bits  of BIT   memory

Errors: none
Warnings: none

