################################################################################
#                                                                              #
#      IAR Universal Linker V4.61L/W32                                         #
#                                                                              #
#           Link time     =  16/Oct/2013  13:20:38                             #
#           Target CPU    =  x51                                               #
#           List file     =  F:\6LoWSN\6lowsn_stack\obj\compiletest\iar51_cc25 #
#                            30\edge_coord\List\compiletest.map                #
#           Output file 1 =  F:\6LoWSN\6lowsn_stack\obj\compiletest\iar51_cc25 #
#                            30\edge_coord\Exe\compiletest.hex                 #
#                            Format: debug                                     #
#                            UBROF version 10.0.2                              #
#                            Using library modules for C-SPY (-rt)             #
#           Command line  =  -D_NR_OF_BANKS=0x03 -D_CODEBANK_END=0xFFFF        #
#                            -D_CODEBANK_START=0x2900 -D?CBANK_MASK=0x30       #
#                            -D?CBANK=0xC7                                     #
#                            "-IC:\Program Files\IAR Systems\Embedded Workbenc #
#                            h 5.3 Evaluation version\8051\CONFIG\"            #
#                            F:\6LoWSN\6lowsn_stack\obj\compiletest\iar51_cc25 #
#                            30\edge_coord\Obj\adp.r51                         #
#                            F:\6LoWSN\6lowsn_stack\obj\compiletest\iar51_cc25 #
#                            30\edge_coord\Obj\aps.r51                         #
#                            F:\6LoWSN\6lowsn_stack\obj\compiletest\iar51_cc25 #
#                            30\edge_coord\Obj\console.r51                     #
#                            F:\6LoWSN\6lowsn_stack\obj\compiletest\iar51_cc25 #
#                            30\edge_coord\Obj\debug.r51                       #
#                            F:\6LoWSN\6lowsn_stack\obj\compiletest\iar51_cc25 #
#                            30\edge_coord\Obj\ds.r51                          #
#                            F:\6LoWSN\6lowsn_stack\obj\compiletest\iar51_cc25 #
#                            30\edge_coord\Obj\evboard.r51                     #
#                            F:\6LoWSN\6lowsn_stack\obj\compiletest\iar51_cc25 #
#                            30\edge_coord\Obj\halNeighbor.r51                 #
#                            F:\6LoWSN\6lowsn_stack\obj\compiletest\iar51_cc25 #
#                            30\edge_coord\Obj\halStack.r51                    #
#                            F:\6LoWSN\6lowsn_stack\obj\compiletest\iar51_cc25 #
#                            30\edge_coord\Obj\hal_dma.r51                     #
#                            F:\6LoWSN\6lowsn_stack\obj\compiletest\iar51_cc25 #
#                            30\edge_coord\Obj\icmpv6.r51                      #
#                            F:\6LoWSN\6lowsn_stack\obj\compiletest\iar51_cc25 #
#                            30\edge_coord\Obj\mac.r51                         #
#                            F:\6LoWSN\6lowsn_stack\obj\compiletest\iar51_cc25 #
#                            30\edge_coord\Obj\memalloc.r51                    #
#                            F:\6LoWSN\6lowsn_stack\obj\compiletest\iar51_cc25 #
#                            30\edge_coord\Obj\mp.r51                          #
#                            F:\6LoWSN\6lowsn_stack\obj\compiletest\iar51_cc25 #
#                            30\edge_coord\Obj\nd.r51                          #
#                            F:\6LoWSN\6lowsn_stack\obj\compiletest\iar51_cc25 #
#                            30\edge_coord\Obj\neighbor.r51                    #
#                            F:\6LoWSN\6lowsn_stack\obj\compiletest\iar51_cc25 #
#                            30\edge_coord\Obj\nwk.r51                         #
#                            F:\6LoWSN\6lowsn_stack\obj\compiletest\iar51_cc25 #
#                            30\edge_coord\Obj\phy.r51                         #
#                            F:\6LoWSN\6lowsn_stack\obj\compiletest\iar51_cc25 #
#                            30\edge_coord\Obj\slip.r51                        #
#                            F:\6LoWSN\6lowsn_stack\obj\compiletest\iar51_cc25 #
#                            30\edge_coord\Obj\test_demo.r51                   #
#                            -o                                                #
#                            F:\6LoWSN\6lowsn_stack\obj\compiletest\iar51_cc25 #
#                            30\edge_coord\Exe\compiletest.hex                 #
#                            -l                                                #
#                            F:\6LoWSN\6lowsn_stack\obj\compiletest\iar51_cc25 #
#                            30\edge_coord\List\compiletest.map                #
#                            -xmsn                                             #
#                            "-IC:\Program Files\IAR Systems\Embedded Workbenc #
#                            h 5.3 Evaluation version\8051\LIB\"               #
#                            -f                                                #
#                            "C:\Program Files\IAR Systems\Embedded Workbench  #
#                            5.3 Evaluation version\8051\config\lnk51ew_cc2530 #
#                            b.xcl"                                            #
#                            (-D_IDATA_END=0xFF -D_PDATA_START=0x1E00          #
#                            -D_PDATA_END=0x1EFF -D_IXDATA_START=0x0001        #
#                            -D_IXDATA_END=0x1EFF                              #
#                            -D_XDATA_START=_IXDATA_START                      #
#                            -D_XDATA_END=_IXDATA_END -D_CODE_START=0x0000     #
#                            -D_CODE_END=0x7FFF -D_FIRST_BANK_ADDR=0x10000     #
#                            -M(CODE)[(_CODEBANK_START+_FIRST_BANK_ADDR)-(_COD #
#                            EBANK_END+_FIRST_BANK_ADDR)]*_NR_OF_BANKS+0x10000 #
#                            =0x8000                                           #
#                            -ww69=i -D_NEAR_CODE_END=_CODE_END                #
#                            -D?REGISTER_BANK=0 -D_REGISTER_BANK_START=0       #
#                            -D?PBANK_NUMBER=0x1E -D?PBANK=0x93                #
#                            -D_BREG_START=0x00 -D?VB=0x20                     #
#                            -D_FAR_DATA_NR_OF_BANKS=0x0E                      #
#                            -D_FAR_DATA_START=0x010001                        #
#                            -D_FAR_DATA_END=0xFFFFFF                          #
#                            -D_FAR_CODE_START=_CODE_START                     #
#                            -D_FAR_CODE_END=_CODE_END -f lnk_base.xcl         #
#                            (-Z(BIT)BREG=_BREG_START -Z(BIT)BIT_N=0-7F        #
#                            -Z(DATA)REGISTERS+8=_REGISTER_BANK_START          #
#                            -Z(DATA)BDATA_Z,BDATA_N,BDATA_I=20-2F             #
#                            -Z(DATA)VREG+_NR_OF_VIRTUAL_REGISTERS=08-7F       #
#                            -Z(DATA)PSP,XSP=08-7F -Z(DATA)DOVERLAY=08-7F      #
#                            -Z(DATA)DATA_I,DATA_Z,DATA_N=08-7F                #
#                            -U(IDATA)0-7F=(DATA)0-7F                          #
#                            -Z(IDATA)IDATA_I,IDATA_Z,IDATA_N=08-_IDATA_END    #
#                            -Z(IDATA)ISTACK+_IDATA_STACK_SIZE#08-_IDATA_END   #
#                            -Z(IDATA)IOVERLAY=08-FF -Z(CODE)INTVEC=0          #
#                            -Z(CODE)CSTART=_CODE_START-_CODE_END              #
#                            -Z(CODE)BIT_ID,BDATA_ID,DATA_ID,IDATA_ID,IXDATA_I #
#                            D,PDATA_ID,XDATA_ID=_CODE_START-_CODE_END         #
#                            -Z(CODE)HUGE_ID=_FAR_CODE_START-_FAR_CODE_END     #
#                            -Z(CODE)BANK_RELAYS,RCODE,DIFUNCT,CODE_C,CODE_N,N #
#                            EAR_CODE=_CODE_START-_CODE_END                    #
#                            -P(CODE)BANKED_CODE=_CODE_START-_CODE_END,[(_CODE #
#                            BANK_START+_FIRST_BANK_ADDR)-(_CODEBANK_END+_FIRS #
#                            T_BANK_ADDR)]*_NR_OF_BANKS+10000                  #
#                            -P(CODE)FAR_CODE_C,FAR_CODE_N,FAR_CODE=[_FAR_CODE #
#                            _START-_FAR_CODE_END]/10000                       #
#                            -P(CODE)HUGE_CODE_C=_FAR_CODE_START-_FAR_CODE_END #
#                            -Z(CODE)CHECKSUM#_CODE_END                        #
#                            -Z(XDATA)EXT_STACK+_EXTENDED_STACK_SIZE=_EXTENDED #
#                            _STACK_START                                      #
#                            -Z(XDATA)PSTACK+_PDATA_STACK_SIZE=_PDATA_START-_P #
#                            DATA_END                                          #
#                            -Z(XDATA)XSTACK+_XDATA_STACK_SIZE=_XDATA_START-_X #
#                            DATA_END                                          #
#                            -Z(XDATA)PDATA_Z,PDATA_I=_PDATA_START-_PDATA_END  #
#                            -P(XDATA)PDATA_N=_PDATA_START-_PDATA_END          #
#                            -Z(XDATA)IXDATA_Z,IXDATA_I=_IXDATA_START-_IXDATA_ #
#                            END                                               #
#                            -P(XDATA)IXDATA_N=_IXDATA_START-_IXDATA_END       #
#                            -Z(XDATA)XDATA_Z,XDATA_I=_XDATA_START-_XDATA_END  #
#                            -P(XDATA)XDATA_N=_XDATA_START-_XDATA_END          #
#                            -Z(XDATA)XDATA_HEAP+_XDATA_HEAP_SIZE=_XDATA_START #
#                            -_XDATA_END                                       #
#                            -Z(CONST)XDATA_ROM_C=_XDATA_START-_XDATA_END      #
#                            -Z(XDATA)FAR_Z=[_FAR_DATA_START-_FAR_DATA_END]/10 #
#                            000                                               #
#                            -Z(XDATA)FAR_I=[_FAR_DATA_START-_FAR_DATA_END]/10 #
#                            000                                               #
#                            -Z(CODE)FAR_ID=[_FAR_CODE_START-_FAR_CODE_END]/10 #
#                            000                                               #
#                            -Z(XDATA)FAR_HEAP+_FAR_HEAP_SIZE=[_FAR_DATA_START #
#                            -_FAR_DATA_END]/10000                             #
#                            -P(XDATA)FAR_N=[_FAR_DATA_START-_FAR_DATA_END]*_F #
#                            AR_DATA_NR_OF_BANKS+10000                         #
#                            -P(CONST)FAR_ROM_C=[_FAR_DATA_START-_FAR_DATA_END #
#                            ]*_FAR_DATA_NR_OF_BANKS+10000                     #
#                            -Z(XDATA)HUGE_Z,HUGE_I=_FAR_DATA_START-_FAR_DATA_ #
#                            END                                               #
#                            -P(XDATA)HUGE_N=_FAR_DATA_START-_FAR_DATA_END     #
#                            -Z(XDATA)HUGE_HEAP+_HUGE_HEAP_SIZE=_FAR_DATA_STAR #
#                            T-_FAR_DATA_END                                   #
#                            -Z(CONST)HUGE_ROM_C=_FAR_DATA_START-_FAR_DATA_END #
#                            -cx51) -D_BANK0_START=0x00000                     #
#                            -D_BANK0_END=0x07FFF -D_BANK1_START=0x18000       #
#                            -D_BANK1_END=0x1FFFF -D_BANK2_START=0x28000       #
#                            -D_BANK2_END=0x2FFFF -D_BANK3_START=0x38000       #
#                            -D_BANK3_END=0x3FFFF -D_BANK4_START=0x48000       #
#                            -D_BANK4_END=0x4FFFF -D_BANK5_START=0x58000       #
#                            -D_BANK5_END=0x5FFFF -D_BANK6_START=0x68000       #
#                            -D_BANK6_END=0x6FFFF -D_BANK7_START=0x78000       #
#                            -D_BANK7_END=0x7FFFF                              #
#                            -P(CODE)BANK0=_BANK0_START-_BANK0_END             #
#                            -P(CODE)BANK1=_BANK1_START-_BANK1_END             #
#                            -P(CODE)BANK2=_BANK2_START-_BANK2_END             #
#                            -P(CODE)BANK3=_BANK3_START-_BANK3_END             #
#                            -P(CODE)BANK4=_BANK4_START-_BANK4_END             #
#                            -P(CODE)BANK5=_BANK5_START-_BANK5_END             #
#                            -P(CODE)BANK6=_BANK6_START-_BANK6_END             #
#                            -P(CODE)BANK7=_BANK7_START-_BANK7_END             #
#                            -D_FLASH_LOCK_BITS_START=((_NR_OF_BANKS*_FIRST_BA #
#                            NK_ADDR)+0xFFF0)                                  #
#                            -D_FLASH_LOCK_BITS_END=((_NR_OF_BANKS*_FIRST_BANK #
#                            _ADDR)+0xFFFF)                                    #
#                            -Z(CODE)FLASH_LOCK_BITS=_FLASH_LOCK_BITS_START-_F #
#                            LASH_LOCK_BITS_END                                #
#                            -U(CODE)0x0000=(CODE)_FLASH_LOCK_BITS_START-_FLAS #
#                            H_LOCK_BITS_END)                                  #
#                            -D_NR_OF_VIRTUAL_REGISTERS=8 -e?BCALL_30=?BCALL   #
#                            -e?BRET_30=?BRET -e?BDISPATCH_30=?BDISPATCH       #
#                            -e_medium_write=_formatted_write                  #
#                            -e_medium_read=_formatted_read -rt -s             #
#                            __program_start                                   #
#                            "C:\Program Files\IAR Systems\Embedded Workbench  #
#                            5.3 Evaluation version\8051\LIB\CLIB\cl-pli-blxd- #
#                            1e16x01.r51"                                      #
#                            -D_IDATA_STACK_SIZE=0x40                          #
#                            -D_EXTENDED_STACK_START=0x00                      #
#                            -D_EXTENDED_STACK_SIZE=0x00                       #
#                            -D_PDATA_STACK_SIZE=0x80                          #
#                            -D_XDATA_STACK_SIZE=0x1FF                         #
#                            -D_XDATA_HEAP_SIZE=0xFF -D_FAR_HEAP_SIZE=0xFFF    #
#                            -D_HUGE_HEAP_SIZE=0xFFF                           #
#                                                                              #
#                           Copyright (C) 1987-2009 IAR Systems AB.            #
################################################################################





                ****************************************
                *                                      *
                *           CROSS REFERENCE            *
                *                                      *
                ****************************************

       Program entry at : CODE      000000E3  Relocatable, from module : CSTARTUP




                ****************************************
                *                                      *
                *            RUNTIME MODEL             *
                *                                      *
                ****************************************

  __calling_convention     = xdata_reentrant
  __code_model             = banked
  __core                   = plain
  __data_model             = large
  __dptr_size              = 16
  __extended_stack         = disabled
  __location_for_constants = data
  __number_of_dptrs        = 1
  __rt_version             = 1



                ****************************************
                *                                      *
                *              MODULE MAP              *
                *                                      *
                ****************************************


  DEFINED ABSOLUTE ENTRIES
    *************************************************************************

  DEFINED ABSOLUTE ENTRIES
  PROGRAM MODULE, NAME : ?ABS_ENTRY_MOD

Absolute parts
           ENTRY                   ADDRESS         REF BY
           =====                   =======         ======
           _HUGE_HEAP_SIZE         00000FFF 
           _FAR_HEAP_SIZE          00000FFF 
           _XDATA_HEAP_SIZE        000000FF 
           _XDATA_STACK_SIZE       000001FF 
           _PDATA_STACK_SIZE       00000080 
           _EXTENDED_STACK_SIZE    00000000 
           _EXTENDED_STACK_START   00000000 
           _IDATA_STACK_SIZE       00000040 
           _NR_OF_VIRTUAL_REGISTERS
                                   00000008 
           _FLASH_LOCK_BITS_END    000304FF 
           _FLASH_LOCK_BITS_START
                                   000304F0 
           _BANK7_END              0007FFFF 
           _BANK7_START            00078000 
           _BANK6_END              0006FFFF 
           _BANK6_START            00068000 
           _BANK5_END              0005FFFF 
           _BANK5_START            00058000 
           _BANK4_END              0004FFFF 
           _BANK4_START            00048000 
           _BANK3_END              000304FF 
           _BANK3_START            00028500 
           _BANK2_END              00022DFF 
           _BANK2_START            0001AE00 
           _BANK1_END              000156FF 
           _BANK1_START            0000D700 
           _BANK0_END              00007FFF 
           _BANK0_START            00000000 
           _FAR_CODE_END           00007FFF 
           _FAR_CODE_START         00000000 
           _FAR_DATA_END           00FFFFFF 
           _FAR_DATA_START         00010001 
           _FAR_DATA_NR_OF_BANKS   0000000E 
           ?VB                     00000020        ?BANKED_ENTER_XDATA (?BANKED_ENTER_XDATA)
                                                   ?BANKED_LEAVE_XDATA (?BANKED_LEAVE_XDATA)
                                                   ?INTERRUPT_ENTER_XSP (?INTERRUPT_ENTER_XSP)
                                                   ?INTERRUPT_LEAVE_XSP (?INTERRUPT_LEAVE_XSP)
           _BREG_START             00000000 
           ?PBANK                  00000093 
           ?PBANK_NUMBER           0000001E 
           _REGISTER_BANK_START    00000000 
           ?REGISTER_BANK          00000000        Segment part 6 (CSTARTUP)
           _NEAR_CODE_END          00007FFF 
           _FIRST_BANK_ADDR        00010000 
           _CODE_END               00007FFF 
           _CODE_START             00000000 
           _XDATA_END              00001EFF 
           _XDATA_START            00000001 
           _IXDATA_END             00001EFF 
           _IXDATA_START           00000001 
           _PDATA_END              00001EFF 
           _PDATA_START            00001E00 
           _IDATA_END              000000FF 
           ?CBANK                  000000C7        ?RESET_CODE_BANK (CSTARTUP)
                                                   Segment part 1 (?BANKED_CODE_SUPPORT)
           ?CBANK_MASK             00000030 
           _CODEBANK_START         00002900 
           _CODEBANK_END           0000FFFF 
           _NR_OF_BANKS            00000003 
    *************************************************************************

  FILE NAME : F:\6LoWSN\6lowsn_stack\obj\compiletest\iar51_cc2530\edge_coord\Obj\adp.r51
  PROGRAM MODULE, NAME : adp

  SEGMENTS IN THE MODULE
  ======================
XDATA_Z
  Relative segment, address: XDATA 00000200 - 00000200 (0x1 bytes), align: 0
  Segment part 6.             Intra module refs:   adpInit
                                                   adpRxBusy
                                                   adpRxFSM
                                                   adpRxHandoff
           LOCAL                   ADDRESS         
           =====                   =======         
           adpRxState              00000200 
    -------------------------------------------------------------------------
XDATA_Z
  Relative segment, address: XDATA 00000201 - 00000229 (0x29 bytes), align: 0
  Segment part 7.             Intra module refs:   ?Subroutine3
                                                   adpFSM
                                                   adpFmtCompHeader
                                                   adpTxCompData
           ENTRY                   ADDRESS         REF BY
           =====                   =======         ======
           a_adp_service           00000201        ?Subroutine13 (nwk)
                                                   ?Subroutine21 (nwk)
                                                   main (test_demo)
                                                   nwkFSM (nwk)
                                                   nwkTxData (nwk)
    -------------------------------------------------------------------------
XDATA_Z
  Relative segment, address: XDATA 0000022A - 0000022A (0x1 bytes), align: 0
  Segment part 8.             Intra module refs:   adpFSM
                                                   adpInit
                                                   adpRxFSM
           ENTRY                   ADDRESS         REF BY
           =====                   =======         ======
           adpState                0000022A        ?Subroutine21 (nwk)
                                                   nwkFSM (nwk)
    -------------------------------------------------------------------------
XDATA_Z
  Relative segment, address: XDATA 0000022B - 00000261 (0x37 bytes), align: 0
  Segment part 9.             Intra module refs:   ?Subroutine18
                                                   ?Subroutine20
                                                   adpParseCompHdr
                                                   adpRxFSM
                                                   adpRxHandoff
           ENTRY                   ADDRESS         REF BY
           =====                   =======         ======
           a_adp_rx_data           0000022B        nwkRxHandoff (nwk)
    -------------------------------------------------------------------------
XDATA_Z
  Relative segment, address: XDATA 00000262 - 00000262 (0x1 bytes), align: 0
  Segment part 10.            Intra module refs:   adpInit
           ENTRY                   ADDRESS         REF BY
           =====                   =======         ======
           adpDSN                  00000262 
    -------------------------------------------------------------------------
XDATA_Z
  Relative segment, address: XDATA 00000263 - 00000276 (0x14 bytes), align: 0
  Segment part 11.            Intra module refs:   ?Subroutine17
                                                   ?Subroutine5
                                                   adpCopyFwdPkt
                                                   adpFSM
                                                   adpInit
                                                   adpRxFSM
           ENTRY                   ADDRESS         REF BY
           =====                   =======         ======
           adp_pib                 00000263 
    -------------------------------------------------------------------------
XDATA_Z
  Relative segment, address: XDATA 00000277 - 0000028A (0x14 bytes), align: 0
  Segment part 12.            Intra module refs:   adpCopyFwdPkt
                                                   adpFSM
                                                   adpFmtCompHeader
                                                   adpTxCompData
                                                   adpTxData
           ENTRY                   ADDRESS         REF BY
           =====                   =======         ======
           a_adp_tx_data           00000277        nwkFindDstDLLAddr (nwk)
    -------------------------------------------------------------------------
<BANKED_CODE> 1 (was BANKED_CODE)
  Relative segment, address: CODE 000037FD - 00003822 (0x26 bytes), align: 0
  Segment part 15.            Intra module refs:   adpInit::?relay
           ENTRY                   ADDRESS         REF BY
           =====                   =======         ======
           adpInit                 000037FD 
               ISTACK = 00000000 ( 00000002 )
    -------------------------------------------------------------------------
<BANKED_CODE> 1 (was BANKED_CODE)
  Relative segment, address: CODE 00003823 - 00003910 (0xee bytes), align: 0
  Segment part 17.            Intra module refs:   adpFSM::?relay
           ENTRY                   ADDRESS         REF BY
           =====                   =======         ======
           adpFSM                  00003823 
               calls direct
               ISTACK = 00000000 ( 00000002 )
    -------------------------------------------------------------------------
<BANKED_CODE> 1 (was BANKED_CODE)
  Relative segment, address: CODE 00003911 - 00003A35 (0x125 bytes), align: 0
  Segment part 19.            Intra module refs:   adpTxData::?relay
           ENTRY                   ADDRESS         REF BY
           =====                   =======         ======
           adpTxData               00003911 
               calls direct
               XSTACK = 00000000 ( 0000000A )
               ISTACK = 00000000 ( 00000001 )
    -------------------------------------------------------------------------
<BANKED_CODE> 1 (was BANKED_CODE)
  Relative segment, address: CODE 00003A36 - 00003A3A (0x5 bytes), align: 0
  Segment part 21.            Intra module refs:   adpCopyFwdPkt
                                                   adpTxData
           LOCAL                   ADDRESS         
           =====                   =======         
           ?Subroutine38           00003A36 
    -------------------------------------------------------------------------
<BANKED_CODE> 1 (was BANKED_CODE)
  Relative segment, address: CODE 00003A3B - 00003A3D (0x3 bytes), align: 0
  Segment part 22.            Intra module refs:   adpRxFSM
                                                   adpTxData
           LOCAL                   ADDRESS         
           =====                   =======         
           ?Subroutine23           00003A3B 
    -------------------------------------------------------------------------
<BANKED_CODE> 1 (was BANKED_CODE)
  Relative segment, address: CODE 00003A3E - 00003A42 (0x5 bytes), align: 0
  Segment part 23.            Intra module refs:   ?Subroutine23
                                                   adpRxFSM
    -------------------------------------------------------------------------
<BANKED_CODE> 1 (was BANKED_CODE)
  Relative segment, address: CODE 00003A43 - 00003A53 (0x11 bytes), align: 0
  Segment part 24.            Intra module refs:   adpFSM
                                                   adpTxData
           LOCAL                   ADDRESS         
           =====                   =======         
           ?Subroutine4            00003A43 
    -------------------------------------------------------------------------
<BANKED_CODE> 1 (was BANKED_CODE)
  Relative segment, address: CODE 00003A54 - 00003A58 (0x5 bytes), align: 0
  Segment part 25.            Intra module refs:   adpTxData
           LOCAL                   ADDRESS         
           =====                   =======         
           ?Subroutine0            00003A54 
    -------------------------------------------------------------------------
<BANKED_CODE> 1 (was BANKED_CODE)
  Relative segment, address: CODE 00003A59 - 00003A5D (0x5 bytes), align: 0
  Segment part 26.            Intra module refs:   ?Subroutine0
                                                   adpTxCompData
    -------------------------------------------------------------------------
<BANKED_CODE> 1 (was BANKED_CODE)
  Relative segment, address: CODE 00003A5E - 00003A6C (0xf bytes), align: 0
  Segment part 27.            Intra module refs:   ?Subroutine1
                                                   Segment part 26
           LOCAL                   ADDRESS         
           =====                   =======         
           ?Subroutine28           00003A5E 
    -------------------------------------------------------------------------
<BANKED_CODE> 1 (was BANKED_CODE)
  Relative segment, address: CODE 00003A6D - 00003A72 (0x6 bytes), align: 0
  Segment part 28.            Intra module refs:   ?Subroutine28
                                                   Segment part 66
                                                   adpParseCompHdr
                                                   adpRxHandoff
                                                   adpTxCompData
                                                   adpTxData
           LOCAL                   ADDRESS         
           =====                   =======         
           ?Subroutine39           00003A6D 
    -------------------------------------------------------------------------
<BANKED_CODE> 1 (was BANKED_CODE)
  Relative segment, address: CODE 00003A73 - 00003BB9 (0x147 bytes), align: 0
  Segment part 29.            Intra module refs:   adpRxFSM::?relay
           LOCAL                   ADDRESS         
           =====                   =======         
           adpRxFSM                00003A73 
               calls direct
               ISTACK = 00000000 ( 00000003 )
    -------------------------------------------------------------------------
<BANKED_CODE> 1 (was BANKED_CODE)
  Relative segment, address: CODE 00003BBA - 00003BBA (0x1 bytes), align: 0
  Segment part 31.            Intra module refs:   adpInit
                                                   adpRxHandoff
           LOCAL                   ADDRESS         
           =====                   =======         
           ?Subroutine37           00003BBA 
    -------------------------------------------------------------------------
<BANKED_CODE> 1 (was BANKED_CODE)
  Relative segment, address: CODE 00003BBB - 00003BC1 (0x7 bytes), align: 0
  Segment part 32.            Intra module refs:   ?Subroutine37
                                                   adpFSM
                                                   adpRxBusy
                                                   adpRxFSM
    -------------------------------------------------------------------------
<BANKED_CODE> 1 (was BANKED_CODE)
  Relative segment, address: CODE 00003BC2 - 00003BCB (0xa bytes), align: 0
  Segment part 33.            Intra module refs:   adpRxFSM
           LOCAL                   ADDRESS         
           =====                   =======         
           ?Subroutine20           00003BC2 
    -------------------------------------------------------------------------
<BANKED_CODE> 1 (was BANKED_CODE)
  Relative segment, address: CODE 00003BCC - 00003BDD (0x12 bytes), align: 0
  Segment part 34.            Intra module refs:   adpRxBusy::?relay
           ENTRY                   ADDRESS         REF BY
           =====                   =======         ======
           adpRxBusy               00003BCC 
               ISTACK = 00000000 ( 00000002 )
    -------------------------------------------------------------------------
<BANKED_CODE> 1 (was BANKED_CODE)
  Relative segment, address: CODE 00003BDE - 00003C0D (0x30 bytes), align: 0
  Segment part 36.            Intra module refs:   adpRxHandoff::?relay
           ENTRY                   ADDRESS         REF BY
           =====                   =======         ======
           adpRxHandoff            00003BDE 
               ISTACK = 00000000 ( 00000002 )
    -------------------------------------------------------------------------
<BANKED_CODE> 1 (was BANKED_CODE)
  Relative segment, address: CODE 00003C0E - 00003CCD (0xc0 bytes), align: 0
  Segment part 38.            Intra module refs:   adpCopyFwdPkt::?relay
           ENTRY                   ADDRESS         REF BY
           =====                   =======         ======
           adpCopyFwdPkt           00003C0E 
               calls direct
               XSTACK = 00000000 ( 0000000A )
               ISTACK = 00000000 ( 00000001 )
    -------------------------------------------------------------------------
<BANKED_CODE> 1 (was BANKED_CODE)
  Relative segment, address: CODE 00003CCE - 00003CD3 (0x6 bytes), align: 0
  Segment part 40.            Intra module refs:   ?Subroutine19
                                                   ?Subroutine20
                                                   adpCopyFwdPkt
                                                   adpRxFSM
                                                   adpTxData
           LOCAL                   ADDRESS         
           =====                   =======         
           ?Subroutine29           00003CCE 
    -------------------------------------------------------------------------
<BANKED_CODE> 1 (was BANKED_CODE)
  Relative segment, address: CODE 00003CD4 - 00003CDA (0x7 bytes), align: 0
  Segment part 41.            Intra module refs:   adpCopyFwdPkt
                                                   adpRxFSM
           LOCAL                   ADDRESS         
           =====                   =======         
           ?Subroutine19           00003CD4 
    -------------------------------------------------------------------------
<BANKED_CODE> 1 (was BANKED_CODE)
  Relative segment, address: CODE 00003CDB - 00003CEA (0x10 bytes), align: 0
  Segment part 42.            Intra module refs:   adpCopyFwdPkt
                                                   adpRxFSM
           LOCAL                   ADDRESS         
           =====                   =======         
           ?Subroutine17           00003CDB 
    -------------------------------------------------------------------------
<BANKED_CODE> 1 (was BANKED_CODE)
  Relative segment, address: CODE 00003CEB - 00003CEF (0x5 bytes), align: 0
  Segment part 43.            Intra module refs:   adpCopyFwdPkt
                                                   adpParseCompHdr
                                                   adpRxHandoff
           LOCAL                   ADDRESS         
           =====                   =======         
           ?Subroutine16           00003CEB 
    -------------------------------------------------------------------------
<BANKED_CODE> 1 (was BANKED_CODE)
  Relative segment, address: CODE 00003CF0 - 00003CF8 (0x9 bytes), align: 0
  Segment part 44.            Intra module refs:   ?Subroutine16
                                                   adpRxHandoff
           LOCAL                   ADDRESS         
           =====                   =======         
           ?Subroutine33           00003CF0 
    -------------------------------------------------------------------------
<BANKED_CODE> 1 (was BANKED_CODE)
  Relative segment, address: CODE 00003CF9 - 00003D01 (0x9 bytes), align: 0
  Segment part 45.            Intra module refs:   adpCopyFwdPkt
                                                   adpRxFSM
           LOCAL                   ADDRESS         
           =====                   =======         
           ?Subroutine15           00003CF9 
    -------------------------------------------------------------------------
<BANKED_CODE> 1 (was BANKED_CODE)
  Relative segment, address: CODE 00003D02 - 00003D0C (0xb bytes), align: 0
  Segment part 46.            Intra module refs:   adpCopyFwdPkt
                                                   adpRxFSM
           LOCAL                   ADDRESS         
           =====                   =======         
           ?Subroutine6            00003D02 
    -------------------------------------------------------------------------
<BANKED_CODE> 1 (was BANKED_CODE)
  Relative segment, address: CODE 00003D0D - 00003D0F (0x3 bytes), align: 0
  Segment part 53.            Intra module refs:   adpTxCompData
           LOCAL                   ADDRESS         
           =====                   =======         
           ?Subroutine22           00003D0D 
    -------------------------------------------------------------------------
<BANKED_CODE> 1 (was BANKED_CODE)
  Relative segment, address: CODE 00003D10 - 00003D15 (0x6 bytes), align: 0
  Segment part 54.            Intra module refs:   ?Subroutine22
                                                   adpCopyFwdPkt
                                                   adpTxData
    -------------------------------------------------------------------------
<BANKED_CODE> 1 (was BANKED_CODE)
  Relative segment, address: CODE 00003D16 - 00003F68 (0x253 bytes), align: 0
  Segment part 57.            Intra module refs:   adpParseCompHdr::?relay
           ENTRY                   ADDRESS         REF BY
           =====                   =======         ======
           adpParseCompHdr         00003D16 
               calls direct
               XSTACK = 00000000 ( 0000000F )
               ISTACK = 00000000 ( 00000001 )
    -------------------------------------------------------------------------
<BANKED_CODE> 1 (was BANKED_CODE)
  Relative segment, address: CODE 00003F69 - 00003F6E (0x6 bytes), align: 0
  Segment part 59.            Intra module refs:   adpParseCompHdr
           LOCAL                   ADDRESS         
           =====                   =======         
           ?Subroutine42           00003F69 
    -------------------------------------------------------------------------
<BANKED_CODE> 1 (was BANKED_CODE)
  Relative segment, address: CODE 00003F6F - 00003F7E (0x10 bytes), align: 0
  Segment part 60.            Intra module refs:   adpParseCompHdr
                                                   adpRxFSM
           LOCAL                   ADDRESS         
           =====                   =======         
           ?Subroutine18           00003F6F 
    -------------------------------------------------------------------------
<BANKED_CODE> 1 (was BANKED_CODE)
  Relative segment, address: CODE 00003F7F - 00003F82 (0x4 bytes), align: 0
  Segment part 61.            Intra module refs:   adpParseCompHdr
           LOCAL                   ADDRESS         
           =====                   =======         
           ?Subroutine12           00003F7F 
    -------------------------------------------------------------------------
<BANKED_CODE> 1 (was BANKED_CODE)
  Relative segment, address: CODE 00003F83 - 00003F89 (0x7 bytes), align: 0
  Segment part 62.            Intra module refs:   ?Subroutine11
                                                   ?Subroutine12
           LOCAL                   ADDRESS         
           =====                   =======         
           ?Subroutine26           00003F83 
    -------------------------------------------------------------------------
<BANKED_CODE> 1 (was BANKED_CODE)
  Relative segment, address: CODE 00003F8A - 00003F8E (0x5 bytes), align: 0
  Segment part 63.            Intra module refs:   adpParseCompHdr
           LOCAL                   ADDRESS         
           =====                   =======         
           ?Subroutine11           00003F8A 
    -------------------------------------------------------------------------
<BANKED_CODE> 1 (was BANKED_CODE)
  Relative segment, address: CODE 00003F8F - 00003F97 (0x9 bytes), align: 0
  Segment part 64.            Intra module refs:   adpCopyFwdPkt
                                                   adpTxCompData
                                                   adpTxData
           LOCAL                   ADDRESS         
           =====                   =======         
           ?Subroutine7            00003F8F 
    -------------------------------------------------------------------------
<BANKED_CODE> 1 (was BANKED_CODE)
  Relative segment, address: CODE 00003F98 - 00003F99 (0x2 bytes), align: 0
  Segment part 65.            Intra module refs:   ?Subroutine7
                                                   adpTxCompData
    -------------------------------------------------------------------------
<BANKED_CODE> 1 (was BANKED_CODE)
  Relative segment, address: CODE 00003F9A - 00003FA0 (0x7 bytes), align: 0
  Segment part 66.            Intra module refs:   Segment part 65
                                                   adpTxCompData
    -------------------------------------------------------------------------
<BANKED_CODE> 1 (was BANKED_CODE)
  Relative segment, address: CODE 00003FA1 - 00003FA7 (0x7 bytes), align: 0
  Segment part 67.            Intra module refs:   adpParseCompHdr
           LOCAL                   ADDRESS         
           =====                   =======         
           ?Subroutine2            00003FA1 
    -------------------------------------------------------------------------
<BANKED_CODE> 1 (was BANKED_CODE)
  Relative segment, address: CODE 00003FA8 - 00003FAD (0x6 bytes), align: 0
  Segment part 68.            Intra module refs:   ?Subroutine2
                                                   ?Subroutine9
           LOCAL                   ADDRESS         
           =====                   =======         
           ?Subroutine40           00003FA8 
    -------------------------------------------------------------------------
<BANKED_CODE> 1 (was BANKED_CODE)
  Relative segment, address: CODE 00003FAE - 00004060 (0xb3 bytes), align: 0
  Segment part 69.            Intra module refs:   adpFmtCompHeader::?relay
           ENTRY                   ADDRESS         REF BY
           =====                   =======         ======
           adpFmtCompHeader        00003FAE 
               calls direct
               XSTACK = 00000000 ( 0000000C )
               ISTACK = 00000000 ( 00000002 )
    -------------------------------------------------------------------------
<BANKED_CODE> 1 (was BANKED_CODE)
  Relative segment, address: CODE 00004061 - 00004065 (0x5 bytes), align: 0
  Segment part 71.            Intra module refs:   adpFmtCompHeader
                                                   adpTxCompData
           LOCAL                   ADDRESS         
           =====                   =======         
           ?Subroutine43           00004061 
    -------------------------------------------------------------------------
<BANKED_CODE> 1 (was BANKED_CODE)
  Relative segment, address: CODE 00004066 - 000041A3 (0x13e bytes), align: 0
  Segment part 72.            Intra module refs:   adpTxCompData::?relay
           ENTRY                   ADDRESS         REF BY
           =====                   =======         ======
           adpTxCompData           00004066 
               XSTACK = 00000000 ( 0000000C )
               ISTACK = 00000000 ( 00000001 )
    -------------------------------------------------------------------------
<BANKED_CODE> 1 (was BANKED_CODE)
  Relative segment, address: CODE 000041A4 - 000041AB (0x8 bytes), align: 0
  Segment part 74.            Intra module refs:   adpTxCompData
           LOCAL                   ADDRESS         
           =====                   =======         
           ?Subroutine9            000041A4 
    -------------------------------------------------------------------------
<BANKED_CODE> 1 (was BANKED_CODE)
  Relative segment, address: CODE 000041AC - 000041B2 (0x7 bytes), align: 0
  Segment part 75.            Intra module refs:   ?Subroutine31
                                                   ?Subroutine9
                                                   adpCopyFwdPkt
           LOCAL                   ADDRESS         
           =====                   =======         
           ?Subroutine36           000041AC 
    -------------------------------------------------------------------------
<BANKED_CODE> 1 (was BANKED_CODE)
  Relative segment, address: CODE 000041B3 - 000041B7 (0x5 bytes), align: 0
  Segment part 76.            Intra module refs:   adpTxCompData
           LOCAL                   ADDRESS         
           =====                   =======         
           ?Subroutine8            000041B3 
    -------------------------------------------------------------------------
<BANKED_CODE> 1 (was BANKED_CODE)
  Relative segment, address: CODE 000041B8 - 000041BF (0x8 bytes), align: 0
  Segment part 77.            Intra module refs:   ?Subroutine8
                                                   adpTxCompData
           LOCAL                   ADDRESS         
           =====                   =======         
           ?Subroutine31           000041B8 
    -------------------------------------------------------------------------
<BANKED_CODE> 1 (was BANKED_CODE)
  Relative segment, address: CODE 000041C0 - 000041D2 (0x13 bytes), align: 0
  Segment part 78.            Intra module refs:   adpTxCompData
           LOCAL                   ADDRESS         
           =====                   =======         
           ?Subroutine3            000041C0 
    -------------------------------------------------------------------------
<BANKED_CODE> 1 (was BANKED_CODE)
  Relative segment, address: CODE 000041D3 - 000041E2 (0x10 bytes), align: 0
  Segment part 79.            Intra module refs:   ?Subroutine3
                                                   adpTxCompData
           LOCAL                   ADDRESS         
           =====                   =======         
           ?Subroutine30           000041D3 
    -------------------------------------------------------------------------
<BANKED_CODE> 1 (was BANKED_CODE)
  Relative segment, address: CODE 000041E3 - 000041F1 (0xf bytes), align: 0
  Segment part 80.            Intra module refs:   adpTxCompData
           LOCAL                   ADDRESS         
           =====                   =======         
           ?Subroutine1            000041E3 
    -------------------------------------------------------------------------
<BANKED_CODE> 1 (was BANKED_CODE)
  Relative segment, address: CODE 000041F2 - 000041FF (0xe bytes), align: 0
  Segment part 83.            Intra module refs:   adpFSM
           LOCAL                   ADDRESS         
           =====                   =======         
           ?Subroutine5            000041F2 
    -------------------------------------------------------------------------
<BANKED_CODE> 1 (was BANKED_CODE)
  Relative segment, address: CODE 00004200 - 00004202 (0x3 bytes), align: 0
  Segment part 86.            Intra module refs:   ?Subroutine5
           LOCAL                   ADDRESS         
           =====                   =======         
           ?Subroutine32           00004200 
    -------------------------------------------------------------------------
<BANKED_CODE> 1 (was BANKED_CODE)
  Relative segment, address: CODE 00004203 - 00004209 (0x7 bytes), align: 0
  Segment part 87.            Intra module refs:   ?Subroutine32
                                                   ?Subroutine5
    -------------------------------------------------------------------------
<BANKED_CODE> 1 (was BANKED_CODE)
  Relative segment, address: CODE 0000420A - 00004216 (0xd bytes), align: 0
  Segment part 89.            Intra module refs:   adpFSM
           LOCAL                   ADDRESS         
           =====                   =======         
           ?Subroutine34           0000420A 
    -------------------------------------------------------------------------
<BANKED_CODE> 1 (was BANKED_CODE)
  Relative segment, address: CODE 00004217 - 0000421A (0x4 bytes), align: 0
  Segment part 90.            Intra module refs:   adpParseCompHdr
           LOCAL                   ADDRESS         
           =====                   =======         
           ?Subroutine14           00004217 
    -------------------------------------------------------------------------
<BANKED_CODE> 1 (was BANKED_CODE)
  Relative segment, address: CODE 0000421B - 00004221 (0x7 bytes), align: 0
  Segment part 91.            Intra module refs:   ?Subroutine14
                                                   ?Subroutine2
                                                   ?Subroutine26
           LOCAL                   ADDRESS         
           =====                   =======         
           ?Subroutine35           0000421B 
    -------------------------------------------------------------------------
XDATA_I
  Relative segment, address: XDATA 000016EF - 000016F2 (0x4 bytes), align: 0
  Segment part 13.            Intra module refs:   ?Subroutine5 (nd)
                                                   adpFmtCompHeader
                                                   adpParseCompHdr
                                                   apsTxData (aps)
                                                   doIEEE_backoff (halStack)
                                                   ds6Init (ds)
                                                   ds6LocalIPFrom16 (ds)
                                                   halWait (halStack)
                                                   icmpCommonFmt (icmpv6)
                                                   lowsn_ds6_uaddr_add (ds)
                                                   macInit (mac)
                                                   main (test_demo)
           ENTRY                   ADDRESS         REF BY
           =====                   =======         ======
           __Constant_0            000016EF 
    -------------------------------------------------------------------------
XDATA_ID
  Relative segment, address: CODE 0000013F - 00000142 (0x4 bytes), align: 0
  Segment part 14.            Intra module refs:   __Constant_0
    -------------------------------------------------------------------------
BANK_RELAYS
  Relative segment, address: CODE 0000018B - 00000190 (0x6 bytes), align: 0
  Segment part 16.
           ENTRY                   ADDRESS         REF BY
           =====                   =======         ======
           adpInit::?relay         0000018B        apsInit (aps)
    -------------------------------------------------------------------------
BANK_RELAYS
  Relative segment, address: CODE 00000191 - 00000196 (0x6 bytes), align: 0
  Segment part 18.
           ENTRY                   ADDRESS         REF BY
           =====                   =======         ======
           adpFSM::?relay          00000191        ?Subroutine21 (nwk)
                                                   nwkFSM (nwk)
    -------------------------------------------------------------------------
BANK_RELAYS
  Relative segment, address: CODE 00000197 - 0000019C (0x6 bytes), align: 0
  Segment part 20.            Intra module refs:   adpFSM
           ENTRY                   ADDRESS         REF BY
           =====                   =======         ======
           adpTxData::?relay       00000197 
    -------------------------------------------------------------------------
BANK_RELAYS
  Relative segment, address: CODE 0000019D - 000001A2 (0x6 bytes), align: 0
  Segment part 30.            Intra module refs:   adpFSM
           LOCAL                   ADDRESS         
           =====                   =======         
           adpRxFSM::?relay        0000019D 
    -------------------------------------------------------------------------
BANK_RELAYS
  Relative segment, address: CODE 000001A3 - 000001A8 (0x6 bytes), align: 0
  Segment part 35.
           ENTRY                   ADDRESS         REF BY
           =====                   =======         ======
           adpRxBusy::?relay       000001A3        macRxFSM (mac)
    -------------------------------------------------------------------------
BANK_RELAYS
  Relative segment, address: CODE 000001A9 - 000001AE (0x6 bytes), align: 0
  Segment part 37.
           ENTRY                   ADDRESS         REF BY
           =====                   =======         ======
           adpRxHandoff::?relay    000001A9        macRxFSM (mac)
    -------------------------------------------------------------------------
BANK_RELAYS
  Relative segment, address: CODE 000001AF - 000001B4 (0x6 bytes), align: 0
  Segment part 39.            Intra module refs:   adpFSM
           ENTRY                   ADDRESS         REF BY
           =====                   =======         ======
           adpCopyFwdPkt::?relay   000001AF 
    -------------------------------------------------------------------------
BANK_RELAYS
  Relative segment, address: CODE 000001B5 - 000001BA (0x6 bytes), align: 0
  Segment part 58.            Intra module refs:   adpRxFSM
           ENTRY                   ADDRESS         REF BY
           =====                   =======         ======
           adpParseCompHdr::?relay
                                   000001B5 
    -------------------------------------------------------------------------
BANK_RELAYS
  Relative segment, address: CODE 000001BB - 000001C0 (0x6 bytes), align: 0
  Segment part 70.            Intra module refs:   adpFSM
           ENTRY                   ADDRESS         REF BY
           =====                   =======         ======
           adpFmtCompHeader::?relay
                                   000001BB 
    -------------------------------------------------------------------------
BANK_RELAYS
  Relative segment, address: CODE 000001C1 - 000001C6 (0x6 bytes), align: 0
  Segment part 73.            Intra module refs:   adpFSM
           ENTRY                   ADDRESS         REF BY
           =====                   =======         ======
           adpTxCompData::?relay   000001C1 

    *************************************************************************

  FILE NAME : F:\6LoWSN\6lowsn_stack\obj\compiletest\iar51_cc2530\edge_coord\Obj\aps.r51
  PROGRAM MODULE, NAME : aps

  SEGMENTS IN THE MODULE
  ======================
SFR_AN
  Relative segment, address: DATA 000000A8 - 000000A8 (0x1 bytes), align: 0
  Segment part 1. ROOT.       Intra module refs:   MemAlloc (memalloc)
                                                   MemFree (memalloc)
                                                   halGetMACTimer (halStack)
                                                   halInitMACTimer (halStack)
                                                   halInitRadio (halStack)
                                                   halInitUart (halStack)
                                                   halSetRadioIEEEFrequency (halStack)
                                                   hal_Timer2_Isr (halStack)
                                                   hal_Uart0_RxIsr (halStack)
                                                   hal_rf_Isr (halStack)
                                                   hal_rferr_Isr (halStack)
                                                   main (test_demo)
           ENTRY                   ADDRESS         REF BY
           =====                   =======         ======
           _A_IEN0                 000000A8 
    -------------------------------------------------------------------------
XDATA_Z
  Relative segment, address: XDATA 0000028B - 00000345 (0xbb bytes), align: 0
  Segment part 7.             Intra module refs:   ?Subroutine13
                                                   ?Subroutine27
                                                   ?Subroutine37
                                                   ?Subroutine42
                                                   apsFSM
                                                   apsInit
                                                   apsRxFSM
                                                   apsTxData
                                                   apsTxFSM
           ENTRY                   ADDRESS         REF BY
           =====                   =======         ======
           aps_pib                 0000028B        ?Subroutine1 (mp)
                                                   mpCommonFmt (mp)
                                                   slipFSM (slip)
    -------------------------------------------------------------------------
XDATA_Z
  Relative segment, address: XDATA 00000346 - 00000359 (0x14 bytes), align: 0
  Segment part 8.             Intra module refs:   ?Subroutine40
                                                   apsFSM
           ENTRY                   ADDRESS         REF BY
           =====                   =======         ======
           a_aps_service           00000346        main (test_demo)
                                                   slipFSM (slip)
    -------------------------------------------------------------------------
XDATA_Z
  Relative segment, address: XDATA 0000035A - 0000035A (0x1 bytes), align: 0
  Segment part 9.             Intra module refs:   aplFmtSendCSData
                                                   aplFmtSendPublishData
                                                   aplFmtSendReportData
                                                   apsFSM
                                                   apsInit
           ENTRY                   ADDRESS         REF BY
           =====                   =======         ======
           apsState                0000035A        main (test_demo)
                                                   slipFSM (slip)
    -------------------------------------------------------------------------
XDATA_Z
  Relative segment, address: XDATA 0000035B - 00000398 (0x3e bytes), align: 0
  Segment part 11.            Intra module refs:   ?Subroutine10
                                                   ?Subroutine17
                                                   ?Subroutine2
                                                   ?Subroutine29
                                                   ?Subroutine35
                                                   ?Subroutine37
                                                   ?Subroutine40
                                                   aplFmtSendCSData
                                                   aplFmtSendPublishData
                                                   aplFmtSendReportData
                                                   apsFSM
                                                   apsRxFSM
                                                   apsTxData
                                                   apsTxFSM
           ENTRY                   ADDRESS         REF BY
           =====                   =======         ======
           a_aps_tx_data           0000035B        ?Subroutine1 (mp)
                                                   ?Subroutine2 (mp)
                                                   ?Subroutine3 (mp)
                                                   mpCommonFmt (mp)
                                                   mpFmtReadResponse (mp)
    -------------------------------------------------------------------------
XDATA_Z
  Relative segment, address: XDATA 00000399 - 000003EA (0x52 bytes), align: 0
  Segment part 12.            Intra module refs:   ?Subroutine14
                                                   ?Subroutine8
                                                   apsFSM
                                                   apsFormatSlipApsHeader
                                                   apsParseHdr
                                                   apsRxFSM
                                                   apsRxHandoff
           ENTRY                   ADDRESS         REF BY
           =====                   =======         ======
           a_aps_rx_data           00000399        ?Subroutine7 (mp)
                                                   mpFmtReadResponse (mp)
                                                   usrRxPacketCallback (test_demo)
    -------------------------------------------------------------------------
XDATA_Z
  Relative segment, address: XDATA 000003EB - 000003EE (0x4 bytes), align: 0
  Segment part 14.            Intra module refs:   ?Subroutine31
           LOCAL                   ADDRESS         
           =====                   =======         
           aps_utility_timer       000003EB 
    -------------------------------------------------------------------------
XDATA_Z
  Relative segment, address: XDATA 000003EF - 0000040F (0x21 bytes), align: 0
  Segment part 15.            Intra module refs:   apsFormatSlipApsHeader
                                                   apsRxFSM
           ENTRY                   ADDRESS         REF BY
           =====                   =======         ======
           aps_header_buf          000003EF 
    -------------------------------------------------------------------------
XDATA_Z
  Relative segment, address: XDATA 00000410 - 00000410 (0x1 bytes), align: 0
  Segment part 16.            Intra module refs:   apsInit
                                                   apsRxBusy
                                                   apsRxFSM
                                                   apsRxHandoff
           LOCAL                   ADDRESS         
           =====                   =======         
           apsRxState              00000410 
    -------------------------------------------------------------------------
XDATA_Z
  Relative segment, address: XDATA 00000411 - 00000411 (0x1 bytes), align: 0
  Segment part 17.            Intra module refs:   apsFSM
                                                   apsTxData
                                                   apsTxFSM
           LOCAL                   ADDRESS         
           =====                   =======         
           apsTxFSM_status         00000411 
    -------------------------------------------------------------------------
<BANKED_CODE> 1 (was BANKED_CODE)
  Relative segment, address: CODE 00002BCA - 00002C22 (0x59 bytes), align: 0
  Segment part 32.            Intra module refs:   apsInit::?relay
           ENTRY                   ADDRESS         REF BY
           =====                   =======         ======
           apsInit                 00002BCA 
               calls direct
               XSTACK = 00000000 ( 0000000C )
    -------------------------------------------------------------------------
<BANKED_CODE> 1 (was BANKED_CODE)
  Relative segment, address: CODE 00002C23 - 00002C82 (0x60 bytes), align: 0
  Segment part 34.            Intra module refs:   aplFmtSendPublishData::?relay
           ENTRY                   ADDRESS         REF BY
           =====                   =======         ======
           aplFmtSendPublishData   00002C23 
               calls direct
               XSTACK = 00000016 ( 00000011 )
    -------------------------------------------------------------------------
<BANKED_CODE> 1 (was BANKED_CODE)
  Relative segment, address: CODE 00002C83 - 00002C84 (0x2 bytes), align: 0
  Segment part 36.            Intra module refs:   aplFmtSendPublishData
                                                   aplFmtSendReportData
           LOCAL                   ADDRESS         
           =====                   =======         
           ?Subroutine49           00002C83 
    -------------------------------------------------------------------------
<BANKED_CODE> 1 (was BANKED_CODE)
  Relative segment, address: CODE 00002C85 - 00002C8C (0x8 bytes), align: 0
  Segment part 37.            Intra module refs:   ?Subroutine49
                                                   aplFmtSendCSData
    -------------------------------------------------------------------------
<BANKED_CODE> 1 (was BANKED_CODE)
  Relative segment, address: CODE 00002C8D - 00002CEE (0x62 bytes), align: 0
  Segment part 38.            Intra module refs:   aplFmtSendReportData::?relay
           ENTRY                   ADDRESS         REF BY
           =====                   =======         ======
           aplFmtSendReportData    00002C8D 
               calls direct
               XSTACK = 00000016 ( 00000011 )
    -------------------------------------------------------------------------
<BANKED_CODE> 1 (was BANKED_CODE)
  Relative segment, address: CODE 00002CEF - 00002D02 (0x14 bytes), align: 0
  Segment part 40.            Intra module refs:   aplFmtSendPublishData
                                                   aplFmtSendReportData
           LOCAL                   ADDRESS         
           =====                   =======         
           ?Subroutine23           00002CEF 
    -------------------------------------------------------------------------
<BANKED_CODE> 1 (was BANKED_CODE)
  Relative segment, address: CODE 00002D03 - 00002D10 (0xe bytes), align: 0
  Segment part 41.            Intra module refs:   aplFmtSendPublishData
                                                   aplFmtSendReportData
           LOCAL                   ADDRESS         
           =====                   =======         
           ?Subroutine17           00002D03 
    -------------------------------------------------------------------------
<BANKED_CODE> 1 (was BANKED_CODE)
  Relative segment, address: CODE 00002D11 - 00002D1A (0xa bytes), align: 0
  Segment part 42.            Intra module refs:   aplFmtSendPublishData
                                                   aplFmtSendReportData
           LOCAL                   ADDRESS         
           =====                   =======         
           ?Subroutine16           00002D11 
    -------------------------------------------------------------------------
<BANKED_CODE> 1 (was BANKED_CODE)
  Relative segment, address: CODE 00002D1B - 00002D3C (0x22 bytes), align: 0
  Segment part 43.            Intra module refs:   aplFmtSendPublishData
                                                   aplFmtSendReportData
           LOCAL                   ADDRESS         
           =====                   =======         
           ?Subroutine2            00002D1B 
    -------------------------------------------------------------------------
<BANKED_CODE> 1 (was BANKED_CODE)
  Relative segment, address: CODE 00002D3D - 00002E08 (0xcc bytes), align: 0
  Segment part 44.            Intra module refs:   aplFmtSendCSData::?relay
           ENTRY                   ADDRESS         REF BY
           =====                   =======         ======
           aplFmtSendCSData        00002D3D 
               calls direct
               XSTACK = 00000018 ( 00000013 )
    -------------------------------------------------------------------------
<BANKED_CODE> 1 (was BANKED_CODE)
  Relative segment, address: CODE 00002E09 - 00002E20 (0x18 bytes), align: 0
  Segment part 46.            Intra module refs:   ?Subroutine2
                                                   aplFmtSendCSData
           LOCAL                   ADDRESS         
           =====                   =======         
           ?Subroutine40           00002E09 
    -------------------------------------------------------------------------
<BANKED_CODE> 1 (was BANKED_CODE)
  Relative segment, address: CODE 00002E21 - 00002E34 (0x14 bytes), align: 0
  Segment part 47.            Intra module refs:   ?Subroutine2
                                                   aplFmtSendCSData
           LOCAL                   ADDRESS         
           =====                   =======         
           ?Subroutine37           00002E21 
    -------------------------------------------------------------------------
<BANKED_CODE> 1 (was BANKED_CODE)
  Relative segment, address: CODE 00002E35 - 00002E38 (0x4 bytes), align: 0
  Segment part 48.            Intra module refs:   aplFmtSendCSData
                                                   apsRxHandoff
                                                   apsTxData
           LOCAL                   ADDRESS         
           =====                   =======         
           ?Subroutine25           00002E35 
    -------------------------------------------------------------------------
<BANKED_CODE> 1 (was BANKED_CODE)
  Relative segment, address: CODE 00002E39 - 00003126 (0x2ee bytes), align: 0
  Segment part 49.            Intra module refs:   apsFSM::?relay
           ENTRY                   ADDRESS         REF BY
           =====                   =======         ======
           apsFSM                  00002E39 
               calls direct
               XSTACK = 00000013 ( 00000020 )
    -------------------------------------------------------------------------
<BANKED_CODE> 1 (was BANKED_CODE)
  Relative segment, address: CODE 00003127 - 0000312D (0x7 bytes), align: 0
  Segment part 51.            Intra module refs:   ?Subroutine17
                                                   Segment part 56
                                                   apsFSM
           LOCAL                   ADDRESS         
           =====                   =======         
           ?Subroutine39           00003127 
    -------------------------------------------------------------------------
<BANKED_CODE> 1 (was BANKED_CODE)
  Relative segment, address: CODE 0000312E - 00003136 (0x9 bytes), align: 0
  Segment part 52.            Intra module refs:   apsFSM
           LOCAL                   ADDRESS         
           =====                   =======         
           ?Subroutine31           0000312E 
    -------------------------------------------------------------------------
<BANKED_CODE> 1 (was BANKED_CODE)
  Relative segment, address: CODE 00003137 - 0000313F (0x9 bytes), align: 0
  Segment part 53.            Intra module refs:   apsFSM
           LOCAL                   ADDRESS         
           =====                   =======         
           ?Subroutine29           00003137 
    -------------------------------------------------------------------------
<BANKED_CODE> 1 (was BANKED_CODE)
  Relative segment, address: CODE 00003140 - 00003144 (0x5 bytes), align: 0
  Segment part 54.            Intra module refs:   apsFSM
           LOCAL                   ADDRESS         
           =====                   =======         
           ?Subroutine19           00003140 
    -------------------------------------------------------------------------
<BANKED_CODE> 1 (was BANKED_CODE)
  Relative segment, address: CODE 00003145 - 00003147 (0x3 bytes), align: 0
  Segment part 55.            Intra module refs:   apsFSM
           LOCAL                   ADDRESS         
           =====                   =======         
           ?Subroutine18           00003145 
    -------------------------------------------------------------------------
<BANKED_CODE> 1 (was BANKED_CODE)
  Relative segment, address: CODE 00003148 - 0000314C (0x5 bytes), align: 0
  Segment part 56.            Intra module refs:   ?Subroutine18
                                                   aplFmtSendCSData
    -------------------------------------------------------------------------
<BANKED_CODE> 1 (was BANKED_CODE)
  Relative segment, address: CODE 0000314D - 00003155 (0x9 bytes), align: 0
  Segment part 57.            Intra module refs:   apsFSM
           LOCAL                   ADDRESS         
           =====                   =======         
           ?Subroutine12           0000314D 
    -------------------------------------------------------------------------
<BANKED_CODE> 1 (was BANKED_CODE)
  Relative segment, address: CODE 00003156 - 0000315E (0x9 bytes), align: 0
  Segment part 58.            Intra module refs:   aplFmtSendCSData
                                                   apsFSM
           LOCAL                   ADDRESS         
           =====                   =======         
           ?Subroutine10           00003156 
    -------------------------------------------------------------------------
<BANKED_CODE> 1 (was BANKED_CODE)
  Relative segment, address: CODE 0000315F - 00003162 (0x4 bytes), align: 0
  Segment part 59.            Intra module refs:   aplFmtSendCSData
                                                   apsFSM
           LOCAL                   ADDRESS         
           =====                   =======         
           ?Subroutine9            0000315F 
    -------------------------------------------------------------------------
<BANKED_CODE> 1 (was BANKED_CODE)
  Relative segment, address: CODE 00003163 - 0000316B (0x9 bytes), align: 0
  Segment part 60.            Intra module refs:   ?Subroutine2
                                                   ?Subroutine9
           LOCAL                   ADDRESS         
           =====                   =======         
           ?Subroutine35           00003163 
    -------------------------------------------------------------------------
<BANKED_CODE> 1 (was BANKED_CODE)
  Relative segment, address: CODE 0000316C - 000032EF (0x184 bytes), align: 0
  Segment part 61.            Intra module refs:   apsTxData::?relay
           ENTRY                   ADDRESS         REF BY
           =====                   =======         ======
           apsTxData               0000316C 
               calls direct
               XSTACK = 00000010 ( 0000000C )
               ISTACK = 00000000 ( 00000001 )
    -------------------------------------------------------------------------
<BANKED_CODE> 1 (was BANKED_CODE)
  Relative segment, address: CODE 000032F0 - 000032F4 (0x5 bytes), align: 0
  Segment part 63.            Intra module refs:   apsInit
                                                   apsTxData
                                                   apsTxFSM
           LOCAL                   ADDRESS         
           =====                   =======         
           ?Subroutine47           000032F0 
    -------------------------------------------------------------------------
<BANKED_CODE> 1 (was BANKED_CODE)
  Relative segment, address: CODE 000032F5 - 00003304 (0x10 bytes), align: 0
  Segment part 64.            Intra module refs:   apsFSM
                                                   apsTxData
           LOCAL                   ADDRESS         
           =====                   =======         
           ?Subroutine24           000032F5 
    -------------------------------------------------------------------------
<BANKED_CODE> 1 (was BANKED_CODE)
  Relative segment, address: CODE 00003305 - 00003308 (0x4 bytes), align: 0
  Segment part 65.            Intra module refs:   apsTxData
           LOCAL                   ADDRESS         
           =====                   =======         
           ?Subroutine5            00003305 
    -------------------------------------------------------------------------
<BANKED_CODE> 1 (was BANKED_CODE)
  Relative segment, address: CODE 00003309 - 0000330B (0x3 bytes), align: 0
  Segment part 66.            Intra module refs:   apsTxData
           LOCAL                   ADDRESS         
           =====                   =======         
           ?Subroutine4            00003309 
    -------------------------------------------------------------------------
<BANKED_CODE> 1 (was BANKED_CODE)
  Relative segment, address: CODE 0000330C - 00003310 (0x5 bytes), align: 0
  Segment part 67.            Intra module refs:   ?Subroutine4
                                                   Segment part 77
           LOCAL                   ADDRESS         
           =====                   =======         
           ?Subroutine52           0000330C 
    -------------------------------------------------------------------------
<BANKED_CODE> 1 (was BANKED_CODE)
  Relative segment, address: CODE 00003311 - 00003319 (0x9 bytes), align: 0
  Segment part 68.            Intra module refs:   apsTxData
           LOCAL                   ADDRESS         
           =====                   =======         
           ?Subroutine3            00003311 
    -------------------------------------------------------------------------
<BANKED_CODE> 1 (was BANKED_CODE)
  Relative segment, address: CODE 0000331A - 00003322 (0x9 bytes), align: 0
  Segment part 69.            Intra module refs:   apsTxData
           LOCAL                   ADDRESS         
           =====                   =======         
           ?Subroutine1            0000331A 
    -------------------------------------------------------------------------
<BANKED_CODE> 1 (was BANKED_CODE)
  Relative segment, address: CODE 00003323 - 00003323 (0x1 bytes), align: 0
  Segment part 70.            Intra module refs:   ?Subroutine0
                                                   ?Subroutine1
                                                   ?Subroutine3
                                                   ?Subroutine5
           LOCAL                   ADDRESS         
           =====                   =======         
           ?Subroutine34           00003323 
    -------------------------------------------------------------------------
<BANKED_CODE> 1 (was BANKED_CODE)
  Relative segment, address: CODE 00003324 - 00003332 (0xf bytes), align: 0
  Segment part 71.            Intra module refs:   ?Subroutine34
                                                   ?Subroutine4
    -------------------------------------------------------------------------
<BANKED_CODE> 1 (was BANKED_CODE)
  Relative segment, address: CODE 00003333 - 00003333 (0x1 bytes), align: 0
  Segment part 72.            Intra module refs:   ?Subroutine10
                                                   ?Subroutine34
                                                   ?Subroutine35
                                                   Segment part 71
           LOCAL                   ADDRESS         
           =====                   =======         
           ?Subroutine50           00003333 
    -------------------------------------------------------------------------
<BANKED_CODE> 1 (was BANKED_CODE)
  Relative segment, address: CODE 00003334 - 00003338 (0x5 bytes), align: 0
  Segment part 73.            Intra module refs:   ?Subroutine25
                                                   ?Subroutine50
                                                   apsFSM
                                                   apsParseHdr
    -------------------------------------------------------------------------
<BANKED_CODE> 1 (was BANKED_CODE)
  Relative segment, address: CODE 00003339 - 00003340 (0x8 bytes), align: 0
  Segment part 74.            Intra module refs:   apsTxData
           LOCAL                   ADDRESS         
           =====                   =======         
           ?Subroutine0            00003339 
    -------------------------------------------------------------------------
<BANKED_CODE> 1 (was BANKED_CODE)
  Relative segment, address: CODE 00003341 - 00003345 (0x5 bytes), align: 0
  Segment part 75.            Intra module refs:   ?Subroutine0
                                                   apsTxData
           LOCAL                   ADDRESS         
           =====                   =======         
           ?Subroutine38           00003341 
    -------------------------------------------------------------------------
<BANKED_CODE> 1 (was BANKED_CODE)
  Relative segment, address: CODE 00003346 - 00003349 (0x4 bytes), align: 0
  Segment part 76.            Intra module refs:   ?Subroutine1
                                                   ?Subroutine38
           LOCAL                   ADDRESS         
           =====                   =======         
           ?Subroutine44           00003346 
    -------------------------------------------------------------------------
<BANKED_CODE> 1 (was BANKED_CODE)
[...]
  Segment part 2.
           ENTRY                   ADDRESS         REF BY
           =====                   =======         ======
           ?PUSH_XSTACK_I_TWO      00000B22        MemInit (memalloc)
                                                   ds6Init (ds)
                                                   ds6TestOnLink (ds)
                                                   icmpCommonFmt (icmpv6)
                                                   lowsn_ds6_aaddr_lookup (ds)
                                                   lowsn_ds6_list_loop (ds)
                                                   lowsn_ds6_maddr_add (ds)
                                                   lowsn_ds6_maddr_lookup (ds)
                                                   lowsn_ds6_prefix_add (ds)
                                                   lowsn_ds6_uaddr_add (ds)
                                                   lowsn_ds6_uaddr_lookup (ds)
                                                   mpInit (mp)
                                                   ntNewAddressMapEntry (neighbor)
                                                   slipFSM (slip)
                                                   upper_layer_chksum (nwk)
    -------------------------------------------------------------------------
RCODE
  Relative segment, address: CODE 00000B26 - 00000B27 (0x2 bytes), align: 0
  Segment part 3.
           ENTRY                   ADDRESS         REF BY
           =====                   =======         ======
           ?PUSH_XSTACK_I_ONE      00000B26        lowsn_ds6_aaddr_lookup (ds)
                                                   lowsn_ds6_maddr_add (ds)
                                                   lowsn_ds6_maddr_lookup (ds)
                                                   lowsn_ds6_prefix_add (ds)
                                                   lowsn_ds6_uaddr_add (ds)
                                                   lowsn_ds6_uaddr_lookup (ds)
                                                   slipFSM (slip)
    -------------------------------------------------------------------------
RCODE
  Relative segment, address: CODE 00000B28 - 00000B34 (0xd bytes), align: 0
  Segment part 4.             Intra module refs:   ?PUSH_XSTACK_I_ONE
                                                   ?PUSH_XSTACK_I_TWO
           ENTRY                   ADDRESS         REF BY
           =====                   =======         ======
           ?PUSH_XSTACK_I          00000B28 

    -------------------------------------------------------------------------
  LIBRARY MODULE, NAME : ?PUSH_XSTACK8_X

  SEGMENTS IN THE MODULE
  ======================
RCODE
  Relative segment, address: CODE 00000B35 - 00000B38 (0x4 bytes), align: 0
  Segment part 1.
           ENTRY                   ADDRESS         REF BY
           =====                   =======         ======
           ?PUSH_XSTACK8_X_FOUR    00000B35        ds6Init (ds)
                                                   ds6LocalIPFrom16 (ds)
                                                   main (test_demo)
    -------------------------------------------------------------------------
RCODE
  Relative segment, address: CODE 00000B39 - 00000B3C (0x4 bytes), align: 0
  Segment part 3.
           ENTRY                   ADDRESS         REF BY
           =====                   =======         ======
           ?PUSH_XSTACK8_X_TWO     00000B39        adpParseCompHdr (adp)
                                                   ds6LocalIPFrom16 (ds)
                                                   lowsn_ds6_prefix_add (ds)
    -------------------------------------------------------------------------
RCODE
  Relative segment, address: CODE 00000B3D - 00000B65 (0x29 bytes), align: 0
  Segment part 5.             Intra module refs:   ?PUSH_XSTACK8_X_FOUR
                                                   ?PUSH_XSTACK8_X_TWO
           ENTRY                   ADDRESS         REF BY
           =====                   =======         ======
           ?PUSH_XSTACK8_X         00000B3D        apsFSM (aps)
                                                   mpFmtDeviceInfo (mp)
                                                   mpFmtTreeNeighborInfo (mp)
                                                   phyFSM (phy)
                                                   slipFSM (slip)

    -------------------------------------------------------------------------
  LIBRARY MODULE, NAME : ?UC_SWITCH_DENSE

  SEGMENTS IN THE MODULE
  ======================
RCODE
  Relative segment, address: CODE 00000B66 - 00000B6B (0x6 bytes), align: 0
  Segment part 0.
           ENTRY                   ADDRESS         REF BY
           =====                   =======         ======
           ?UC_SWITCH_DENSE        00000B66        adpFSM (adp)
                                                   adpRxFSM (adp)
                                                   apsFSM (aps)
                                                   apsRxFSM (aps)
                                                   evbLedSet (evboard)
                                                   macFSM (mac)
                                                   macRxFSM (mac)
                                                   macTxData (mac)
                                                   ntGetCskip (neighbor)
                                                   nwkFSM (nwk)
                                                   nwkRxFSM (nwk)
                                                   phyFSM (phy)
                                                   slipFSM (slip)
                                                   slipRcv (slip)
    -------------------------------------------------------------------------
RCODE
  Relative segment, address: CODE 00000B6C - 00000B9A (0x2f bytes), align: 0
  Segment part 2.             Intra module refs:   ?UC_SWITCH_DENSE
    -------------------------------------------------------------------------
RCODE
  Relative segment, address: CODE 00000B9B - 00000B9B (0x1 bytes), align: 0
  Segment part 4.             Intra module refs:   ?UC_SWITCH_DENSE

    -------------------------------------------------------------------------
  LIBRARY MODULE, NAME : ?UC_SWITCH_SPARSE

  SEGMENTS IN THE MODULE
  ======================
RCODE
  Relative segment, address: CODE 00000B9C - 00000BA2 (0x7 bytes), align: 0
  Segment part 0.
           ENTRY                   ADDRESS         REF BY
           =====                   =======         ======
           ?UC_SWITCH_SPARSE       00000B9C        adpFSM (adp)
                                                   macFSM (mac)
                                                   macRxFSM (mac)
                                                   nwkFSM (nwk)
                                                   nwkRxFSM (nwk)
                                                   slipRcv (slip)
                                                   slipSend (slip)
    -------------------------------------------------------------------------
RCODE
  Relative segment, address: CODE 00000BA3 - 00000BC4 (0x22 bytes), align: 0
  Segment part 2.             Intra module refs:   ?UC_SWITCH_SPARSE
           ENTRY                   ADDRESS         REF BY
           =====                   =======         ======
           ?UC_SWITCH_SPARSE_LEAVE
                                   00000BB9        ?UC_JMP_IF_IN_RANGE (?UC_JMP_IF_IN_RANGE)
                                                   ?UC_JMP_IF_VALUE (?UC_JMP_IF_VALUE)
    -------------------------------------------------------------------------
RCODE
  Relative segment, address: CODE 00000BC5 - 00000BC5 (0x1 bytes), align: 0
  Segment part 4.             Intra module refs:   ?UC_SWITCH_SPARSE

    -------------------------------------------------------------------------
  LIBRARY MODULE, NAME : ?UC_JMP_IF_IN_RANGE

  SEGMENTS IN THE MODULE
  ======================
RCODE
  Relative segment, address: CODE 00000BC6 - 00000BE4 (0x1f bytes), align: 0
  Segment part 0.
           ENTRY                   ADDRESS         REF BY
           =====                   =======         ======
           ?UC_JMP_IF_IN_RANGE     00000BC6        ?UC_SWITCH_SPARSE_LEAVE (?UC_SWITCH_SPARSE)

    -------------------------------------------------------------------------
  LIBRARY MODULE, NAME : ?UC_JMP_IF_VALUE

  SEGMENTS IN THE MODULE
  ======================
RCODE
  Relative segment, address: CODE 00000BE5 - 00000BFA (0x16 bytes), align: 0
  Segment part 0.
           ENTRY                   ADDRESS         REF BY
           =====                   =======         ======
           ?UC_JMP_IF_VALUE        00000BE5        ?UC_SWITCH_SPARSE_LEAVE (?UC_SWITCH_SPARSE)

    -------------------------------------------------------------------------
  LIBRARY MODULE, NAME : ?memcmp

  SEGMENTS IN THE MODULE
  ======================
<BANKED_CODE> 1 (was BANKED_CODE)
  Relative segment, address: CODE 00006A5F - 00006AB7 (0x59 bytes), align: 0
  Segment part 6.             Intra module refs:   memcmp::?relay
           ENTRY                   ADDRESS         REF BY
           =====                   =======         ======
           memcmp                  00006A5F 
               XSTACK = 00000002 ( 00000009 )
    -------------------------------------------------------------------------
BANK_RELAYS
  Relative segment, address: CODE 00000551 - 00000556 (0x6 bytes), align: 0
  Segment part 7.
           ENTRY                   ADDRESS         REF BY
           =====                   =======         ======
           memcmp::?relay          00000551        ds6TestOnLink (ds)
                                                   lowsn_ds6_list_loop (ds)

    -------------------------------------------------------------------------
  LIBRARY MODULE, NAME : ?memcpy

  SEGMENTS IN THE MODULE
  ======================
<BANKED_CODE> 1 (was BANKED_CODE)
  Relative segment, address: CODE 00006B0D - 00006B54 (0x48 bytes), align: 0
  Segment part 6.             Intra module refs:   memcpy::?relay
           ENTRY                   ADDRESS         REF BY
           =====                   =======         ======
           memcpy                  00006B0D 
               XSTACK = 00000002 ( 0000000A )
               ISTACK = 00000000 ( 00000001 )
    -------------------------------------------------------------------------
BANK_RELAYS
  Relative segment, address: CODE 00000557 - 0000055C (0x6 bytes), align: 0
  Segment part 7.
           ENTRY                   ADDRESS         REF BY
           =====                   =======         ======
           memcpy::?relay          00000557        icmpCommonFmt (icmpv6)

    -------------------------------------------------------------------------
  LIBRARY MODULE, NAME : ?memset

  SEGMENTS IN THE MODULE
  ======================
<BANKED_CODE> 1 (was BANKED_CODE)
  Relative segment, address: CODE 00006B55 - 00006B83 (0x2f bytes), align: 0
  Segment part 6.             Intra module refs:   memset::?relay
           ENTRY                   ADDRESS         REF BY
           =====                   =======         ======
           memset                  00006B55 
               XSTACK = 00000002 ( 00000009 )
               ISTACK = 00000000 ( 00000001 )
    -------------------------------------------------------------------------
BANK_RELAYS
  Relative segment, address: CODE 0000055D - 00000562 (0x6 bytes), align: 0
  Segment part 7.
           ENTRY                   ADDRESS         REF BY
           =====                   =======         ======
           memset::?relay          0000055D        MemInit (memalloc)
                                                   ds6Init (ds)

    -------------------------------------------------------------------------
  LIBRARY MODULE, NAME : ?low_level_init

  SEGMENTS IN THE MODULE
  ======================
CSTART
  Relative segment, address: CODE 0000013C - 0000013E (0x3 bytes), align: 0
  Segment part 6. ROOT.
           ENTRY                   ADDRESS         REF BY
           =====                   =======         ======
           __low_level_init        0000013C        __low_level_init_call (?cmain)




                ****************************************
                *                                      *
                *            MODULE SUMMARY            *
                *                                      *
                ****************************************

Module                     CODE      DATA      XDATA  IDATA    BIT
------                     ----      ----      -----  -----    ---
                          (Rel)  (Rel)  (Abs)  (Rel)  (Rel)  (Rel)
?ADD_XSTACK_DISP8            27
?ALLOC_XSTACK8               22
?BANKED_CODE_SUPPORT         71
?BANKED_ENTER_XDATA         102
?BANKED_LEAVE_XDATA          62
?DEALLOC_XSTACK8             26
?FLT_MUL                    384
?FLT_TEST_INF                21
?FLT_TEST_INF_R1             21
?FLT_TEST_NAN                15
?FLT_TEST_NAN_R1             15
?FLT_TEST_ZERO               10
?FLT_TEST_ZERO_R1            10
?FLT_TO_L                   143
?INTERRUPT_ENTER_XSP         95
?INTERRUPT_LEAVE_XSP         80
?L_ADD                       19
?L_ADD_TO_X                  19
?L_ADD_X                     19
?L_AND_X                     19
?L_EQ_X                      21
?L_MOV_TO_X                  15
?L_MOV_X                     15
?L_SHL                       31
?L_SUB_X                     24
?L_TO_FLT                    93
?MOVE_LONG8_XDATA_IDATA      13
?MOVE_LONG8_XDATA_XDATA      33
?PUSH_XSTACK8_X              49
?PUSH_XSTACK_I               19
?SS_SHR                      16
?S_SHL                       19
?UC_JMP_IF_IN_RANGE          31
?UC_JMP_IF_VALUE             22
?UC_SWITCH_DENSE             54
?UC_SWITCH_SPARSE            42
?UL_GT                       16
?UL_GT_X                     16
?UL_SHR                      25
?US_SHR                      15
?XSTACK_DISP8                10
?cexit                        5
?cmain                       88
?low_level_init               3
?memcmp                      95
?memcpy                      78
?memset                      53
CSTARTUP                     18
  + common                    3
VIRTUAL_REGISTERS                    2                           8
adp                       2 661                  139
  + shared                                         4
aps                       3 207                  399
  + shared                                  1      4
console                     139
debug                                              1
ds                        2 439                  407
  + shared                                         4
evboard                     415             4      2
  + shared                                  1
halNeighbor                                      340
halStack                  2 455            39    171
  + shared                  134                    4
  + common
hal_dma                                     4
icmpv6                      755
mac                       3 982                  130
memalloc                    621                2 048
mp                          770                   20
nd                          768                    2
neighbor                  1 382                   68
nwk                       3 541                  200
phy                         336                  153
slip                      1 440                1 314
test_demo                   380                   25
N/A (command line)                  16           511     64
N/A (alignment)
----------               ------     --     --  -----     --      -
Total:                   27 390     18     49  5 946     64      8
  + common                  134


                ****************************************
                *                                      *
                *      SEGMENTS IN ADDRESS ORDER       *
                *                                      *
                ****************************************


SEGMENT              SPACE    START ADDRESS   END ADDRESS     SIZE  TYPE  ALIGN
=======              =====    =============   ===========     ====  ====  =====
INTVEC               CODE          00000000 - 00000085          86   com    0
CSTART               CODE          00000086 - 0000013E          B9   rel    0
IDATA_ID             CODE               0000013F                     dse    0
BIT_ID               CODE               0000013F                     dse    0
BDATA_ID             CODE               0000013F                     dse    0
IXDATA_ID            CODE               0000013F                     dse    0
PDATA_ID             CODE               0000013F                     dse    0
DATA_ID              CODE               0000013F                     dse    0
XDATA_ID             CODE          0000013F - 0000018A          4C   rel    0
BANK_RELAYS          CODE          0000018B - 00000562         3D8   rel    0
RCODE                CODE          00000563 - 00000BFA         698   rel    0
DIFUNCT              CODE               00000BFB                     dse    0
CODE_C               CODE               00000BFB                     dse    0
CODE_N               CODE               00000BFB                     dse    0
NEAR_CODE            CODE          00000BFB - 00000F54         35A   rel    0
<BANKED_CODE> 1      CODE          00000F55 - 00006B83        5C2F   rel    0
REGISTERS            DATA          00000000 - 00000007           8   rel    0
VREG                 DATA          00000008 - 0000000F           8   rel    0
PSP                  DATA               00000010                     dse    0
XSP                  DATA          00000010 - 00000011           2   rel    0
BREG                 BIT        00000020.0  -  00000020.7        8   rel    0
SFR_AN               DATA          00000086 - 00000088           3   rel    0
                     DATA          00000090 - 00000091           2 
                     DATA          00000094 - 00000097           4 
                     DATA          0000009A - 0000009B           2 
                     DATA          0000009D - 0000009E           2 
                     DATA          000000A1 - 000000A8           8 
                     DATA          000000B4 - 000000B4           1 
                     DATA          000000B6 - 000000B6           1 
                     DATA          000000B8 - 000000B8           1 
                     DATA          000000BA - 000000BB           2 
                     DATA          000000BE - 000000BE           1 
                     DATA          000000C0 - 000000C6           7 
                     DATA          000000D2 - 000000D5           4 
                     DATA          000000D9 - 000000D9           1 
                     DATA          000000E1 - 000000E1           1 
                     DATA          000000E8 - 000000E9           2 
                     DATA          000000F1 - 000000F5           5 
                     DATA          000000FD - 000000FE           2 
XSTACK               XDATA         00000001 - 000001FF         1FF   rel    0
XDATA_Z              XDATA         00000200 - 000016EE        14EF   rel    0
XDATA_I              XDATA         000016EF - 0000173A          4C   rel    0
ISTACK               IDATA         000000C0 - 000000FF          40   rel    0

                ****************************************
                *                                      *
                *        END OF CROSS REFERENCE        *
                *                                      *
                ****************************************

 27 524 bytes of CODE  memory
     18 bytes of DATA  memory (+ 49 absolute )
  5 946 bytes of XDATA memory
     64 bytes of IDATA memory
      8 bits  of BIT   memory

Errors: none
Warnings: none

