################################################################################
#                                                                              #
#      IAR Universal Linker V4.60D/386                                         #
#                                                                              #
#           Link time     =  22/May/2013  11:59:16                             #
#           Target CPU    =  x51                                               #
#           List file     =  F:\6LoWSN\6lowsn_stack\obj\compiletest\iar51_cc24 #
#                            30\Debug\List\compiletest.map                     #
#           Output file 1 =  F:\6LoWSN\6lowsn_stack\obj\compiletest\iar51_cc24 #
#                            30\Debug\Exe\compiletest.hex                      #
#                            Format: intel-extended                            #
#           Command line  =  "-IC:\Program Files\IAR Systems\Embedded Workbenc #
#                            h 4.05 Evaluation version\8051\CONFIG\"           #
#                            F:\6LoWSN\6lowsn_stack\obj\compiletest\iar51_cc24 #
#                            30\Debug\Obj\adp.r51                              #
#                            F:\6LoWSN\6lowsn_stack\obj\compiletest\iar51_cc24 #
#                            30\Debug\Obj\aps.r51                              #
#                            F:\6LoWSN\6lowsn_stack\obj\compiletest\iar51_cc24 #
#                            30\Debug\Obj\console.r51                          #
#                            F:\6LoWSN\6lowsn_stack\obj\compiletest\iar51_cc24 #
#                            30\Debug\Obj\debug.r51                            #
#                            F:\6LoWSN\6lowsn_stack\obj\compiletest\iar51_cc24 #
#                            30\Debug\Obj\ds.r51                               #
#                            F:\6LoWSN\6lowsn_stack\obj\compiletest\iar51_cc24 #
#                            30\Debug\Obj\evboard.r51                          #
#                            F:\6LoWSN\6lowsn_stack\obj\compiletest\iar51_cc24 #
#                            30\Debug\Obj\halNeighbor.r51                      #
#                            F:\6LoWSN\6lowsn_stack\obj\compiletest\iar51_cc24 #
#                            30\Debug\Obj\halStack.r51                         #
#                            F:\6LoWSN\6lowsn_stack\obj\compiletest\iar51_cc24 #
#                            30\Debug\Obj\icmpv6.r51                           #
#                            F:\6LoWSN\6lowsn_stack\obj\compiletest\iar51_cc24 #
#                            30\Debug\Obj\mac.r51                              #
#                            F:\6LoWSN\6lowsn_stack\obj\compiletest\iar51_cc24 #
#                            30\Debug\Obj\memalloc.r51                         #
#                            F:\6LoWSN\6lowsn_stack\obj\compiletest\iar51_cc24 #
#                            30\Debug\Obj\nd.r51                               #
#                            F:\6LoWSN\6lowsn_stack\obj\compiletest\iar51_cc24 #
#                            30\Debug\Obj\neighbor.r51                         #
#                            F:\6LoWSN\6lowsn_stack\obj\compiletest\iar51_cc24 #
#                            30\Debug\Obj\nwk.r51                              #
#                            F:\6LoWSN\6lowsn_stack\obj\compiletest\iar51_cc24 #
#                            30\Debug\Obj\phy.r51                              #
#                            F:\6LoWSN\6lowsn_stack\obj\compiletest\iar51_cc24 #
#                            30\Debug\Obj\staticbind.r51                       #
#                            F:\6LoWSN\6lowsn_stack\obj\compiletest\iar51_cc24 #
#                            30\Debug\Obj\test_pingpong.r51                    #
#                            F:\6LoWSN\6lowsn_stack\obj\compiletest\iar51_cc24 #
#                            30\Debug\Obj\zep.r51                              #
#                            -o                                                #
#                            F:\6LoWSN\6lowsn_stack\obj\compiletest\iar51_cc24 #
#                            30\Debug\Exe\compiletest.hex                      #
#                            -Fintel-extended -l                               #
#                            F:\6LoWSN\6lowsn_stack\obj\compiletest\iar51_cc24 #
#                            30\Debug\List\compiletest.map                     #
#                            -xmsn                                             #
#                            "-IC:\Program Files\IAR Systems\Embedded Workbenc #
#                            h 4.05 Evaluation version\8051\LIB\"              #
#                            -f                                                #
#                            "C:\Program Files\IAR Systems\Embedded Workbench  #
#                            4.05 Evaluation version\8051\config\lnk51ew_cc243 #
#                            0_8K.xcl"                                         #
#                            (-D_IDATA_END=0xFF -D_PDATA_START=0xEF00          #
#                            -D_PDATA_END=0xEFFF -D_IXDATA_START=0xE000        #
#                            -D_IXDATA_END=0xFD53                              #
#                            -D_XDATA_START=_IXDATA_START                      #
#                            -D_XDATA_END=_IXDATA_END -D_CODE_START=0x0000     #
#                            -D_CODE_END=0xFFFF -D_NEAR_CODE_END=0xFFFF        #
#                            -D_TINY_CODE_END=0x7FF                            #
#                            -D_FIRST_BANK_ADDR=0x10000 -D_NR_OF_BANKS=0x03    #
#                            -D?REGISTER_BANK=0 -D_REGISTER_BANK_START=0       #
#                            -D?PBANK_NUMBER=EF -D?PBANK=93                    #
#                            -D_BREG_START=0x00 -D?VB=0x20                     #
#                            -D_FAR_DATA_NR_OF_BANKS=0x0E                      #
#                            -D_FAR_DATA_START=0x010001                        #
#                            -D_FAR_DATA_END=0xFFFFFF                          #
#                            -D_FAR_CODE_START=_CODE_START                     #
#                            -D_FAR_CODE_END=_CODE_END -f lnk_base.xcl         #
#                            (-Z(BIT)BREG=_BREG_START -Z(BIT)BIT_N=0-7F        #
#                            -Z(DATA)REGISTERS+8=_REGISTER_BANK_START          #
#                            -Z(DATA)BDATA_Z,BDATA_N,BDATA_I=20-2F             #
#                            -Z(DATA)VREG+_NR_OF_VIRTUAL_REGISTERS=08-7F       #
#                            -Z(DATA)PSP,XSP=08-7F -Z(DATA)DOVERLAY=08-7F      #
#                            -Z(DATA)DATA_I,DATA_Z,DATA_N=08-7F                #
#                            -U(IDATA)0-7F=(DATA)0-7F                          #
#                            -Z(IDATA)IDATA_I,IDATA_Z,IDATA_N=08-_IDATA_END    #
#                            -Z(IDATA)ISTACK+_IDATA_STACK_SIZE#08-_IDATA_END   #
#                            -Z(IDATA)IOVERLAY=08-FF -Z(CODE)INTVEC=0          #
#                            -Z(CODE)CSTART=_CODE_START-_CODE_END              #
#                            -Z(CODE)RCODE=_CODE_START-_CODE_END               #
#                            -Z(CODE)TINY_CODE=_CODE_START-_TINY_CODE_END      #
#                            -Z(CODE)NEAR_CODE=_CODE_START-_NEAR_CODE_END      #
#                            -Z(CODE)DIFUNCT=_CODE_START-_CODE_END             #
#                            -Z(CODE)FAR_CODE=_CODE_START-_CODE_END            #
#                            -P(CODE)BANKED_CODE=[(_CODEBANK_START+_FIRST_BANK #
#                            _ADDR)-(_CODEBANK_END+_FIRST_BANK_ADDR)]*_NR_OF_B #
#                            ANKS+10000                                        #
#                            -Z(CODE)BIT_ID,BDATA_ID,DATA_ID,IDATA_ID,IXDATA_I #
#                            D,PDATA_ID,XDATA_ID=_CODE_START-_CODE_END         #
#                            -Z(CODE)HUGE_ID=_FAR_CODE_START-_FAR_CODE_END     #
#                            -Z(CODE)CODE_C=_CODE_START-_CODE_END              #
#                            -Z(CODE)FAR_CODE_C=_FAR_CODE_START-_FAR_CODE_END  #
#                            -Z(CODE)HUGE_CODE_C=_FAR_CODE_START-_FAR_CODE_END #
#                            -Z(CODE)CHECKSUM#_CODE_END                        #
#                            -Z(XDATA)EXT_STACK+_EXTENDED_STACK_SIZE=_EXTENDED #
#                            _STACK_START-_EXTENDED_STACK_END                  #
#                            -Z(XDATA)PSTACK+_PDATA_STACK_SIZE=_PDATA_START-_P #
#                            DATA_END                                          #
#                            -Z(XDATA)XSTACK+_XDATA_STACK_SIZE=_XDATA_START-_X #
#                            DATA_END                                          #
#                            -Z(XDATA)PDATA_N,PDATA_Z,PDATA_I=_PDATA_START-_PD #
#                            ATA_END                                           #
#                            -Z(XDATA)IXDATA_N,IXDATA_Z,IXDATA_I=_IXDATA_START #
#                            -_IXDATA_END                                      #
#                            -Z(XDATA)XDATA_N,XDATA_Z,XDATA_I=_XDATA_START-_XD #
#                            ATA_END                                           #
#                            -Z(XDATA)XDATA_HEAP+_XDATA_HEAP_SIZE=_XDATA_START #
#                            -_XDATA_END                                       #
#                            -Z(CONST)XDATA_ROM_C=_XDATA_START-_XDATA_END      #
#                            -Z(SPLIT-XDATA)FAR_Z=[_FAR_DATA_START-_FAR_DATA_E #
#                            ND]/10000                                         #
#                            -Z(SPLIT-XDATA)FAR_I=[_FAR_DATA_START-_FAR_DATA_E #
#                            ND]/10000                                         #
#                            -Z(SPLIT-CODE)FAR_ID=[_FAR_CODE_START-_FAR_CODE_E #
#                            ND]/10000                                         #
#                            -Z(SPLIT-XDATA)FAR_HEAP+_FAR_HEAP_SIZE=[_FAR_DATA #
#                            _START-_FAR_DATA_END]/10000                       #
#                            -P(XDATA)FAR_N=[_FAR_DATA_START-_FAR_DATA_END]*_F #
#                            AR_DATA_NR_OF_BANKS+10000                         #
#                            -P(CONST)FAR_ROM_C=[_FAR_DATA_START-_FAR_DATA_END #
#                            ]*E+10000                                         #
#                            -Z(XDATA)HUGE_N,HUGE_Z,HUGE_I=_FAR_DATA_START-_FA #
#                            R_DATA_END                                        #
#                            -Z(XDATA)HUGE_HEAP+_HUGE_HEAP_SIZE=_FAR_DATA_STAR #
#                            T-_FAR_DATA_END                                   #
#                            -Z(CONST)HUGE_ROM_C=_FAR_DATA_START-_FAR_DATA_END #
#                            -cx51) -D_PM0_XDATA_START=E000                    #
#                            -D_PM0_XDATA_END=EFFF                             #
#                            -Z(XDATA)PM0_XDATA=_PM0_XDATA_START-_PM0_XDATA_EN #
#                            D                                                 #
#                            -D_IEEE_ADDRESS_SPACE_START=(_CODE_END-7)         #
#                            -D_IEEE_ADDRESS_SPACE_END=_CODE_END               #
#                            -Z(CODE)IEEE_ADDRESS_SPACE=_IEEE_ADDRESS_SPACE_ST #
#                            ART-_IEEE_ADDRESS_SPACE_END)                      #
#                            -D_NR_OF_VIRTUAL_REGISTERS=8                      #
#                            -D_CODEBANK_START=0 -D_CODEBANK_END=0 -s          #
#                            __program_start                                   #
#                            "C:\Program Files\IAR Systems\Embedded Workbench  #
#                            4.05 Evaluation version\8051\LIB\CLIB\cl-pli-nlxd #
#                            -1e16x01.r51"                                     #
#                            -D_IDATA_STACK_SIZE=0x40                          #
#                            -D_EXTENDED_STACK_START=0x00                      #
#                            -D_EXTENDED_STACK_END=0x00                        #
#                            -D_EXTENDED_STACK_SIZE=0x00                       #
#                            -D_PDATA_STACK_SIZE=0x80                          #
#                            -D_XDATA_STACK_SIZE=0x1FF                         #
#                            -D_XDATA_HEAP_SIZE=0xFF -D_FAR_HEAP_SIZE=0xFFF    #
#                            -D_HUGE_HEAP_SIZE=0xFFF                           #
#                                                                              #
#                        Copyright 1987-2006 IAR Systems. All rights reserved. #
################################################################################





                ****************************************
                *                                      *
                *           CROSS REFERENCE            *
                *                                      *
                ****************************************

       Program entry at : CODE      000000FC  Relocatable, from module : CSTARTUP




                ****************************************
                *                                      *
                *            RUNTIME MODEL             *
                *                                      *
                ****************************************

  __calling_convention     = xdata_reentrant
  __code_model             = near
  __core                   = plain
  __data_model             = large
  __dptr_size              = 16
  __extended_stack         = disabled
  __location_for_constants = data
  __number_of_dptrs        = 1
  __rt_version             = 1



                ****************************************
                *                                      *
                *              MODULE MAP              *
                *                                      *
                ****************************************


  DEFINED ABSOLUTE ENTRIES
    *************************************************************************

  DEFINED ABSOLUTE ENTRIES
  PROGRAM MODULE, NAME : ?ABS_ENTRY_MOD

Absolute parts
           ENTRY                   ADDRESS         REF BY
           =====                   =======         ======
           _HUGE_HEAP_SIZE         00000FFF 
           _FAR_HEAP_SIZE          00000FFF 
           _XDATA_HEAP_SIZE        000000FF 
           _XDATA_STACK_SIZE       000001FF 
           _PDATA_STACK_SIZE       00000080 
           _EXTENDED_STACK_SIZE    00000000 
           _EXTENDED_STACK_END     00000000 
           _EXTENDED_STACK_START   00000000 
           _IDATA_STACK_SIZE       00000040 
           _CODEBANK_END           00000000 
           _CODEBANK_START         00000000 
           _NR_OF_VIRTUAL_REGISTERS
                                   00000008 
           _IEEE_ADDRESS_SPACE_END
                                   0000FFFF 
           _IEEE_ADDRESS_SPACE_START
                                   0000FFF8 
           _PM0_XDATA_END          0000EFFF 
           _PM0_XDATA_START        0000E000 
           _FAR_CODE_END           0000FFFF 
           _FAR_CODE_START         00000000 
           _FAR_DATA_END           00FFFFFF 
           _FAR_DATA_START         00010001 
           _FAR_DATA_NR_OF_BANKS   0000000E 
           ?VB                     00000020        ?FUNC_ENTER_XDATA (?FUNC_ENTER_XDATA)
                                                   ?FUNC_LEAVE_XDATA (?FUNC_LEAVE_XDATA)
                                                   ?INTERRUPT_ENTER_XSP (?INTERRUPT_ENTER_XSP)
                                                   ?INTERRUPT_LEAVE_XSP (?INTERRUPT_LEAVE_XSP)
           _BREG_START             00000000 
           ?PBANK                  00000093 
           ?PBANK_NUMBER           000000EF 
           _REGISTER_BANK_START    00000000 
           ?REGISTER_BANK          00000000        Segment part 6 (CSTARTUP)
           _NR_OF_BANKS            00000003 
           _FIRST_BANK_ADDR        00010000 
           _TINY_CODE_END          000007FF 
           _NEAR_CODE_END          0000FFFF 
           _CODE_END               0000FFFF 
           _CODE_START             00000000 
           _XDATA_END              0000FD53 
           _XDATA_START            0000E000 
           _IXDATA_END             0000FD53 
           _IXDATA_START           0000E000 
           _PDATA_END              0000EFFF 
           _PDATA_START            0000EF00 
           _IDATA_END              000000FF 
    *************************************************************************

  FILE NAME : F:\6LoWSN\6lowsn_stack\obj\compiletest\iar51_cc2430\Debug\Obj\adp.r51
  PROGRAM MODULE, NAME : adp

  SEGMENTS IN THE MODULE
  ======================
XDATA_Z
  Relative segment, address: XDATA 0000E1FF - 0000E1FF (0x1 bytes), align: 0
  Segment part 6.             Intra module refs:   adpInit
                                                   adpRxBusy
                                                   adpRxFSM
                                                   adpRxHandoff
           LOCAL                   ADDRESS         
           =====                   =======         
           adpRxState              0000E1FF 
    -------------------------------------------------------------------------
XDATA_Z
  Relative segment, address: XDATA 0000E200 - 0000E228 (0x29 bytes), align: 0
  Segment part 7.             Intra module refs:   adpFSM
                                                   adpFmtCompHeader
                                                   adpTxCompData
           ENTRY                   ADDRESS         REF BY
           =====                   =======         ======
           a_adp_service           0000E200        main (test_pingpong)
                                                   nwkFSM (nwk)
                                                   nwkTxData (nwk)
    -------------------------------------------------------------------------
XDATA_Z
  Relative segment, address: XDATA 0000E229 - 0000E229 (0x1 bytes), align: 0
  Segment part 8.             Intra module refs:   adpFSM
                                                   adpInit
           ENTRY                   ADDRESS         REF BY
           =====                   =======         ======
           adpState                0000E229        nwkFSM (nwk)
                                                   nwkTxData (nwk)
    -------------------------------------------------------------------------
XDATA_Z
  Relative segment, address: XDATA 0000E22A - 0000E260 (0x37 bytes), align: 0
  Segment part 9.             Intra module refs:   adpParseCompHdr
                                                   adpParseHdr
                                                   adpRxFSM
                                                   adpRxHandoff
           ENTRY                   ADDRESS         REF BY
           =====                   =======         ======
           a_adp_rx_data           0000E22A        nwkRxHandoff (nwk)
    -------------------------------------------------------------------------
XDATA_Z
  Relative segment, address: XDATA 0000E261 - 0000E261 (0x1 bytes), align: 0
  Segment part 10.            Intra module refs:   adpInit
                                                   adpTxData
           ENTRY                   ADDRESS         REF BY
           =====                   =======         ======
           adpDSN                  0000E261 
    -------------------------------------------------------------------------
XDATA_Z
  Relative segment, address: XDATA 0000E262 - 0000E264 (0x3 bytes), align: 0
  Segment part 11.            Intra module refs:   adpFSM
                                                   adpInit
           ENTRY                   ADDRESS         REF BY
           =====                   =======         ======
           adp_pib                 0000E262 
    -------------------------------------------------------------------------
XDATA_Z
  Relative segment, address: XDATA 0000E265 - 0000E268 (0x4 bytes), align: 0
  Segment part 12.            Intra module refs:   adpFSM
           LOCAL                   ADDRESS         
           =====                   =======         
           adp_utility_timer       0000E265 
    -------------------------------------------------------------------------
XDATA_Z
  Relative segment, address: XDATA 0000E269 - 0000E269 (0x1 bytes), align: 0
  Segment part 13.            Intra module refs:   adpFSM
           LOCAL                   ADDRESS         
           =====                   =======         
           adp_retries             0000E269 
    -------------------------------------------------------------------------
XDATA_Z
  Relative segment, address: XDATA 0000E26A - 0000E27C (0x13 bytes), align: 0
  Segment part 14.            Intra module refs:   adpFSM
                                                   adpFmtCompHeader
                                                   adpTxCompData
                                                   adpTxData
           ENTRY                   ADDRESS         REF BY
           =====                   =======         ======
           a_adp_tx_data           0000E26A        nwkFindDstDLLAddr (nwk)
    -------------------------------------------------------------------------
NEAR_CODE
  Relative segment, address: CODE 0000061F - 00000645 (0x27 bytes), align: 0
  Segment part 21.
           ENTRY                   ADDRESS         REF BY
           =====                   =======         ======
           adpInit                 0000061F        apsInit (aps)
               stack 1 = 00000000 ( 00000002 )
    -------------------------------------------------------------------------
NEAR_CODE
  Relative segment, address: CODE 00000646 - 000008B1 (0x26c bytes), align: 0
  Segment part 22.
           ENTRY                   ADDRESS         REF BY
           =====                   =======         ======
           adpFSM                  00000646        nwkFSM (nwk)
                                                   nwkTxData (nwk)
               calls direct
               stack 1 = 00000000 ( 00000000 )
               stack 2 = 00000000 ( 0000000F )
    -------------------------------------------------------------------------
NEAR_CODE
  Relative segment, address: CODE 000008B2 - 00000ADE (0x22d bytes), align: 0
  Segment part 23.            Intra module refs:   adpFSM
           ENTRY                   ADDRESS         REF BY
           =====                   =======         ======
           adpTxData               000008B2 
               calls direct
               stack 1 = 00000000 ( 00000003 )
               stack 2 = 0000000F ( 00000000 )
    -------------------------------------------------------------------------
NEAR_CODE
  Relative segment, address: CODE 00000ADF - 00000B93 (0xb5 bytes), align: 0
  Segment part 24.            Intra module refs:   adpFSM
           LOCAL                   ADDRESS         
           =====                   =======         
           adpRxFSM                00000ADF 
               calls direct
               stack 1 = 00000000 ( 00000002 )
               stack 2 = 0000000F ( 00000000 )
    -------------------------------------------------------------------------
NEAR_CODE
  Relative segment, address: CODE 00000B94 - 00000BA8 (0x15 bytes), align: 0
  Segment part 25.
           ENTRY                   ADDRESS         REF BY
           =====                   =======         ======
           adpRxBusy               00000B94        macRxFSM (mac)
               stack 1 = 00000000 ( 00000002 )
    -------------------------------------------------------------------------
NEAR_CODE
  Relative segment, address: CODE 00000BA9 - 00000BF1 (0x49 bytes), align: 0
  Segment part 26.
           ENTRY                   ADDRESS         REF BY
           =====                   =======         ======
           adpRxHandoff            00000BA9        macRxFSM (mac)
               stack 1 = 00000000 ( 00000002 )
    -------------------------------------------------------------------------
NEAR_CODE
  Relative segment, address: CODE 00000BF2 - 00000C5F (0x6e bytes), align: 0
  Segment part 27.            Intra module refs:   adpRxFSM
           LOCAL                   ADDRESS         
           =====                   =======         
           adpParseHdr             00000BF2 
               stack 1 = 00000002 ( 00000002 )
    -------------------------------------------------------------------------
NEAR_CODE
  Relative segment, address: CODE 00000C60 - 00000CEE (0x8f bytes), align: 0
  Segment part 28.            Intra module refs:   adpGetHopsToDest
           ENTRY                   ADDRESS         REF BY
           =====                   =======         ======
           adpFindParentSADDR      00000C60 
               calls direct
               stack 1 = 00000000 ( 00000000 )
               stack 2 = 00000011 ( 0000000F )
    -------------------------------------------------------------------------
NEAR_CODE
  Relative segment, address: CODE 00000CEF - 00000EF5 (0x207 bytes), align: 0
  Segment part 29.
           ENTRY                   ADDRESS         REF BY
           =====                   =======         ======
           adpGetHopsToDest        00000CEF        apsTxData (aps)
               calls direct
               stack 1 = 00000000 ( 00000000 )
               stack 2 = 00000000 ( 00000011 )
    -------------------------------------------------------------------------
NEAR_CODE
  Relative segment, address: CODE 00000EF6 - 0000125E (0x369 bytes), align: 0
  Segment part 30.            Intra module refs:   adpRxFSM
           ENTRY                   ADDRESS         REF BY
           =====                   =======         ======
           adpParseCompHdr         00000EF6 
               calls direct
               stack 1 = 00000002 ( 00000001 )
               stack 2 = 00000000 ( 0000000E )
    -------------------------------------------------------------------------
NEAR_CODE
  Relative segment, address: CODE 0000125F - 00001328 (0xca bytes), align: 0
  Segment part 31.            Intra module refs:   adpFSM
           ENTRY                   ADDRESS         REF BY
           =====                   =======         ======
           adpFmtCompHeader        0000125F 
               calls direct
               stack 1 = 00000000 ( 00000002 )
               stack 2 = 0000000F ( 0000000B )
    -------------------------------------------------------------------------
NEAR_CODE
  Relative segment, address: CODE 00001329 - 00001673 (0x34b bytes), align: 0
  Segment part 32.            Intra module refs:   adpFSM
           ENTRY                   ADDRESS         REF BY
           =====                   =======         ======
           adpTxCompData           00001329 
               stack 1 = 00000000 ( 00000001 )
               stack 2 = 0000000F ( 0000000B )
    -------------------------------------------------------------------------
XDATA_I
  Relative segment, address: XDATA 0000EE54 - 0000EE57 (0x4 bytes), align: 0
  Segment part 15.            Intra module refs:   PingPong (test_pingpong)
                                                   adpFSM
                                                   apsTxFSM (aps)
                                                   doIEEE_backoff (halStack)
                                                   macFSM (mac)
                                                   macTxFSM (mac)
                                                   main (test_pingpong)
                                                   nwkFSM (nwk)
                                                   phyFSM (phy)
                                                   zepFSM (zep)
           ENTRY                   ADDRESS         REF BY
           =====                   =======         ======
           __Constant_fffff        0000EE54 
    -------------------------------------------------------------------------
XDATA_ID
  Relative segment, address: CODE 00007B7A - 00007B7D (0x4 bytes), align: 0
  Segment part 16.            Intra module refs:   __Constant_fffff
    -------------------------------------------------------------------------
XDATA_I
  Relative segment, address: XDATA 0000EE58 - 0000EE5B (0x4 bytes), align: 0
  Segment part 17.            Intra module refs:   adpFSM
                                                   zepFSM (zep)
           ENTRY                   ADDRESS         REF BY
           =====                   =======         ======
           __Constant_3071         0000EE58 
    -------------------------------------------------------------------------
XDATA_ID
  Relative segment, address: CODE 00007B7E - 00007B81 (0x4 bytes), align: 0
  Segment part 18.            Intra module refs:   __Constant_3071
    -------------------------------------------------------------------------
XDATA_I
  Relative segment, address: XDATA 0000EE5C - 0000EE5F (0x4 bytes), align: 0
  Segment part 19.            Intra module refs:   adpFmtCompHeader
                                                   adpParseCompHdr
                                                   apsTxIPData (aps)
                                                   doIEEE_backoff (halStack)
                                                   ds6Init (ds)
                                                   ds6LocalIPFrom16 (ds)
                                                   halWait (halStack)
                                                   icmpCommonFmt (icmpv6)
                                                   lowsn_ds6_prefix_add (ds)
                                                   lowsn_ds6_uaddr_add (ds)
                                                   macInit (mac)
                                                   main (test_pingpong)
                                                   ndFmtRS (nd)
                                                   ndParseRA (nd)
                                                   stimer_set (halStack)
           ENTRY                   ADDRESS         REF BY
           =====                   =======         ======
           __Constant_0            0000EE5C 
    -------------------------------------------------------------------------
XDATA_ID
  Relative segment, address: CODE 00007B82 - 00007B85 (0x4 bytes), align: 0
  Segment part 20.            Intra module refs:   __Constant_0

    *************************************************************************

  FILE NAME : F:\6LoWSN\6lowsn_stack\obj\compiletest\iar51_cc2430\Debug\Obj\aps.r51
  PROGRAM MODULE, NAME : aps

  SEGMENTS IN THE MODULE
  ======================
XDATA_Z
  Relative segment, address: XDATA 0000E27D - 0000E28E (0x12 bytes), align: 0
  Segment part 7.             Intra module refs:   apsFSM
                                                   apsInit
                                                   apsRxFSM
                                                   apsTxData
                                                   apsTxFSM
                                                   apsTxIPData
           ENTRY                   ADDRESS         REF BY
           =====                   =======         ======
           aps_pib                 0000E27D        PingPong (test_pingpong)
                                                   zepCommonFmt (zep)
                                                   zepFmtNodeInfoRsp (zep)
    -------------------------------------------------------------------------
XDATA_Z
  Relative segment, address: XDATA 0000E28F - 0000E295 (0x7 bytes), align: 0
  Segment part 8.             Intra module refs:   aplFmtSendIPMSG
                                                   apsFSM
                                                   apsInjectPacket
           ENTRY                   ADDRESS         REF BY
           =====                   =======         ======
           a_aps_service           0000E28F        PingPong (test_pingpong)
                                                   main (test_pingpong)
    -------------------------------------------------------------------------
XDATA_Z
  Relative segment, address: XDATA 0000E296 - 0000E296 (0x1 bytes), align: 0
  Segment part 9.             Intra module refs:   aplFmtSendIPMSG
                                                   apsFSM
                                                   apsInit
           ENTRY                   ADDRESS         REF BY
           =====                   =======         ======
           apsState                0000E296        PingPong (test_pingpong)
                                                   main (test_pingpong)
    -------------------------------------------------------------------------
XDATA_Z
  Relative segment, address: XDATA 0000E297 - 0000E29C (0x6 bytes), align: 0
  Segment part 10.
           ENTRY                   ADDRESS         REF BY
           =====                   =======         ======
           apsEndPoints            0000E297        zepFmtNodeInfoRsp (zep)
    -------------------------------------------------------------------------
XDATA_Z
  Relative segment, address: XDATA 0000E29D - 0000E2D5 (0x39 bytes), align: 0
  Segment part 11.            Intra module refs:   aplFmtSendIPMSG
                                                   apsCheckAck
                                                   apsFSM
                                                   apsFormatAck
                                                   apsInjectPacket
                                                   apsInjectTxPacket
                                                   apsTxData
                                                   apsTxFSM
                                                   apsTxIPData
           ENTRY                   ADDRESS         REF BY
           =====                   =======         ======
           a_aps_tx_data           0000E29D        zepCommonFmt (zep)
                                                   zepFmtAlarm (zep)
                                                   zepFmtEndDeviceAnnounce (zep)
                                                   zepFmtNodeInfoRsp (zep)
                                                   zepFmtPing (zep)
    -------------------------------------------------------------------------
XDATA_Z
  Relative segment, address: XDATA 0000E2D6 - 0000E301 (0x2c bytes), align: 0
  Segment part 12.            Intra module refs:   apsCheckAck
                                                   apsFormatAck
                                                   apsInjectPacket
                                                   apsInjectTxPacket
                                                   apsParseIPHdr
                                                   apsRxFSM
                                                   apsRxHandoff
           ENTRY                   ADDRESS         REF BY
           =====                   =======         ======
           a_aps_rx_data           0000E2D6        usrRxPacketCallback (test_pingpong)
                                                   zepHandleRxPacket (zep)
    -------------------------------------------------------------------------
XDATA_Z
  Relative segment, address: XDATA 0000E302 - 0000E302 (0x1 bytes), align: 0
  Segment part 14.            Intra module refs:   apsFSM
                                                   apsInit
                                                   apsInjectTxPacket
                                                   apsRxBusy
                                                   apsRxFSM
                                                   apsRxHandoff
           LOCAL                   ADDRESS         
           =====                   =======         
           apsRxState              0000E302 
    -------------------------------------------------------------------------
XDATA_Z
  Relative segment, address: XDATA 0000E303 - 0000E303 (0x1 bytes), align: 0
  Segment part 15.            Intra module refs:   apsFSM
                                                   apsInjectTxPacket
                                                   apsTxData
                                                   apsTxFSM
                                                   apsTxIPData
           LOCAL                   ADDRESS         
           =====                   =======         
           apsTxFSM_status         0000E303 
    -------------------------------------------------------------------------
NEAR_CODE
  Relative segment, address: CODE 00001674 - 00001690 (0x1d bytes), align: 0
  Segment part 22.
           ENTRY                   ADDRESS         REF BY
           =====                   =======         ======
           aplMacTicksToUs         00001674        PingPong (test_pingpong)
               calls direct
               stack 1 = 00000000 ( 00000000 )
               stack 2 = 00000000 ( 0000000B )
    -------------------------------------------------------------------------
NEAR_CODE
  Relative segment, address: CODE 00001691 - 000016E7 (0x57 bytes), align: 0
  Segment part 25.
           ENTRY                   ADDRESS         REF BY
           =====                   =======         ======
           apsInit                 00001691        main (test_pingpong)
               calls direct
               stack 1 = 00000000 ( 00000000 )
               stack 2 = 00000000 ( 0000000B )
    -------------------------------------------------------------------------
NEAR_CODE
  Relative segment, address: CODE 000016E8 - 00001796 (0xaf bytes), align: 0
  Segment part 28.
           ENTRY                   ADDRESS         REF BY
           =====                   =======         ======
           aplFmtSendIPMSG         000016E8        PingPong (test_pingpong)
               calls direct
               stack 1 = 00000000 ( 00000000 )
               stack 2 = 00000016 ( 0000000E )
    -------------------------------------------------------------------------
NEAR_CODE
  Relative segment, address: CODE 00001797 - 000019A0 (0x20a bytes), align: 0
  Segment part 29.            Intra module refs:   aplFmtSendIPMSG
           ENTRY                   ADDRESS         REF BY
           =====                   =======         ======
           apsFSM                  00001797        PingPong (test_pingpong)
                                                   main (test_pingpong)
               calls direct
               stack 1 = 00000002 ( 00000002 )
               stack 2 = 00000016 ( 00000000 )
    -------------------------------------------------------------------------
NEAR_CODE
  Relative segment, address: CODE 000019A1 - 00001A9E (0xfe bytes), align: 0
  Segment part 30.            Intra module refs:   apsFSM
           LOCAL                   ADDRESS         
           =====                   =======         
           apsInjectPacket         000019A1 
               calls direct
               stack 1 = 00000002 ( 00000001 )
               stack 2 = 00000000 ( 00000008 )
    -------------------------------------------------------------------------
NEAR_CODE
  Relative segment, address: CODE 00001A9F - 00001E2B (0x38d bytes), align: 0
  Segment part 31.            Intra module refs:   apsFSM
                                                   apsTxFSM
           ENTRY                   ADDRESS         REF BY
           =====                   =======         ======
           apsTxData               00001A9F 
               calls direct
               stack 1 = 00000002 ( 00000001 )
               stack 2 = 0000000B ( 0000000B )
    -------------------------------------------------------------------------
NEAR_CODE
  Relative segment, address: CODE 00001E2C - 00002305 (0x4da bytes), align: 0
  Segment part 32.            Intra module refs:   apsFSM
           ENTRY                   ADDRESS         REF BY
           =====                   =======         ======
           apsTxIPData             00001E2C 
               calls direct
               stack 1 = 00000002 ( 00000001 )
               stack 2 = 00000000 ( 0000000B )
    -------------------------------------------------------------------------
NEAR_CODE
  Relative segment, address: CODE 00002306 - 00002396 (0x91 bytes), align: 0
  Segment part 33.            Intra module refs:   apsTxData
                                                   apsTxIPData
           LOCAL                   ADDRESS         
           =====                   =======         
           apsInjectTxPacket       00002306 
               calls direct
               stack 1 = 00000000 ( 00000001 )
               stack 2 = 0000000B ( 00000008 )
    -------------------------------------------------------------------------
NEAR_CODE
  Relative segment, address: CODE 00002397 - 000024EF (0x159 bytes), align: 0
  Segment part 34.            Intra module refs:   apsFSM
                                                   apsInjectTxPacket
           LOCAL                   ADDRESS         
           =====                   =======         
           apsRxFSM                00002397 
               calls direct
               stack 1 = 00000002 ( 00000000 )
               stack 2 = 00000008 ( 00000008 )
    -------------------------------------------------------------------------
NEAR_CODE
  Relative segment, address: CODE 000024F0 - 00002560 (0x71 bytes), align: 0
  Segment part 35.            Intra module refs:   apsRxFSM
           LOCAL                   ADDRESS         
           =====                   =======         
           apsCheckAck             000024F0 
               stack 1 = 00000000 ( 00000002 )
               stack 2 = 00000008 ( 00000000 )
    -------------------------------------------------------------------------
NEAR_CODE
  Relative segment, address: CODE 00002561 - 00002575 (0x15 bytes), align: 0
  Segment part 36.
           ENTRY                   ADDRESS         REF BY
           =====                   =======         ======
           apsRxBusy               00002561        nwkRxFSM (nwk)
               stack 1 = 00000000 ( 00000002 )
    -------------------------------------------------------------------------
NEAR_CODE
  Relative segment, address: CODE 00002576 - 000025FB (0x86 bytes), align: 0
  Segment part 37.
           ENTRY                   ADDRESS         REF BY
           =====                   =======         ======
           apsRxHandoff            00002576        nwkRxFSM (nwk)
               stack 1 = 00000000 ( 00000002 )
    -------------------------------------------------------------------------
NEAR_CODE
  Relative segment, address: CODE 000025FC - 000027C3 (0x1c8 bytes), align: 0
  Segment part 38.            Intra module refs:   apsRxFSM
           LOCAL                   ADDRESS         
           =====                   =======         
           apsParseIPHdr           000025FC 
               stack 1 = 00000000 ( 00000002 )
               stack 2 = 00000008 ( 00000000 )
    -------------------------------------------------------------------------
NEAR_CODE
  Relative segment, address: CODE 000027C4 - 00002879 (0xb6 bytes), align: 0
  Segment part 39.            Intra module refs:   apsFSM
           LOCAL                   ADDRESS         
           =====                   =======         
           apsFormatAck            000027C4 
               stack 1 = 00000002 ( 00000002 )
    -------------------------------------------------------------------------
NEAR_CODE
  Relative segment, address: CODE 0000287A - 000029A7 (0x12e bytes), align: 0
  Segment part 40.            Intra module refs:   apsFSM
           LOCAL                   ADDRESS         
           =====                   =======         
           apsTxFSM                0000287A 
               calls direct
               stack 1 = 00000002 ( 00000002 )
               stack 2 = 00000000 ( 0000000B )
    -------------------------------------------------------------------------
XDATA_I
  Relative segment, address: XDATA 0000EE60 - 0000EE63 (0x4 bytes), align: 0
  Segment part 16.            Intra module refs:   apsInit
           ENTRY                   ADDRESS         REF BY
           =====                   =======         ======
           __Constant_3070         0000EE60 
    -------------------------------------------------------------------------
XDATA_ID
  Relative segment, address: CODE 00007B86 - 00007B89 (0x4 bytes), align: 0
  Segment part 17.            Intra module refs:   __Constant_3070
    -------------------------------------------------------------------------
SFR_AN
  Relative segment, address: DATA 000000A8 - 000000A8 (0x1 bytes), align: 0
  Segment part 1. ROOT.
           ENTRY                   ADDRESS         REF BY
           =====                   =======         ======
           _A_IEN0                 000000A8 

    *************************************************************************

  FILE NAME : F:\6LoWSN\6lowsn_stack\obj\compiletest\iar51_cc2430\Debug\Obj\console.r51
  PROGRAM MODULE, NAME : console

  SEGMENTS IN THE MODULE
  ======================
NEAR_CODE
  Relative segment, address: CODE 000029A8 - 000029AF (0x8 bytes), align: 0
  Segment part 21.            Intra module refs:   conPrintConfig
           ENTRY                   ADDRESS         REF BY
           =====                   =======         ======
           conPCRLF                000029A8        PingPong (test_pingpong)
                                                   main (test_pingpong)
                                                   usrGetPrefixCallback (test_pingpong)
                                                   usrRxPacketCallback (test_pingpong)
               calls direct
               stack 1 = 00000000 ( 00000000 )
               stack 2 = 00000013 ( 00000000 )
    -------------------------------------------------------------------------
CODE_C
  Relative segment, address: CODE 00007BD2 - 00007BD3 (0x2 bytes), align: 0
  Segment part 6.             Intra module refs:   conPCRLF
           LOCAL                   ADDRESS         
           =====                   =======         
           conPCRLF{1}::xxxxromstr
                                   00007BD2 
    -------------------------------------------------------------------------
NEAR_CODE
  Relative segment, address: CODE 000029B0 - 000029D4 (0x25 bytes), align: 0
  Segment part 22.            Intra module refs:   conPCRLF
                                                   conPrintConfig
                                                   conPrintIP6ADDR_bytes
                                                   conPrintIP6ADDR_dbytes
                                                   conPrintLADDR_bytes
                                                   conPrintUINT16
                                                   conPrintUINT32
                                                   conPrintUINT8
           ENTRY                   ADDRESS         REF BY
           =====                   =======         ======
           conPrintROMString_func
                                   000029B0        PingPong (test_pingpong)
                                                   macRxFSM (mac)
                                                   main (test_pingpong)
                                                   phyFSM (phy)
                                                   usrGetPrefixCallback (test_pingpong)
                                                   usrRxPacketCallback (test_pingpong)
               calls direct
               stack 1 = 00000001 ( 00000002 )
               stack 2 = 00000013 ( 00000000 )
    -------------------------------------------------------------------------
NEAR_CODE
  Relative segment, address: CODE 000029D5 - 00002A12 (0x3e bytes), align: 0
  Segment part 24.            Intra module refs:   conPrintIP6ADDR_bytes
                                                   conPrintIP6ADDR_dbytes
                                                   conPrintLADDR_bytes
                                                   conPrintUINT16
                                                   conPrintUINT32
                                                   conPrintUINT8
           ENTRY                   ADDRESS         REF BY
           =====                   =======         ======
           conPrintUINT8_noleader
                                   000029D5 
               calls direct
               stack 1 = 00000001 ( 00000001 )
               stack 2 = 0000000F ( 00000000 )
    -------------------------------------------------------------------------
NEAR_CODE
  Relative segment, address: CODE 00002A13 - 00002A27 (0x15 bytes), align: 0
  Segment part 25.            Intra module refs:   conPrintConfig
           ENTRY                   ADDRESS         REF BY
           =====                   =======         ======
           conPrintUINT8           00002A13        macRxFSM (mac)
                                                   phyFSM (phy)
                                                   usrGetPrefixCallback (test_pingpong)
                                                   usrRxPacketCallback (test_pingpong)
               calls direct
               stack 1 = 00000000 ( 00000001 )
               stack 2 = 00000013 ( 00000000 )
    -------------------------------------------------------------------------
CODE_C
  Relative segment, address: CODE 00007BD4 - 00007BD6 (0x3 bytes), align: 0
  Segment part 7.             Intra module refs:   conPrintUINT8
           LOCAL                   ADDRESS         
           =====                   =======         
           conPrintUINT8{1}::xxxxromstr
                                   00007BD4 
    -------------------------------------------------------------------------
NEAR_CODE
  Relative segment, address: CODE 00002A28 - 00002A48 (0x21 bytes), align: 0
  Segment part 26.
           ENTRY                   ADDRESS         REF BY
           =====                   =======         ======
           conPrintUINT16          00002A28        main (test_pingpong)
                                                   usrRxPacketCallback (test_pingpong)
               calls direct
               stack 1 = 00000000 ( 00000000 )
               stack 2 = 00000000 ( 00000008 )
    -------------------------------------------------------------------------
CODE_C
  Relative segment, address: CODE 00007BD7 - 00007BD9 (0x3 bytes), align: 0
  Segment part 8.             Intra module refs:   conPrintUINT16
           LOCAL                   ADDRESS         
           =====                   =======         
           conPrintUINT16{1}::xxxxromstr
                                   00007BD7 
    -------------------------------------------------------------------------
NEAR_CODE
  Relative segment, address: CODE 00002A49 - 00002AA2 (0x5a bytes), align: 0
  Segment part 27.            Intra module refs:   conPrintConfig
           ENTRY                   ADDRESS         REF BY
           =====                   =======         ======
           conPrintUINT32          00002A49        PingPong (test_pingpong)
               calls direct
               stack 1 = 00000000 ( 00000000 )
               stack 2 = 00000013 ( 0000000F )
    -------------------------------------------------------------------------
CODE_C
  Relative segment, address: CODE 00007BDA - 00007BDC (0x3 bytes), align: 0
  Segment part 9.             Intra module refs:   conPrintUINT32
           LOCAL                   ADDRESS         
           =====                   =======         
           conPrintUINT32{1}::xxxxromstr
                                   00007BDA 
    -------------------------------------------------------------------------
NEAR_CODE
  Relative segment, address: CODE 00002AA3 - 00002ADA (0x38 bytes), align: 0
  Segment part 28.            Intra module refs:   conPrintConfig
                                                   conPrintLADDR
           ENTRY                   ADDRESS         REF BY
           =====                   =======         ======
           conPrintLADDR_bytes     00002AA3 
               calls direct
               stack 1 = 00000000 ( 00000000 )
               stack 2 = 00000013 ( 0000000B )
    -------------------------------------------------------------------------
CODE_C
  Relative segment, address: CODE 00007BDD - 00007BE0 (0x4 bytes), align: 0
  Segment part 10.            Intra module refs:   conPrintLADDR_bytes
           LOCAL                   ADDRESS         
           =====                   =======         
           conPrintLADDR_bytes{1}{2}::xxxxromstr
                                   00007BDD 
    -------------------------------------------------------------------------
NEAR_CODE
  Relative segment, address: CODE 00002ADB - 00002ADE (0x4 bytes), align: 0
  Segment part 29.
           ENTRY                   ADDRESS         REF BY
           =====                   =======         ======
           conPrintLADDR           00002ADB        main (test_pingpong)
               calls direct
    -------------------------------------------------------------------------
NEAR_CODE
  Relative segment, address: CODE 00002ADF - 00002B16 (0x38 bytes), align: 0
  Segment part 30.            Intra module refs:   conPrintIP6ADDR
           ENTRY                   ADDRESS         REF BY
           =====                   =======         ======
           conPrintIP6ADDR_bytes   00002ADF 
               calls direct
               stack 1 = 00000000 ( 00000000 )
               stack 2 = 00000000 ( 0000000B )
    -------------------------------------------------------------------------
CODE_C
  Relative segment, address: CODE 00007BE1 - 00007BE4 (0x4 bytes), align: 0
  Segment part 11.            Intra module refs:   conPrintIP6ADDR_bytes
           LOCAL                   ADDRESS         
           =====                   =======         
           conPrintIP6ADDR_bytes{1}{2}::xxxxromstr
                                   00007BE1 
    -------------------------------------------------------------------------
NEAR_CODE
  Relative segment, address: CODE 00002B17 - 00002B66 (0x50 bytes), align: 0
  Segment part 31.            Intra module refs:   conPrintIP6ADDR
           ENTRY                   ADDRESS         REF BY
           =====                   =======         ======
           conPrintIP6ADDR_dbytes
                                   00002B17 
               calls direct
               stack 1 = 00000000 ( 00000000 )
               stack 2 = 00000000 ( 0000000B )
    -------------------------------------------------------------------------
CODE_C
  Relative segment, address: CODE 00007BE5 - 00007BE8 (0x4 bytes), align: 0
  Segment part 12.            Intra module refs:   conPrintIP6ADDR_dbytes
           LOCAL                   ADDRESS         
           =====                   =======         
           conPrintIP6ADDR_dbytes{1}{2}::xxxxromstr
                                   00007BE5 
    -------------------------------------------------------------------------
NEAR_CODE
  Relative segment, address: CODE 00002B67 - 00002B71 (0xb bytes), align: 0
  Segment part 32.
           ENTRY                   ADDRESS         REF BY
           =====                   =======         ======
           conPrintIP6ADDR         00002B67        PingPong (test_pingpong)
                                                   usrGetPrefixCallback (test_pingpong)
                                                   usrRxPacketCallback (test_pingpong)
               calls direct
    -------------------------------------------------------------------------
NEAR_CODE
  Relative segment, address: CODE 00002B72 - 00002BED (0x7c bytes), align: 0
  Segment part 33.
           ENTRY                   ADDRESS         REF BY
           =====                   =======         ======
           conPrintConfig          00002B72        main (test_pingpong)
               calls direct
               stack 1 = 00000000 ( 00000000 )
               stack 2 = 00000000 ( 00000013 )
    -------------------------------------------------------------------------
CODE_C
  Relative segment, address: CODE 00007BE9 - 00007C00 (0x18 bytes), align: 0
  Segment part 13.            Intra module refs:   conPrintConfig
           LOCAL                   ADDRESS         
           =====                   =======         
           conPrintConfig{1}::xxxxromstr
                                   00007BE9 
    -------------------------------------------------------------------------
CODE_C
  Relative segment, address: CODE 00007C01 - 00007C06 (0x6 bytes), align: 0
  Segment part 14.            Intra module refs:   conPrintConfig
           LOCAL                   ADDRESS         
           =====                   =======         
           conPrintConfig{2}::xxxxromstr
                                   00007C01 
    -------------------------------------------------------------------------
CODE_C
  Relative segment, address: CODE 00007C07 - 00007C0C (0x6 bytes), align: 0
  Segment part 15.            Intra module refs:   conPrintConfig
           LOCAL                   ADDRESS         
           =====                   =======         
           conPrintConfig{3}::xxxxromstr
                                   00007C07 
    -------------------------------------------------------------------------
CODE_C
  Relative segment, address: CODE 00007C0D - 00007C16 (0xa bytes), align: 0
  Segment part 16.            Intra module refs:   conPrintConfig
           LOCAL                   ADDRESS         
           =====                   =======         
           conPrintConfig{4}::xxxxromstr
                                   00007C0D 
    -------------------------------------------------------------------------
CODE_C
  Relative segment, address: CODE 00007C17 - 00007C24 (0xe bytes), align: 0
  Segment part 17.            Intra module refs:   conPrintConfig
           LOCAL                   ADDRESS         
           =====                   =======         
           conPrintConfig{5}::xxxxromstr
                                   00007C17 
    -------------------------------------------------------------------------
CODE_C
  Relative segment, address: CODE 00007C25 - 00007C37 (0x13 bytes), align: 0
  Segment part 18.            Intra module refs:   conPrintConfig
           LOCAL                   ADDRESS         
           =====                   =======         
           conPrintConfig{6}::xxxxromstr
                                   00007C25 
    -------------------------------------------------------------------------
XDATA_I
  Relative segment, address: XDATA 0000EE64 - 0000EE67 (0x4 bytes), align: 0
  Segment part 19.            Intra module refs:   conPrintConfig
           ENTRY                   ADDRESS         REF BY
           =====                   =======         ======
           __Constant_1347         0000EE64 
    -------------------------------------------------------------------------
XDATA_ID
  Relative segment, address: CODE 00007B8A - 00007B8D (0x4 bytes), align: 0
  Segment part 20.            Intra module refs:   __Constant_1347

    *************************************************************************

  FILE NAME : F:\6LoWSN\6lowsn_stack\obj\compiletest\iar51_cc2430\Debug\Obj\debug.r51
  PROGRAM MODULE, NAME : debug

  SEGMENTS IN THE MODULE
  ======================
XDATA_Z
  Relative segment, address: XDATA 0000E304 - 0000E304 (0x1 bytes), align: 0
  Segment part 6.
           ENTRY                   ADDRESS         REF BY
           =====                   =======         ======
           debug_level             0000E304        main (test_pingpong)

    *************************************************************************

  FILE NAME : F:\6LoWSN\6lowsn_stack\obj\compiletest\iar51_cc2430\Debug\Obj\ds.r51
  PROGRAM MODULE, NAME : ds

  SEGMENTS IN THE MODULE
  ======================
XDATA_Z
  Relative segment, address: XDATA 0000E305 - 0000E3E7 (0xe3 bytes), align: 0
  Segment part 6.             Intra module refs:   ds6FindLinkLocalIP
                                                   ds6FindSrcIP
                                                   ds6Init
                                                   lowsn_ds6_maddr_add
                                                   lowsn_ds6_uaddr_add
                                                   lowsn_ds6_uaddr_lookup
           ENTRY                   ADDRESS         REF BY
           =====                   =======         ======
           lowsn_ds6_if            0000E305        apsTxIPData (aps)
                                                   icmpCommonFmt (icmpv6)
                                                   ndParseRA (nd)
    -------------------------------------------------------------------------
XDATA_Z
  Relative segment, address: XDATA 0000E3E8 - 0000E42C (0x45 bytes), align: 0
  Segment part 7.             Intra module refs:   ds6Init
                                                   ds6TestOnLink
                                                   lowsn_ds6_prefix_add
                                                   lowsn_ds6_prefix_lookup
           ENTRY                   ADDRESS         REF BY
           =====                   =======         ======
           lowsn_ds6_prefix_list   0000E3E8 
    -------------------------------------------------------------------------
XDATA_Z
  Relative segment, address: XDATA 0000E42D - 0000E43C (0x10 bytes), align: 0
  Segment part 9.             Intra module refs:   ds6Init
                                                   ds6LocalIPFrom16
                                                   lowsn_ds6_uaddr_add
           LOCAL                   ADDRESS         
           =====                   =======         
           loc_fipaddr             0000E42D 
    -------------------------------------------------------------------------
XDATA_Z
  Relative segment, address: XDATA 0000E43D - 0000E43E (0x2 bytes), align: 0
  Segment part 10.            Intra module refs:   ds6FindLinkLocalIP
                                                   ds6FindSrcIP
                                                   lowsn_ds6_uaddr_add
                                                   lowsn_ds6_uaddr_lookup
           LOCAL                   ADDRESS         
           =====                   =======         
           locuaddr                0000E43D 
    -------------------------------------------------------------------------
XDATA_Z
  Relative segment, address: XDATA 0000E43F - 0000E440 (0x2 bytes), align: 0
  Segment part 11.            Intra module refs:   lowsn_ds6_maddr_add
           LOCAL                   ADDRESS         
           =====                   =======         
           locmaddr                0000E43F 
    -------------------------------------------------------------------------
XDATA_Z
  Relative segment, address: XDATA 0000E441 - 0000E442 (0x2 bytes), align: 0
  Segment part 13.            Intra module refs:   ds6TestOnLink
                                                   lowsn_ds6_prefix_add
                                                   lowsn_ds6_prefix_lookup
           LOCAL                   ADDRESS         
           =====                   =======         
           locprefix               0000E441 
    -------------------------------------------------------------------------
NEAR_CODE
  Relative segment, address: CODE 00002BEE - 00002D35 (0x148 bytes), align: 0
  Segment part 23.
           ENTRY                   ADDRESS         REF BY
           =====                   =======         ======
           ds6Init                 00002BEE        nwkInit (nwk)
               calls direct
               stack 1 = 00000000 ( 00000000 )
               stack 2 = 00000000 ( 0000000F )
    -------------------------------------------------------------------------
NEAR_CODE
  Relative segment, address: CODE 00002D36 - 00002D94 (0x5f bytes), align: 0
  Segment part 24.
           ENTRY                   ADDRESS         REF BY
           =====                   =======         ======
           ds6LocalIPFrom16        00002D36        adpFSM (adp)
               calls direct
               stack 1 = 00000000 ( 00000002 )
               stack 2 = 00000000 ( 00000004 )
    -------------------------------------------------------------------------
NEAR_CODE
  Relative segment, address: CODE 00002D95 - 00002E95 (0x101 bytes), align: 0
  Segment part 25.            Intra module refs:   lowsn_ds6_maddr_add
                                                   lowsn_ds6_prefix_add
                                                   lowsn_ds6_prefix_lookup
                                                   lowsn_ds6_uaddr_add
                                                   lowsn_ds6_uaddr_lookup
           ENTRY                   ADDRESS         REF BY
           =====                   =======         ======
           lowsn_ds6_list_loop     00002D95 
               calls direct
               stack 1 = 00000000 ( 00000000 )
               stack 2 = 00000014 ( 00000013 )
    -------------------------------------------------------------------------
NEAR_CODE
  Relative segment, address: CODE 00002E96 - 00002F7F (0xea bytes), align: 0
  Segment part 26.            Intra module refs:   ds6Init
           ENTRY                   ADDRESS         REF BY
           =====                   =======         ======
           lowsn_ds6_prefix_add    00002E96        ndParseRA (nd)
               calls direct
               stack 1 = 00000000 ( 00000002 )
               stack 2 = 0000000F ( 00000014 )
    -------------------------------------------------------------------------
NEAR_CODE
  Relative segment, address: CODE 00002F80 - 00002FC8 (0x49 bytes), align: 0
  Segment part 28.
           ENTRY                   ADDRESS         REF BY
           =====                   =======         ======
           lowsn_ds6_prefix_lookup
                                   00002F80        ndParseRA (nd)
               calls direct
               stack 1 = 00000000 ( 00000000 )
               stack 2 = 00000000 ( 0000000E )
    -------------------------------------------------------------------------
NEAR_CODE
  Relative segment, address: CODE 00002FC9 - 00003131 (0x169 bytes), align: 0
  Segment part 29.            Intra module refs:   ds6Init
                                                   ds6LocalIPFrom16
           ENTRY                   ADDRESS         REF BY
           =====                   =======         ======
           lowsn_ds6_uaddr_add     00002FC9        ndParseRA (nd)
               calls direct
               stack 1 = 00000002 ( 00000002 )
               stack 2 = 0000000F ( 00000014 )
    -------------------------------------------------------------------------
NEAR_CODE
  Relative segment, address: CODE 00003132 - 0000317A (0x49 bytes), align: 0
  Segment part 31.
           ENTRY                   ADDRESS         REF BY
           =====                   =======         ======
           lowsn_ds6_uaddr_lookup
                                   00003132        ndParseRA (nd)
               calls direct
               stack 1 = 00000000 ( 00000000 )
               stack 2 = 00000000 ( 0000000E )
    -------------------------------------------------------------------------
NEAR_CODE
  Relative segment, address: CODE 0000317B - 0000322D (0xb3 bytes), align: 0
  Segment part 32.            Intra module refs:   ds6Init
                                                   lowsn_ds6_uaddr_add
           ENTRY                   ADDRESS         REF BY
           =====                   =======         ======
           lowsn_ds6_maddr_add     0000317B 
               calls direct
               stack 1 = 00000000 ( 00000002 )
               stack 2 = 0000000F ( 00000010 )
    -------------------------------------------------------------------------
NEAR_CODE
  Relative segment, address: CODE 0000322E - 000032C4 (0x97 bytes), align: 0
  Segment part 38.
           ENTRY                   ADDRESS         REF BY
           =====                   =======         ======
           ds6TestOnLink           0000322E        adpFmtCompHeader (adp)
                                                   nwkFindDstDLLAddr (nwk)
               calls direct
               stack 1 = 00000000 ( 00000000 )
               stack 2 = 00000000 ( 0000000B )
    -------------------------------------------------------------------------
NEAR_CODE
  Relative segment, address: CODE 000032C5 - 00003472 (0x1ae bytes), align: 0
  Segment part 39.
           ENTRY                   ADDRESS         REF BY
           =====                   =======         ======
           ds6FindSrcIP            000032C5        apsTxIPData (aps)
                                                   icmpCommonFmt (icmpv6)
                                                   ndFmtRS (nd)
               calls direct
               stack 1 = 00000000 ( 00000000 )
               stack 2 = 00000000 ( 0000000D )
    -------------------------------------------------------------------------
NEAR_CODE
  Relative segment, address: CODE 00003473 - 0000350F (0x9d bytes), align: 0
  Segment part 40.            Intra module refs:   ds6FindSrcIP
           ENTRY                   ADDRESS         REF BY
           =====                   =======         ======
           ds6FindLinkLocalIP      00003473 
               stack 1 = 00000000 ( 00000002 )
               stack 2 = 0000000D ( 00000000 )
    -------------------------------------------------------------------------
NEAR_CODE
  Relative segment, address: CODE 00003510 - 00003535 (0x26 bytes), align: 0
  Segment part 43.            Intra module refs:   ds6Init
           ENTRY                   ADDRESS         REF BY
           =====                   =======         ======
           ds6GenInterfaceID64     00003510        ndParseRA (nd)
               calls direct
               stack 1 = 00000000 ( 00000002 )
               stack 2 = 0000000B ( 00000000 )
    -------------------------------------------------------------------------
NEAR_CODE
  Relative segment, address: CODE 00003536 - 000035DE (0xa9 bytes), align: 0
  Segment part 44.            Intra module refs:   ds6LocalIPFrom16
           ENTRY                   ADDRESS         REF BY
           =====                   =======         ======
           ds6GenInterfaceID16     00003536        adpParseCompHdr (adp)
                                                   main (test_pingpong)
                                                   ndParseRA (nd)
               stack 1 = 00000002 ( 00000001 )
               stack 2 = 00000002 ( 00000008 )
    -------------------------------------------------------------------------
NEAR_CODE
  Relative segment, address: CODE 000035DF - 0000365D (0x7f bytes), align: 0
  Segment part 45.            Intra module refs:   ds6FindSrcIP
           ENTRY                   ADDRESS         REF BY
           =====                   =======         ======
           ds6MatchNum             000035DF 
               stack 1 = 00000000 ( 00000001 )
               stack 2 = 0000000D ( 0000000B )
    -------------------------------------------------------------------------
XDATA_I
  Relative segment, address: XDATA 0000EE68 - 0000EE6B (0x4 bytes), align: 0
  Segment part 15.            Intra module refs:   ds6Init
           ENTRY                   ADDRESS         REF BY
           =====                   =======         ======
           __Constant_7f           0000EE68 
    -------------------------------------------------------------------------
XDATA_ID
  Relative segment, address: CODE 00007B8E - 00007B91 (0x4 bytes), align: 0
  Segment part 16.            Intra module refs:   __Constant_7f
    -------------------------------------------------------------------------
XDATA_I
  Relative segment, address: XDATA 0000EE6C - 0000EE6F (0x4 bytes), align: 0
  Segment part 17.            Intra module refs:   ds6Init
           ENTRY                   ADDRESS         REF BY
           =====                   =======         ======
           __Constant_7530         0000EE6C 
    -------------------------------------------------------------------------
XDATA_ID
  Relative segment, address: CODE 00007B92 - 00007B95 (0x4 bytes), align: 0
  Segment part 18.            Intra module refs:   __Constant_7530
    -------------------------------------------------------------------------
XDATA_I
  Relative segment, address: XDATA 0000EE70 - 0000EE73 (0x4 bytes), align: 0
  Segment part 19.            Intra module refs:   ds6Init
           ENTRY                   ADDRESS         REF BY
           =====                   =======         ======
           __Constant_3e8          0000EE70 
    -------------------------------------------------------------------------
XDATA_ID
  Relative segment, address: CODE 00007B96 - 00007B99 (0x4 bytes), align: 0
  Segment part 20.            Intra module refs:   __Constant_3e8

    *************************************************************************

  FILE NAME : F:\6LoWSN\6lowsn_stack\obj\compiletest\iar51_cc2430\Debug\Obj\evboard.r51
  PROGRAM MODULE, NAME : evboard

  SEGMENTS IN THE MODULE
  ======================
SFR_AN
  Relative segment, address: DATA 000000F4 - 000000F4 (0x1 bytes), align: 0
  Segment part 2. ROOT.
           ENTRY                   ADDRESS         REF BY
           =====                   =======         ======
           P1SEL                   000000F4 
    -------------------------------------------------------------------------
SFR_AN
  Relative segment, address: DATA 000000F5 - 000000F5 (0x1 bytes), align: 0
  Segment part 3. ROOT.
           ENTRY                   ADDRESS         REF BY
           =====                   =======         ======
           P2SEL                   000000F5 
    -------------------------------------------------------------------------
SFR_AN
  Relative segment, address: DATA 000000FD - 000000FD (0x1 bytes), align: 0
  Segment part 4. ROOT.
           ENTRY                   ADDRESS         REF BY
           =====                   =======         ======
           P0DIR                   000000FD 
    -------------------------------------------------------------------------
SFR_AN
  Relative segment, address: DATA 000000FE - 000000FE (0x1 bytes), align: 0
  Segment part 5. ROOT.
           ENTRY                   ADDRESS         REF BY
           =====                   =======         ======
           P1DIR                   000000FE 
    -------------------------------------------------------------------------
XDATA_Z
  Relative segment, address: XDATA 0000E443 - 0000E444 (0x2 bytes), align: 0
  Segment part 11.            Intra module refs:   evbInit
                                                   evbIntCallback
           ENTRY                   ADDRESS         REF BY
           =====                   =======         ======
           sw_state                0000E443 
    -------------------------------------------------------------------------
NEAR_CODE
  Relative segment, address: CODE 0000365E - 000037A1 (0x144 bytes), align: 0
  Segment part 13.            Intra module refs:   evbIntCallback
           ENTRY                   ADDRESS         REF BY
           =====                   =======         ======
           getJoystickDirection    0000365E 
               calls direct
               stack 1 = 00000000 ( 00000001 )
               stack 2 = 00000009 ( 0000000A )
    -------------------------------------------------------------------------
NEAR_CODE
  Relative segment, address: CODE 000037A2 - 000037A2 (0x1 bytes), align: 0
  Segment part 14.
           ENTRY                   ADDRESS         REF BY
           =====                   =======         ======
           evbPoll                 000037A2        phyFSM (phy)
    -------------------------------------------------------------------------
NEAR_CODE
  Relative segment, address: CODE 000037A3 - 000037C7 (0x25 bytes), align: 0
  Segment part 15.
           ENTRY                   ADDRESS         REF BY
           =====                   =======         ======
           evbInit                 000037A3        main (test_pingpong)
               calls direct
               stack 1 = 00000000 ( 00000002 )
    -------------------------------------------------------------------------
NEAR_CODE
  Relative segment, address: CODE 000037C8 - 000037F0 (0x29 bytes), align: 0
  Segment part 16.
           ENTRY                   ADDRESS         REF BY
           =====                   =======         ======
           evbLedSet               000037C8        PingPong (test_pingpong)
                                                   main (test_pingpong)
                                                   zepFSM (zep)
                                                   zepHandleRxPacket (zep)
               stack 1 = 00000000 ( 00000002 )
    -------------------------------------------------------------------------
NEAR_CODE
  Relative segment, address: CODE 000037F1 - 00003822 (0x32 bytes), align: 0
  Segment part 17.
           ENTRY                   ADDRESS         REF BY
           =====                   =======         ======
           evbLedGet               000037F1        PingPong (test_pingpong)
                                                   zepFSM (zep)
                                                   zepHandleRxPacket (zep)
               stack 1 = 00000000 ( 00000002 )
    -------------------------------------------------------------------------
NEAR_CODE
  Relative segment, address: CODE 00003823 - 0000392C (0x10a bytes), align: 0
  Segment part 18.
           ENTRY                   ADDRESS         REF BY
           =====                   =======         ======
           evbIntCallback          00003823        t2_service_IRQ (halStack)
               calls direct
               stack 1 = 00000000 ( 00000000 )
               stack 2 = 00000000 ( 00000009 )
    -------------------------------------------------------------------------
SFR_AN
  Relative segment, address: DATA 00000090 - 00000090 (0x1 bytes), align: 0
  Segment part 1. ROOT.
           ENTRY                   ADDRESS         REF BY
           =====                   =======         ======
           _A_P1                   00000090 

    *************************************************************************

  FILE NAME : F:\6LoWSN\6lowsn_stack\obj\compiletest\iar51_cc2430\Debug\Obj\halNeighbor.r51
  PROGRAM MODULE, NAME : halNeighbor

  SEGMENTS IN THE MODULE
  ======================
XDATA_Z
  Relative segment, address: XDATA 0000E445 - 0000E44E (0xa bytes), align: 0
  Segment part 6.
           ENTRY                   ADDRESS         REF BY
           =====                   =======         ======
           mac_addr_tbl            0000E445        adpGetHopsToDest (adp)
                                                   adpRxFSM (adp)
                                                   adpTxCompData (adp)
                                                   apsFormatAck (aps)
                                                   ds6LocalIPFrom16 (ds)
                                                   main (test_pingpong)
                                                   ndParseRA (nd)
[...]
                                                   zepFmtNodeInfoRsp (zep)
                                                   zepHandleRxPacket (zep)

    -------------------------------------------------------------------------
  LIBRARY MODULE, NAME : ?INTERRUPT_ENTER_XSP

  SEGMENTS IN THE MODULE
  ======================
RCODE
  Relative segment, address: CODE 00000494 - 000004EB (0x58 bytes), align: 0
  Segment part 1. ROOT.
           ENTRY                   ADDRESS         REF BY
           =====                   =======         ======
           ?INTERRUPT_ENTER_XSP    00000494        spp_rf_IRQ (halStack)
                                                   t2_service_IRQ (halStack)

    -------------------------------------------------------------------------
  LIBRARY MODULE, NAME : ?INTERRUPT_LEAVE_XSP

  SEGMENTS IN THE MODULE
  ======================
RCODE
  Relative segment, address: CODE 000004EC - 0000053C (0x51 bytes), align: 0
  Segment part 1. ROOT.
           ENTRY                   ADDRESS         REF BY
           =====                   =======         ======
           ?INTERRUPT_LEAVE_XSP    000004EC        spp_rf_IRQ (halStack)
                                                   t2_service_IRQ (halStack)

    -------------------------------------------------------------------------
  LIBRARY MODULE, NAME : ?PUSH_XSTACK_I

  SEGMENTS IN THE MODULE
  ======================
RCODE
  Relative segment, address: CODE 0000053D - 00000540 (0x4 bytes), align: 0
  Segment part 0. ROOT.
           ENTRY                   ADDRESS         REF BY
           =====                   =======         ======
           ?PUSH_XSTACK_I_FOUR     0000053D        lowsn_ds6_prefix_add (ds)
    -------------------------------------------------------------------------
RCODE
  Relative segment, address: CODE 00000541 - 00000544 (0x4 bytes), align: 0
  Segment part 1. ROOT.
           ENTRY                   ADDRESS         REF BY
           =====                   =======         ======
           ?PUSH_XSTACK_I_THREE    00000541 
    -------------------------------------------------------------------------
RCODE
  Relative segment, address: CODE 00000545 - 00000548 (0x4 bytes), align: 0
  Segment part 2. ROOT.
           ENTRY                   ADDRESS         REF BY
           =====                   =======         ======
           ?PUSH_XSTACK_I_TWO      00000545        MemInit (memalloc)
                                                   PingPong (test_pingpong)
                                                   ds6Init (ds)
                                                   ds6TestOnLink (ds)
                                                   icmpCommonFmt (icmpv6)
                                                   lowsn_ds6_list_loop (ds)
                                                   lowsn_ds6_maddr_add (ds)
                                                   lowsn_ds6_prefix_add (ds)
                                                   lowsn_ds6_prefix_lookup (ds)
                                                   lowsn_ds6_uaddr_add (ds)
                                                   lowsn_ds6_uaddr_lookup (ds)
                                                   main (test_pingpong)
                                                   ntNewAddressMapEntry (neighbor)
    -------------------------------------------------------------------------
RCODE
  Relative segment, address: CODE 00000549 - 0000054A (0x2 bytes), align: 0
  Segment part 3. ROOT.
           ENTRY                   ADDRESS         REF BY
           =====                   =======         ======
           ?PUSH_XSTACK_I_ONE      00000549        PingPong (test_pingpong)
                                                   lowsn_ds6_maddr_add (ds)
                                                   lowsn_ds6_prefix_add (ds)
                                                   lowsn_ds6_prefix_lookup (ds)
                                                   lowsn_ds6_uaddr_add (ds)
                                                   lowsn_ds6_uaddr_lookup (ds)
    -------------------------------------------------------------------------
RCODE
  Relative segment, address: CODE 0000054B - 00000557 (0xd bytes), align: 0
  Segment part 4. ROOT.       Intra module refs:   ?PUSH_XSTACK_I_FOUR
                                                   ?PUSH_XSTACK_I_ONE
                                                   ?PUSH_XSTACK_I_THREE
                                                   ?PUSH_XSTACK_I_TWO
           ENTRY                   ADDRESS         REF BY
           =====                   =======         ======
           ?PUSH_XSTACK_I          0000054B 

    -------------------------------------------------------------------------
  LIBRARY MODULE, NAME : ?PUSH_XSTACK8_X

  SEGMENTS IN THE MODULE
  ======================
RCODE
  Relative segment, address: CODE 00000558 - 0000055B (0x4 bytes), align: 0
  Segment part 1. ROOT.
           ENTRY                   ADDRESS         REF BY
           =====                   =======         ======
           ?PUSH_XSTACK8_X_FOUR    00000558        ds6Init (ds)
                                                   ds6LocalIPFrom16 (ds)
                                                   ndParseRA (nd)
    -------------------------------------------------------------------------
RCODE
  Relative segment, address: CODE 0000055C - 0000055F (0x4 bytes), align: 0
  Segment part 2. ROOT.
           ENTRY                   ADDRESS         REF BY
           =====                   =======         ======
           ?PUSH_XSTACK8_X_THREE   0000055C 
    -------------------------------------------------------------------------
RCODE
  Relative segment, address: CODE 00000560 - 00000563 (0x4 bytes), align: 0
  Segment part 3. ROOT.
           ENTRY                   ADDRESS         REF BY
           =====                   =======         ======
           ?PUSH_XSTACK8_X_TWO     00000560        adpParseCompHdr (adp)
                                                   ds6LocalIPFrom16 (ds)
                                                   ndParseRA (nd)
    -------------------------------------------------------------------------
RCODE
  Relative segment, address: CODE 00000564 - 00000565 (0x2 bytes), align: 0
  Segment part 4. ROOT.
           ENTRY                   ADDRESS         REF BY
           =====                   =======         ======
           ?PUSH_XSTACK8_X_ONE     00000564 
    -------------------------------------------------------------------------
RCODE
  Relative segment, address: CODE 00000566 - 00000589 (0x24 bytes), align: 0
  Segment part 5. ROOT.       Intra module refs:   ?PUSH_XSTACK8_X_FOUR
                                                   ?PUSH_XSTACK8_X_ONE
                                                   ?PUSH_XSTACK8_X_THREE
                                                   ?PUSH_XSTACK8_X_TWO
           ENTRY                   ADDRESS         REF BY
           =====                   =======         ======
           ?PUSH_XSTACK8_X         00000566        PingPong (test_pingpong)
                                                   phyFSM (phy)

    -------------------------------------------------------------------------
  LIBRARY MODULE, NAME : ?UC_SWITCH_DENSE

  SEGMENTS IN THE MODULE
  ======================
RCODE
  Relative segment, address: CODE 0000058A - 000005BF (0x36 bytes), align: 0
  Segment part 0. ROOT.
           ENTRY                   ADDRESS         REF BY
           =====                   =======         ======
           ?UC_SWITCH_DENSE        0000058A        PingPong (test_pingpong)
                                                   adpFSM (adp)
                                                   adpParseCompHdr (adp)
                                                   adpRxFSM (adp)
                                                   apsFSM (aps)
                                                   apsRxFSM (aps)
                                                   evbLedGet (evboard)
                                                   evbLedSet (evboard)
                                                   macFSM (mac)
                                                   macRxFSM (mac)
                                                   macTxData (mac)
                                                   ntGetCskip (neighbor)
                                                   nwkFSM (nwk)
                                                   nwkRxFSM (nwk)
                                                   phyFSM (phy)
                                                   zepHandleRxPacket (zep)

    -------------------------------------------------------------------------
  LIBRARY MODULE, NAME : ?UC_SWITCH_SPARSE

  SEGMENTS IN THE MODULE
  ======================
RCODE
  Relative segment, address: CODE 000005C0 - 000005E9 (0x2a bytes), align: 0
  Segment part 0. ROOT.
           ENTRY                   ADDRESS         REF BY
           =====                   =======         ======
           ?UC_SWITCH_SPARSE       000005C0        apsFSM (aps)
                                                   macFSM (mac)
                                                   macRxFSM (mac)
                                                   nwkRxFSM (nwk)
           ?UC_SWITCH_SPARSE_LEAVE
                                   000005DD        ?UC_JMP_IF_IN_RANGE (?UC_JMP_IF_IN_RANGE)
                                                   ?UC_JMP_IF_VALUE (?UC_JMP_IF_VALUE)

    -------------------------------------------------------------------------
  LIBRARY MODULE, NAME : ?UC_JMP_IF_IN_RANGE

  SEGMENTS IN THE MODULE
  ======================
RCODE
  Relative segment, address: CODE 000005EA - 00000608 (0x1f bytes), align: 0
  Segment part 0. ROOT.
           ENTRY                   ADDRESS         REF BY
           =====                   =======         ======
           ?UC_JMP_IF_IN_RANGE     000005EA        Segment part 0 (?UC_SWITCH_SPARSE)

    -------------------------------------------------------------------------
  LIBRARY MODULE, NAME : ?UC_JMP_IF_VALUE

  SEGMENTS IN THE MODULE
  ======================
RCODE
  Relative segment, address: CODE 00000609 - 0000061E (0x16 bytes), align: 0
  Segment part 0. ROOT.
           ENTRY                   ADDRESS         REF BY
           =====                   =======         ======
           ?UC_JMP_IF_VALUE        00000609        Segment part 0 (?UC_SWITCH_SPARSE)

    -------------------------------------------------------------------------
  LIBRARY MODULE, NAME : ?memcmp

  SEGMENTS IN THE MODULE
  ======================
NEAR_CODE
  Relative segment, address: CODE 00007AAA - 00007B02 (0x59 bytes), align: 0
  Segment part 6.
           ENTRY                   ADDRESS         REF BY
           =====                   =======         ======
           memcmp                  00007AAA        ds6TestOnLink (ds)
                                                   lowsn_ds6_list_loop (ds)
               stack 1 = 00000000 ( 00000000 )
               stack 2 = 00000002 ( 00000008 )

    -------------------------------------------------------------------------
  LIBRARY MODULE, NAME : ?memcpy

  SEGMENTS IN THE MODULE
  ======================
NEAR_CODE
  Relative segment, address: CODE 00007B03 - 00007B4A (0x48 bytes), align: 0
  Segment part 6.
           ENTRY                   ADDRESS         REF BY
           =====                   =======         ======
           memcpy                  00007B03        icmpCommonFmt (icmpv6)
               stack 1 = 00000000 ( 00000001 )
               stack 2 = 00000002 ( 00000009 )

    -------------------------------------------------------------------------
  LIBRARY MODULE, NAME : ?memset

  SEGMENTS IN THE MODULE
  ======================
NEAR_CODE
  Relative segment, address: CODE 00007B4B - 00007B79 (0x2f bytes), align: 0
  Segment part 6.
           ENTRY                   ADDRESS         REF BY
           =====                   =======         ======
           memset                  00007B4B        MemInit (memalloc)
                                                   ds6Init (ds)
               stack 1 = 00000000 ( 00000001 )
               stack 2 = 00000002 ( 00000008 )

    -------------------------------------------------------------------------
  LIBRARY MODULE, NAME : ?low_level_init

  SEGMENTS IN THE MODULE
  ======================
CSTART
  Relative segment, address: CODE 0000010B - 0000010D (0x3 bytes), align: 0
  Segment part 6. ROOT.
           ENTRY                   ADDRESS         REF BY
           =====                   =======         ======
           __low_level_init        0000010B        __low_level_init_call (?cmain)




                ****************************************
                *                                      *
                *            MODULE SUMMARY            *
                *                                      *
                ****************************************

Module                     CODE      DATA      XDATA  IDATA    BIT
------                     ----      ----      -----  -----    ---
                          (Rel)  (Rel)  (Abs)  (Rel)  (Rel)  (Rel)
?ADD_XSTACK_DISP8            20
?ALLOC_XSTACK8               15
?DEALLOC_XSTACK8             19
?FUNC_ENTER_XDATA            95
?FUNC_LEAVE_XDATA            59
?INTERRUPT_ENTER_XSP         88
?INTERRUPT_LEAVE_XSP         81
?L_ADD                       22
?L_ADD_TO_X                  22
?L_ADD_X                     22
?L_AND_X                     22
?L_EQ_X                      24
?L_IOR                       22
?L_MOV_TO_X                  28
?L_MOV_X                     15
?L_MUL                      128
?L_SHL                       31
?L_SUB                       23
?L_SUB_X                     27
?MOVE_LONG8_XDATA_IDATA      13
?MOVE_LONG8_XDATA_XDATA      33
?PUSH_XSTACK8_X              50
?PUSH_XSTACK_I               27
?SL_SHR                      32
?SS_SHR                      20
?S_SHL                       19
?UC_JMP_IF_IN_RANGE          31
?UC_JMP_IF_VALUE             22
?UC_SWITCH_DENSE             54
?UC_SWITCH_SPARSE            42
?UL_DIV_MOD                 112
?UL_GT                       19
?UL_GT_X                     19
?UL_SHR                      31
?XSTACK_DISP8                10
?cexit                        5
?cmain                      113
?low_level_init               3
?memcmp                      89
?memcpy                      72
?memset                      47
CSTARTUP                     15
  + common                    3
VIRTUAL_REGISTERS                    2                           8
adp                       4 193                  126
  + shared                                        12
aps                       4 920                  139
  + shared                                  1
console                     688                    4
debug                                              1
ds                        2 684                  326
  + shared                                         4
evboard                     719             4      2
  + shared                                  1
halNeighbor                                       10
halStack                  2 340            37     60
  + shared                  134                    4
  + common
icmpv6                    1 302
mac                       5 129                  124
memalloc                    715                2 048
nd                          897                   20
neighbor                    830
nwk                       2 908                  160
phy                         430                  153
test_pingpong             2 019                   45
zep                         907                    7
N/A (command line)                  16           511     64
N/A (alignment)
----------               ------     --     --  -----     --      -
Total:                   32 322     18     43  3 756     64      8
  + common                  134


                ****************************************
                *                                      *
                *      SEGMENTS IN ADDRESS ORDER       *
                *                                      *
                ****************************************


SEGMENT              SPACE    START ADDRESS   END ADDRESS     SIZE  TYPE  ALIGN
=======              =====    =============   ===========     ====  ====  =====
INTVEC               CODE          00000000 - 00000085          86   com    0
CSTART               CODE          00000086 - 0000010D          88   rel    0
RCODE                CODE          0000010E - 0000061E         511   rel    0
NEAR_CODE            CODE          0000061F - 00007B79        755B   rel    0
IDATA_ID             CODE               00007B7A                     dse    0
IXDATA_ID            CODE               00007B7A                     dse    0
PDATA_ID             CODE               00007B7A                     dse    0
DATA_ID              CODE               00007B7A                     dse    0
BIT_ID               CODE               00007B7A                     dse    0
BDATA_ID             CODE               00007B7A                     dse    0
XDATA_ID             CODE          00007B7A - 00007BD1          58   rel    0
CODE_C               CODE          00007BD2 - 00007EC7         2F6   rel    0
REGISTERS            DATA          00000000 - 00000007           8   rel    0
VREG                 DATA          00000008 - 0000000F           8   rel    0
PSP                  DATA               00000010                     dse    0
XSP                  DATA          00000010 - 00000011           2   rel    0
BREG                 BIT        00000020.0  -  00000020.7        8   rel    0
SFR_AN               DATA          00000086 - 00000088           3   rel    0
                     DATA          00000090 - 00000091           2 
                     DATA          00000095 - 00000097           3 
                     DATA          0000009A - 0000009E           5 
                     DATA          000000A1 - 000000A5           5 
                     DATA          000000A8 - 000000A8           1 
                     DATA          000000B4 - 000000B4           1 
                     DATA          000000B6 - 000000B6           1 
                     DATA          000000B8 - 000000B8           1 
                     DATA          000000BA - 000000BB           2 
                     DATA          000000BE - 000000BE           1 
                     DATA          000000C0 - 000000C6           7 
                     DATA          000000D9 - 000000D9           1 
                     DATA          000000E1 - 000000E1           1 
                     DATA          000000E8 - 000000E9           2 
                     DATA          000000F1 - 000000F5           5 
                     DATA          000000FD - 000000FE           2 
XSTACK               XDATA         0000E000 - 0000E1FE         1FF   rel    0
IXDATA_I             XDATA              0000E1FF                     dse    0
XDATA_N              XDATA              0000E1FF                     dse    0
XDATA_Z              XDATA         0000E1FF - 0000EE53         C55   rel    0
XDATA_I              XDATA         0000EE54 - 0000EEAB          58   rel    0
ISTACK               IDATA         000000C0 - 000000FF          40   rel    0

                ****************************************
                *                                      *
                *        END OF CROSS REFERENCE        *
                *                                      *
                ****************************************

 32 456 bytes of CODE  memory
     18 bytes of DATA  memory (+ 43 absolute )
  3 756 bytes of XDATA memory
     64 bytes of IDATA memory
      8 bits  of BIT   memory

Errors: none
Warnings: none

