################################################################################
#                                                                              #
#      IAR Universal Linker V4.61L/W32                                         #
#                                                                              #
#           Link time     =  16/Oct/2013  13:31:34                             #
#           Target CPU    =  x51                                               #
#           List file     =  F:\6LoWSN\6lowsn_stack\obj\compiletest\iar51_cc25 #
#                            30\coord\List\compiletest.map                     #
#           Output file 1 =  F:\6LoWSN\6lowsn_stack\obj\compiletest\iar51_cc25 #
#                            30\coord\Exe\compiletest.hex                      #
#                            Format: debug                                     #
#                            UBROF version 10.0.2                              #
#                            Using library modules for C-SPY (-rt)             #
#           Command line  =  -D_NR_OF_BANKS=0x03 -D_CODEBANK_END=0xFFFF        #
#                            -D_CODEBANK_START=0x2900 -D?CBANK_MASK=0x30       #
#                            -D?CBANK=0xC7                                     #
#                            "-IC:\Program Files\IAR Systems\Embedded Workbenc #
#                            h 5.3 Evaluation version\8051\CONFIG\"            #
#                            F:\6LoWSN\6lowsn_stack\obj\compiletest\iar51_cc25 #
#                            30\coord\Obj\adp.r51                              #
#                            F:\6LoWSN\6lowsn_stack\obj\compiletest\iar51_cc25 #
#                            30\coord\Obj\aps.r51                              #
#                            F:\6LoWSN\6lowsn_stack\obj\compiletest\iar51_cc25 #
#                            30\coord\Obj\console.r51                          #
#                            F:\6LoWSN\6lowsn_stack\obj\compiletest\iar51_cc25 #
#                            30\coord\Obj\debug.r51                            #
#                            F:\6LoWSN\6lowsn_stack\obj\compiletest\iar51_cc25 #
#                            30\coord\Obj\ds.r51                               #
#                            F:\6LoWSN\6lowsn_stack\obj\compiletest\iar51_cc25 #
#                            30\coord\Obj\evboard.r51                          #
#                            F:\6LoWSN\6lowsn_stack\obj\compiletest\iar51_cc25 #
#                            30\coord\Obj\halNeighbor.r51                      #
#                            F:\6LoWSN\6lowsn_stack\obj\compiletest\iar51_cc25 #
#                            30\coord\Obj\halStack.r51                         #
#                            F:\6LoWSN\6lowsn_stack\obj\compiletest\iar51_cc25 #
#                            30\coord\Obj\hal_dma.r51                          #
#                            F:\6LoWSN\6lowsn_stack\obj\compiletest\iar51_cc25 #
#                            30\coord\Obj\icmpv6.r51                           #
#                            F:\6LoWSN\6lowsn_stack\obj\compiletest\iar51_cc25 #
#                            30\coord\Obj\mac.r51                              #
#                            F:\6LoWSN\6lowsn_stack\obj\compiletest\iar51_cc25 #
#                            30\coord\Obj\memalloc.r51                         #
#                            F:\6LoWSN\6lowsn_stack\obj\compiletest\iar51_cc25 #
#                            30\coord\Obj\mp.r51                               #
#                            F:\6LoWSN\6lowsn_stack\obj\compiletest\iar51_cc25 #
#                            30\coord\Obj\nd.r51                               #
#                            F:\6LoWSN\6lowsn_stack\obj\compiletest\iar51_cc25 #
#                            30\coord\Obj\neighbor.r51                         #
#                            F:\6LoWSN\6lowsn_stack\obj\compiletest\iar51_cc25 #
#                            30\coord\Obj\nwk.r51                              #
#                            F:\6LoWSN\6lowsn_stack\obj\compiletest\iar51_cc25 #
#                            30\coord\Obj\phy.r51                              #
#                            F:\6LoWSN\6lowsn_stack\obj\compiletest\iar51_cc25 #
#                            30\coord\Obj\slip.r51                             #
#                            F:\6LoWSN\6lowsn_stack\obj\compiletest\iar51_cc25 #
#                            30\coord\Obj\test_demo.r51                        #
#                            -o                                                #
#                            F:\6LoWSN\6lowsn_stack\obj\compiletest\iar51_cc25 #
#                            30\coord\Exe\compiletest.hex                      #
#                            -l                                                #
#                            F:\6LoWSN\6lowsn_stack\obj\compiletest\iar51_cc25 #
#                            30\coord\List\compiletest.map                     #
#                            -xmsn                                             #
#                            "-IC:\Program Files\IAR Systems\Embedded Workbenc #
#                            h 5.3 Evaluation version\8051\LIB\"               #
#                            -f                                                #
#                            "C:\Program Files\IAR Systems\Embedded Workbench  #
#                            5.3 Evaluation version\8051\config\lnk51ew_cc2530 #
#                            b.xcl"                                            #
#                            (-D_IDATA_END=0xFF -D_PDATA_START=0x1E00          #
#                            -D_PDATA_END=0x1EFF -D_IXDATA_START=0x0001        #
#                            -D_IXDATA_END=0x1EFF                              #
#                            -D_XDATA_START=_IXDATA_START                      #
#                            -D_XDATA_END=_IXDATA_END -D_CODE_START=0x0000     #
#                            -D_CODE_END=0x7FFF -D_FIRST_BANK_ADDR=0x10000     #
#                            -M(CODE)[(_CODEBANK_START+_FIRST_BANK_ADDR)-(_COD #
#                            EBANK_END+_FIRST_BANK_ADDR)]*_NR_OF_BANKS+0x10000 #
#                            =0x8000                                           #
#                            -ww69=i -D_NEAR_CODE_END=_CODE_END                #
#                            -D?REGISTER_BANK=0 -D_REGISTER_BANK_START=0       #
#                            -D?PBANK_NUMBER=0x1E -D?PBANK=0x93                #
#                            -D_BREG_START=0x00 -D?VB=0x20                     #
#                            -D_FAR_DATA_NR_OF_BANKS=0x0E                      #
#                            -D_FAR_DATA_START=0x010001                        #
#                            -D_FAR_DATA_END=0xFFFFFF                          #
#                            -D_FAR_CODE_START=_CODE_START                     #
#                            -D_FAR_CODE_END=_CODE_END -f lnk_base.xcl         #
#                            (-Z(BIT)BREG=_BREG_START -Z(BIT)BIT_N=0-7F        #
#                            -Z(DATA)REGISTERS+8=_REGISTER_BANK_START          #
#                            -Z(DATA)BDATA_Z,BDATA_N,BDATA_I=20-2F             #
#                            -Z(DATA)VREG+_NR_OF_VIRTUAL_REGISTERS=08-7F       #
#                            -Z(DATA)PSP,XSP=08-7F -Z(DATA)DOVERLAY=08-7F      #
#                            -Z(DATA)DATA_I,DATA_Z,DATA_N=08-7F                #
#                            -U(IDATA)0-7F=(DATA)0-7F                          #
#                            -Z(IDATA)IDATA_I,IDATA_Z,IDATA_N=08-_IDATA_END    #
#                            -Z(IDATA)ISTACK+_IDATA_STACK_SIZE#08-_IDATA_END   #
#                            -Z(IDATA)IOVERLAY=08-FF -Z(CODE)INTVEC=0          #
#                            -Z(CODE)CSTART=_CODE_START-_CODE_END              #
#                            -Z(CODE)BIT_ID,BDATA_ID,DATA_ID,IDATA_ID,IXDATA_I #
#                            D,PDATA_ID,XDATA_ID=_CODE_START-_CODE_END         #
#                            -Z(CODE)HUGE_ID=_FAR_CODE_START-_FAR_CODE_END     #
#                            -Z(CODE)BANK_RELAYS,RCODE,DIFUNCT,CODE_C,CODE_N,N #
#                            EAR_CODE=_CODE_START-_CODE_END                    #
#                            -P(CODE)BANKED_CODE=_CODE_START-_CODE_END,[(_CODE #
#                            BANK_START+_FIRST_BANK_ADDR)-(_CODEBANK_END+_FIRS #
#                            T_BANK_ADDR)]*_NR_OF_BANKS+10000                  #
#                            -P(CODE)FAR_CODE_C,FAR_CODE_N,FAR_CODE=[_FAR_CODE #
#                            _START-_FAR_CODE_END]/10000                       #
#                            -P(CODE)HUGE_CODE_C=_FAR_CODE_START-_FAR_CODE_END #
#                            -Z(CODE)CHECKSUM#_CODE_END                        #
#                            -Z(XDATA)EXT_STACK+_EXTENDED_STACK_SIZE=_EXTENDED #
#                            _STACK_START                                      #
#                            -Z(XDATA)PSTACK+_PDATA_STACK_SIZE=_PDATA_START-_P #
#                            DATA_END                                          #
#                            -Z(XDATA)XSTACK+_XDATA_STACK_SIZE=_XDATA_START-_X #
#                            DATA_END                                          #
#                            -Z(XDATA)PDATA_Z,PDATA_I=_PDATA_START-_PDATA_END  #
#                            -P(XDATA)PDATA_N=_PDATA_START-_PDATA_END          #
#                            -Z(XDATA)IXDATA_Z,IXDATA_I=_IXDATA_START-_IXDATA_ #
#                            END                                               #
#                            -P(XDATA)IXDATA_N=_IXDATA_START-_IXDATA_END       #
#                            -Z(XDATA)XDATA_Z,XDATA_I=_XDATA_START-_XDATA_END  #
#                            -P(XDATA)XDATA_N=_XDATA_START-_XDATA_END          #
#                            -Z(XDATA)XDATA_HEAP+_XDATA_HEAP_SIZE=_XDATA_START #
#                            -_XDATA_END                                       #
#                            -Z(CONST)XDATA_ROM_C=_XDATA_START-_XDATA_END      #
#                            -Z(XDATA)FAR_Z=[_FAR_DATA_START-_FAR_DATA_END]/10 #
#                            000                                               #
#                            -Z(XDATA)FAR_I=[_FAR_DATA_START-_FAR_DATA_END]/10 #
#                            000                                               #
#                            -Z(CODE)FAR_ID=[_FAR_CODE_START-_FAR_CODE_END]/10 #
#                            000                                               #
#                            -Z(XDATA)FAR_HEAP+_FAR_HEAP_SIZE=[_FAR_DATA_START #
#                            -_FAR_DATA_END]/10000                             #
#                            -P(XDATA)FAR_N=[_FAR_DATA_START-_FAR_DATA_END]*_F #
#                            AR_DATA_NR_OF_BANKS+10000                         #
#                            -P(CONST)FAR_ROM_C=[_FAR_DATA_START-_FAR_DATA_END #
#                            ]*_FAR_DATA_NR_OF_BANKS+10000                     #
#                            -Z(XDATA)HUGE_Z,HUGE_I=_FAR_DATA_START-_FAR_DATA_ #
#                            END                                               #
#                            -P(XDATA)HUGE_N=_FAR_DATA_START-_FAR_DATA_END     #
#                            -Z(XDATA)HUGE_HEAP+_HUGE_HEAP_SIZE=_FAR_DATA_STAR #
#                            T-_FAR_DATA_END                                   #
#                            -Z(CONST)HUGE_ROM_C=_FAR_DATA_START-_FAR_DATA_END #
#                            -cx51) -D_BANK0_START=0x00000                     #
#                            -D_BANK0_END=0x07FFF -D_BANK1_START=0x18000       #
#                            -D_BANK1_END=0x1FFFF -D_BANK2_START=0x28000       #
#                            -D_BANK2_END=0x2FFFF -D_BANK3_START=0x38000       #
#                            -D_BANK3_END=0x3FFFF -D_BANK4_START=0x48000       #
#                            -D_BANK4_END=0x4FFFF -D_BANK5_START=0x58000       #
#                            -D_BANK5_END=0x5FFFF -D_BANK6_START=0x68000       #
#                            -D_BANK6_END=0x6FFFF -D_BANK7_START=0x78000       #
#                            -D_BANK7_END=0x7FFFF                              #
#                            -P(CODE)BANK0=_BANK0_START-_BANK0_END             #
#                            -P(CODE)BANK1=_BANK1_START-_BANK1_END             #
#                            -P(CODE)BANK2=_BANK2_START-_BANK2_END             #
#                            -P(CODE)BANK3=_BANK3_START-_BANK3_END             #
#                            -P(CODE)BANK4=_BANK4_START-_BANK4_END             #
#                            -P(CODE)BANK5=_BANK5_START-_BANK5_END             #
#                            -P(CODE)BANK6=_BANK6_START-_BANK6_END             #
#                            -P(CODE)BANK7=_BANK7_START-_BANK7_END             #
#                            -D_FLASH_LOCK_BITS_START=((_NR_OF_BANKS*_FIRST_BA #
#                            NK_ADDR)+0xFFF0)                                  #
#                            -D_FLASH_LOCK_BITS_END=((_NR_OF_BANKS*_FIRST_BANK #
#                            _ADDR)+0xFFFF)                                    #
#                            -Z(CODE)FLASH_LOCK_BITS=_FLASH_LOCK_BITS_START-_F #
#                            LASH_LOCK_BITS_END                                #
#                            -U(CODE)0x0000=(CODE)_FLASH_LOCK_BITS_START-_FLAS #
#                            H_LOCK_BITS_END)                                  #
#                            -D_NR_OF_VIRTUAL_REGISTERS=8 -e?BCALL_30=?BCALL   #
#                            -e?BRET_30=?BRET -e?BDISPATCH_30=?BDISPATCH       #
#                            -e_medium_write=_formatted_write                  #
#                            -e_medium_read=_formatted_read -rt -s             #
#                            __program_start                                   #
#                            "C:\Program Files\IAR Systems\Embedded Workbench  #
#                            5.3 Evaluation version\8051\LIB\CLIB\cl-pli-blxd- #
#                            1e16x01.r51"                                      #
#                            -D_IDATA_STACK_SIZE=0x40                          #
#                            -D_EXTENDED_STACK_START=0x00                      #
#                            -D_EXTENDED_STACK_SIZE=0x00                       #
#                            -D_PDATA_STACK_SIZE=0x80                          #
#                            -D_XDATA_STACK_SIZE=0x1FF                         #
#                            -D_XDATA_HEAP_SIZE=0xFF -D_FAR_HEAP_SIZE=0xFFF    #
#                            -D_HUGE_HEAP_SIZE=0xFFF                           #
#                                                                              #
#                           Copyright (C) 1987-2009 IAR Systems AB.            #
################################################################################





                ****************************************
                *                                      *
                *           CROSS REFERENCE            *
                *                                      *
                ****************************************

       Program entry at : CODE      000000E3  Relocatable, from module : CSTARTUP




                ****************************************
                *                                      *
                *            RUNTIME MODEL             *
                *                                      *
                ****************************************

  __calling_convention     = xdata_reentrant
  __code_model             = banked
  __core                   = plain
  __data_model             = large
  __dptr_size              = 16
  __extended_stack         = disabled
  __location_for_constants = data
  __number_of_dptrs        = 1
  __rt_version             = 1



                ****************************************
                *                                      *
                *              MODULE MAP              *
                *                                      *
                ****************************************


  DEFINED ABSOLUTE ENTRIES
    *************************************************************************

  DEFINED ABSOLUTE ENTRIES
  PROGRAM MODULE, NAME : ?ABS_ENTRY_MOD

Absolute parts
           ENTRY                   ADDRESS         REF BY
           =====                   =======         ======
           _HUGE_HEAP_SIZE         00000FFF 
           _FAR_HEAP_SIZE          00000FFF 
           _XDATA_HEAP_SIZE        000000FF 
           _XDATA_STACK_SIZE       000001FF 
           _PDATA_STACK_SIZE       00000080 
           _EXTENDED_STACK_SIZE    00000000 
           _EXTENDED_STACK_START   00000000 
           _IDATA_STACK_SIZE       00000040 
           _NR_OF_VIRTUAL_REGISTERS
                                   00000008 
           _FLASH_LOCK_BITS_END    000304FF 
           _FLASH_LOCK_BITS_START
                                   000304F0 
           _BANK7_END              0007FFFF 
           _BANK7_START            00078000 
           _BANK6_END              0006FFFF 
           _BANK6_START            00068000 
           _BANK5_END              0005FFFF 
           _BANK5_START            00058000 
           _BANK4_END              0004FFFF 
           _BANK4_START            00048000 
           _BANK3_END              000304FF 
           _BANK3_START            00028500 
           _BANK2_END              00022DFF 
           _BANK2_START            0001AE00 
           _BANK1_END              000156FF 
           _BANK1_START            0000D700 
           _BANK0_END              00007FFF 
           _BANK0_START            00000000 
           _FAR_CODE_END           00007FFF 
           _FAR_CODE_START         00000000 
           _FAR_DATA_END           00FFFFFF 
           _FAR_DATA_START         00010001 
           _FAR_DATA_NR_OF_BANKS   0000000E 
           ?VB                     00000020        ?BANKED_ENTER_XDATA (?BANKED_ENTER_XDATA)
                                                   ?BANKED_LEAVE_XDATA (?BANKED_LEAVE_XDATA)
                                                   ?INTERRUPT_ENTER_XSP (?INTERRUPT_ENTER_XSP)
                                                   ?INTERRUPT_LEAVE_XSP (?INTERRUPT_LEAVE_XSP)
           _BREG_START             00000000 
           ?PBANK                  00000093 
           ?PBANK_NUMBER           0000001E 
           _REGISTER_BANK_START    00000000 
           ?REGISTER_BANK          00000000        Segment part 6 (CSTARTUP)
           _NEAR_CODE_END          00007FFF 
           _FIRST_BANK_ADDR        00010000 
           _CODE_END               00007FFF 
           _CODE_START             00000000 
           _XDATA_END              00001EFF 
           _XDATA_START            00000001 
           _IXDATA_END             00001EFF 
           _IXDATA_START           00000001 
           _PDATA_END              00001EFF 
           _PDATA_START            00001E00 
           _IDATA_END              000000FF 
           ?CBANK                  000000C7        ?RESET_CODE_BANK (CSTARTUP)
                                                   Segment part 1 (?BANKED_CODE_SUPPORT)
           ?CBANK_MASK             00000030 
           _CODEBANK_START         00002900 
           _CODEBANK_END           0000FFFF 
           _NR_OF_BANKS            00000003 
    *************************************************************************

  FILE NAME : F:\6LoWSN\6lowsn_stack\obj\compiletest\iar51_cc2530\coord\Obj\adp.r51
  PROGRAM MODULE, NAME : adp

  SEGMENTS IN THE MODULE
  ======================
XDATA_Z
  Relative segment, address: XDATA 00000200 - 00000200 (0x1 bytes), align: 0
  Segment part 6.             Intra module refs:   adpInit
                                                   adpRxBusy
                                                   adpRxFSM
                                                   adpRxHandoff
           LOCAL                   ADDRESS         
           =====                   =======         
           adpRxState              00000200 
    -------------------------------------------------------------------------
XDATA_Z
  Relative segment, address: XDATA 00000201 - 00000229 (0x29 bytes), align: 0
  Segment part 7.             Intra module refs:   ?Subroutine3
                                                   adpFSM
                                                   adpFmtCompHeader
                                                   adpTxCompData
           ENTRY                   ADDRESS         REF BY
           =====                   =======         ======
           a_adp_service           00000201        ?Subroutine10 (nwk)
                                                   ?Subroutine17 (nwk)
                                                   main (test_demo)
                                                   nwkFSM (nwk)
                                                   nwkTxData (nwk)
    -------------------------------------------------------------------------
XDATA_Z
  Relative segment, address: XDATA 0000022A - 0000022A (0x1 bytes), align: 0
  Segment part 8.             Intra module refs:   adpFSM
                                                   adpInit
                                                   adpRxFSM
           ENTRY                   ADDRESS         REF BY
           =====                   =======         ======
           adpState                0000022A        ?Subroutine17 (nwk)
                                                   nwkFSM (nwk)
    -------------------------------------------------------------------------
XDATA_Z
  Relative segment, address: XDATA 0000022B - 00000261 (0x37 bytes), align: 0
  Segment part 9.             Intra module refs:   ?Subroutine17
                                                   ?Subroutine21
                                                   adpParseCompHdr
                                                   adpRxFSM
                                                   adpRxHandoff
           ENTRY                   ADDRESS         REF BY
           =====                   =======         ======
           a_adp_rx_data           0000022B        nwkRxHandoff (nwk)
    -------------------------------------------------------------------------
XDATA_Z
  Relative segment, address: XDATA 00000262 - 00000262 (0x1 bytes), align: 0
  Segment part 10.            Intra module refs:   adpInit
           ENTRY                   ADDRESS         REF BY
           =====                   =======         ======
           adpDSN                  00000262 
    -------------------------------------------------------------------------
XDATA_Z
  Relative segment, address: XDATA 00000263 - 00000276 (0x14 bytes), align: 0
  Segment part 11.            Intra module refs:   ?Subroutine19
                                                   ?Subroutine5
                                                   adpCopyFwdPkt
                                                   adpFSM
                                                   adpInit
                                                   adpRxFSM
           ENTRY                   ADDRESS         REF BY
           =====                   =======         ======
           adp_pib                 00000263 
    -------------------------------------------------------------------------
XDATA_Z
  Relative segment, address: XDATA 00000277 - 0000028A (0x14 bytes), align: 0
  Segment part 12.            Intra module refs:   adpCopyFwdPkt
                                                   adpFSM
                                                   adpFmtCompHeader
                                                   adpTxCompData
                                                   adpTxData
           ENTRY                   ADDRESS         REF BY
           =====                   =======         ======
           a_adp_tx_data           00000277        nwkFindDstDLLAddr (nwk)
    -------------------------------------------------------------------------
<BANKED_CODE> 1 (was BANKED_CODE)
  Relative segment, address: CODE 00003E0C - 00003E31 (0x26 bytes), align: 0
  Segment part 37.            Intra module refs:   adpInit::?relay
           ENTRY                   ADDRESS         REF BY
           =====                   =======         ======
           adpInit                 00003E0C 
               ISTACK = 00000000 ( 00000002 )
    -------------------------------------------------------------------------
<BANKED_CODE> 1 (was BANKED_CODE)
  Relative segment, address: CODE 00003E32 - 00003F2C (0xfb bytes), align: 0
  Segment part 39.            Intra module refs:   adpFSM::?relay
           ENTRY                   ADDRESS         REF BY
           =====                   =======         ======
           adpFSM                  00003E32 
               calls direct
               ISTACK = 00000000 ( 00000002 )
    -------------------------------------------------------------------------
CODE_C
  Relative segment, address: CODE 00000BA3 - 00000BB9 (0x17 bytes), align: 0
  Segment part 13.            Intra module refs:   adpFSM
           LOCAL                   ADDRESS         
           =====                   =======         
           adpFSM{1}{5}{9}{10}::xxxxromstr
                                   00000BA3 
    -------------------------------------------------------------------------
<BANKED_CODE> 1 (was BANKED_CODE)
  Relative segment, address: CODE 00003F2D - 00004096 (0x16a bytes), align: 0
  Segment part 41.            Intra module refs:   adpTxData::?relay
           ENTRY                   ADDRESS         REF BY
           =====                   =======         ======
           adpTxData               00003F2D 
               calls direct
               XSTACK = 00000000 ( 0000000A )
               ISTACK = 00000000 ( 00000001 )
    -------------------------------------------------------------------------
<BANKED_CODE> 1 (was BANKED_CODE)
  Relative segment, address: CODE 00004097 - 0000409B (0x5 bytes), align: 0
  Segment part 43.            Intra module refs:   adpCopyFwdPkt
                                                   adpTxData
           LOCAL                   ADDRESS         
           =====                   =======         
           ?Subroutine38           00004097 
    -------------------------------------------------------------------------
<BANKED_CODE> 1 (was BANKED_CODE)
  Relative segment, address: CODE 0000409C - 000040AC (0x11 bytes), align: 0
  Segment part 44.            Intra module refs:   adpFSM
                                                   adpTxData
           LOCAL                   ADDRESS         
           =====                   =======         
           ?Subroutine4            0000409C 
    -------------------------------------------------------------------------
<BANKED_CODE> 1 (was BANKED_CODE)
  Relative segment, address: CODE 000040AD - 000040B1 (0x5 bytes), align: 0
  Segment part 45.            Intra module refs:   adpTxData
           LOCAL                   ADDRESS         
           =====                   =======         
           ?Subroutine0            000040AD 
    -------------------------------------------------------------------------
<BANKED_CODE> 1 (was BANKED_CODE)
  Relative segment, address: CODE 000040B2 - 000040B6 (0x5 bytes), align: 0
  Segment part 46.            Intra module refs:   ?Subroutine0
                                                   adpTxCompData
    -------------------------------------------------------------------------
<BANKED_CODE> 1 (was BANKED_CODE)
  Relative segment, address: CODE 000040B7 - 000040C5 (0xf bytes), align: 0
  Segment part 47.            Intra module refs:   ?Subroutine1
                                                   Segment part 46
           LOCAL                   ADDRESS         
           =====                   =======         
           ?Subroutine28           000040B7 
    -------------------------------------------------------------------------
<BANKED_CODE> 1 (was BANKED_CODE)
  Relative segment, address: CODE 000040C6 - 000040CB (0x6 bytes), align: 0
  Segment part 48.            Intra module refs:   ?Subroutine28
                                                   Segment part 87
                                                   adpParseCompHdr
                                                   adpRxHandoff
                                                   adpTxCompData
                                                   adpTxData
           LOCAL                   ADDRESS         
           =====                   =======         
           ?Subroutine39           000040C6 
    -------------------------------------------------------------------------
CODE_C
  Relative segment, address: CODE 00000BBA - 00000BE4 (0x2b bytes), align: 0
  Segment part 14.            Intra module refs:   adpTxData
           LOCAL                   ADDRESS         
           =====                   =======         
           adpTxData{2}{3}::xxxxromstr
                                   00000BBA 
    -------------------------------------------------------------------------
CODE_C
  Relative segment, address: CODE 00000BE5 - 00000BF5 (0x11 bytes), align: 0
  Segment part 15.            Intra module refs:   adpTxData
           LOCAL                   ADDRESS         
           =====                   =======         
           adpTxData{5}{6}{7}::xxxxromstr
                                   00000BE5 
    -------------------------------------------------------------------------
CODE_C
  Relative segment, address: CODE 00000BF6 - 00000C00 (0xb bytes), align: 0
  Segment part 16.            Intra module refs:   adpTxData
           LOCAL                   ADDRESS         
           =====                   =======         
           adpTxData{5}{6}{8}{9}::xxxxromstr
                                   00000BF6 
    -------------------------------------------------------------------------
CODE_C
  Relative segment, address: CODE 00000C01 - 00000C17 (0x17 bytes), align: 0
  Segment part 17.            Intra module refs:   adpTxData
           LOCAL                   ADDRESS         
           =====                   =======         
           adpTxData{5}{6}{8}{10}{11}::xxxxromstr
                                   00000C01 
    -------------------------------------------------------------------------
CODE_C
  Relative segment, address: CODE 00000C18 - 00000C19 (0x2 bytes), align: 0
  Segment part 18.            Intra module refs:   adpTxData
           LOCAL                   ADDRESS         
           =====                   =======         
           adpTxData{5}{6}{8}{12}::xxxxromstr
                                   00000C18 
    -------------------------------------------------------------------------
<BANKED_CODE> 1 (was BANKED_CODE)
  Relative segment, address: CODE 000040CC - 00004274 (0x1a9 bytes), align: 0
  Segment part 49.            Intra module refs:   adpRxFSM::?relay
           LOCAL                   ADDRESS         
           =====                   =======         
           adpRxFSM                000040CC 
               calls direct
               ISTACK = 00000000 ( 00000003 )
    -------------------------------------------------------------------------
<BANKED_CODE> 1 (was BANKED_CODE)
  Relative segment, address: CODE 00004275 - 00004275 (0x1 bytes), align: 0
  Segment part 51.            Intra module refs:   adpInit
                                                   adpRxHandoff
           LOCAL                   ADDRESS         
           =====                   =======         
           ?Subroutine37           00004275 
    -------------------------------------------------------------------------
<BANKED_CODE> 1 (was BANKED_CODE)
  Relative segment, address: CODE 00004276 - 0000427C (0x7 bytes), align: 0
  Segment part 52.            Intra module refs:   ?Subroutine37
                                                   adpFSM
                                                   adpRxBusy
                                                   adpRxFSM
    -------------------------------------------------------------------------
<BANKED_CODE> 1 (was BANKED_CODE)
  Relative segment, address: CODE 0000427D - 00004286 (0xa bytes), align: 0
  Segment part 53.            Intra module refs:   adpRxFSM
           LOCAL                   ADDRESS         
           =====                   =======         
           ?Subroutine21           0000427D 
    -------------------------------------------------------------------------
CODE_C
  Relative segment, address: CODE 00000C1A - 00000C62 (0x49 bytes), align: 0
  Segment part 19.            Intra module refs:   adpRxFSM
           LOCAL                   ADDRESS         
           =====                   =======         
           adpRxFSM{1}{4}{5}::xxxxromstr
                                   00000C1A 
    -------------------------------------------------------------------------
CODE_C
  Relative segment, address: CODE 00000C63 - 00000C8D (0x2b bytes), align: 0
  Segment part 20.            Intra module refs:   adpRxFSM
           LOCAL                   ADDRESS         
           =====                   =======         
           adpRxFSM{1}{10}{11}::xxxxromstr
                                   00000C63 
    -------------------------------------------------------------------------
CODE_C
  Relative segment, address: CODE 00000C8E - 00000C9E (0x11 bytes), align: 0
  Segment part 21.            Intra module refs:   adpRxFSM
           LOCAL                   ADDRESS         
           =====                   =======         
           adpRxFSM{1}{10}{12}::xxxxromstr
                                   00000C8E 
    -------------------------------------------------------------------------
CODE_C
  Relative segment, address: CODE 00000C9F - 00000CBB (0x1d bytes), align: 0
  Segment part 22.            Intra module refs:   adpRxFSM
           LOCAL                   ADDRESS         
           =====                   =======         
           adpRxFSM{1}{13}::xxxxromstr
                                   00000C9F 
    -------------------------------------------------------------------------
CODE_C
  Relative segment, address: CODE 00000CBC - 00000CBD (0x2 bytes), align: 0
  Segment part 23.            Intra module refs:   adpRxFSM
           LOCAL                   ADDRESS         
           =====                   =======         
           adpRxFSM{1}{14}::xxxxromstr
                                   00000CBC 
    -------------------------------------------------------------------------
CODE_C
  Relative segment, address: CODE 00000CBE - 00000CE4 (0x27 bytes), align: 0
  Segment part 24.            Intra module refs:   adpRxFSM
           LOCAL                   ADDRESS         
           =====                   =======         
           adpRxFSM{1}{15}{16}::xxxxromstr
                                   00000CBE 
    -------------------------------------------------------------------------
CODE_C
  Relative segment, address: CODE 00000CE5 - 00000CF0 (0xc bytes), align: 0
  Segment part 25.            Intra module refs:   adpRxFSM
           LOCAL                   ADDRESS         
           =====                   =======         
           adpRxFSM{1}{15}{17}::xxxxromstr
                                   00000CE5 
    -------------------------------------------------------------------------
CODE_C
  Relative segment, address: CODE 00000CF1 - 00000CFC (0xc bytes), align: 0
  Segment part 26.            Intra module refs:   adpRxFSM
           LOCAL                   ADDRESS         
           =====                   =======         
           adpRxFSM{1}{15}{18}::xxxxromstr
                                   00000CF1 
    -------------------------------------------------------------------------
CODE_C
  Relative segment, address: CODE 00000CFD - 00000CFE (0x2 bytes), align: 0
  Segment part 27.            Intra module refs:   adpRxFSM
           LOCAL                   ADDRESS         
           =====                   =======         
           adpRxFSM{1}{15}{19}::xxxxromstr
                                   00000CFD 
    -------------------------------------------------------------------------
<BANKED_CODE> 1 (was BANKED_CODE)
  Relative segment, address: CODE 00004287 - 00004298 (0x12 bytes), align: 0
  Segment part 54.            Intra module refs:   adpRxBusy::?relay
           ENTRY                   ADDRESS         REF BY
           =====                   =======         ======
           adpRxBusy               00004287 
               ISTACK = 00000000 ( 00000002 )
    -------------------------------------------------------------------------
<BANKED_CODE> 1 (was BANKED_CODE)
  Relative segment, address: CODE 00004299 - 000042C8 (0x30 bytes), align: 0
  Segment part 56.            Intra module refs:   adpRxHandoff::?relay
           ENTRY                   ADDRESS         REF BY
           =====                   =======         ======
           adpRxHandoff            00004299 
               ISTACK = 00000000 ( 00000002 )
    -------------------------------------------------------------------------
<BANKED_CODE> 1 (was BANKED_CODE)
  Relative segment, address: CODE 000042C9 - 00004388 (0xc0 bytes), align: 0
  Segment part 58.            Intra module refs:   adpCopyFwdPkt::?relay
           ENTRY                   ADDRESS         REF BY
           =====                   =======         ======
           adpCopyFwdPkt           000042C9 
               calls direct
               XSTACK = 00000000 ( 0000000A )
               ISTACK = 00000000 ( 00000001 )
    -------------------------------------------------------------------------
<BANKED_CODE> 1 (was BANKED_CODE)
  Relative segment, address: CODE 00004389 - 0000438E (0x6 bytes), align: 0
  Segment part 60.            Intra module refs:   ?Subroutine20
                                                   ?Subroutine21
                                                   adpCopyFwdPkt
                                                   adpRxFSM
                                                   adpTxData
           LOCAL                   ADDRESS         
           =====                   =======         
           ?Subroutine29           00004389 
    -------------------------------------------------------------------------
<BANKED_CODE> 1 (was BANKED_CODE)
  Relative segment, address: CODE 0000438F - 00004395 (0x7 bytes), align: 0
  Segment part 61.            Intra module refs:   adpCopyFwdPkt
                                                   adpRxFSM
           LOCAL                   ADDRESS         
           =====                   =======         
           ?Subroutine20           0000438F 
    -------------------------------------------------------------------------
<BANKED_CODE> 1 (was BANKED_CODE)
  Relative segment, address: CODE 00004396 - 000043A5 (0x10 bytes), align: 0
  Segment part 62.            Intra module refs:   adpCopyFwdPkt
                                                   adpRxFSM
           LOCAL                   ADDRESS         
           =====                   =======         
           ?Subroutine19           00004396 
    -------------------------------------------------------------------------
<BANKED_CODE> 1 (was BANKED_CODE)
  Relative segment, address: CODE 000043A6 - 000043AA (0x5 bytes), align: 0
  Segment part 63.            Intra module refs:   adpCopyFwdPkt
                                                   adpParseCompHdr
                                                   adpRxHandoff
           LOCAL                   ADDRESS         
           =====                   =======         
           ?Subroutine18           000043A6 
    -------------------------------------------------------------------------
<BANKED_CODE> 1 (was BANKED_CODE)
  Relative segment, address: CODE 000043AB - 000043B3 (0x9 bytes), align: 0
  Segment part 64.            Intra module refs:   ?Subroutine18
                                                   adpRxHandoff
           LOCAL                   ADDRESS         
           =====                   =======         
           ?Subroutine33           000043AB 
    -------------------------------------------------------------------------
<BANKED_CODE> 1 (was BANKED_CODE)
  Relative segment, address: CODE 000043B4 - 000043BC (0x9 bytes), align: 0
  Segment part 65.            Intra module refs:   adpCopyFwdPkt
                                                   adpRxFSM
           LOCAL                   ADDRESS         
           =====                   =======         
           ?Subroutine15           000043B4 
    -------------------------------------------------------------------------
<BANKED_CODE> 1 (was BANKED_CODE)
  Relative segment, address: CODE 000043BD - 000043C7 (0xb bytes), align: 0
  Segment part 66.            Intra module refs:   adpCopyFwdPkt
                                                   adpRxFSM
           LOCAL                   ADDRESS         
           =====                   =======         
           ?Subroutine6            000043BD 
    -------------------------------------------------------------------------
<BANKED_CODE> 1 (was BANKED_CODE)
  Relative segment, address: CODE 000043C8 - 000043CA (0x3 bytes), align: 0
  Segment part 73.            Intra module refs:   adpTxCompData
           LOCAL                   ADDRESS         
           =====                   =======         
           ?Subroutine23           000043C8 
    -------------------------------------------------------------------------
<BANKED_CODE> 1 (was BANKED_CODE)
  Relative segment, address: CODE 000043CB - 000043D0 (0x6 bytes), align: 0
  Segment part 74.            Intra module refs:   ?Subroutine23
                                                   adpCopyFwdPkt
                                                   adpTxData
    -------------------------------------------------------------------------
<BANKED_CODE> 1 (was BANKED_CODE)
  Relative segment, address: CODE 000043D1 - 00004668 (0x298 bytes), align: 0
  Segment part 77.            Intra module refs:   adpParseCompHdr::?relay
           ENTRY                   ADDRESS         REF BY
           =====                   =======         ======
           adpParseCompHdr         000043D1 
               calls direct
               XSTACK = 00000000 ( 0000000F )
               ISTACK = 00000000 ( 00000001 )
    -------------------------------------------------------------------------
<BANKED_CODE> 1 (was BANKED_CODE)
  Relative segment, address: CODE 00004669 - 0000467C (0x14 bytes), align: 0
  Segment part 79.            Intra module refs:   adpParseCompHdr
                                                   adpRxFSM
           LOCAL                   ADDRESS         
           =====                   =======         
           ?Subroutine17           00004669 
    -------------------------------------------------------------------------
<BANKED_CODE> 1 (was BANKED_CODE)
  Relative segment, address: CODE 0000467D - 0000467F (0x3 bytes), align: 0
  Segment part 80.            Intra module refs:   adpFmtCompHeader
                                                   adpParseCompHdr
                                                   adpRxFSM
                                                   adpTxData
           LOCAL                   ADDRESS         
           =====                   =======         
           ?Subroutine16           0000467D 
    -------------------------------------------------------------------------
<BANKED_CODE> 1 (was BANKED_CODE)
  Relative segment, address: CODE 00004680 - 00004684 (0x5 bytes), align: 0
  Segment part 81.            Intra module refs:   ?Subroutine16
                                                   adpRxFSM
                                                   adpTxData
    -------------------------------------------------------------------------
<BANKED_CODE> 1 (was BANKED_CODE)
  Relative segment, address: CODE 00004685 - 00004688 (0x4 bytes), align: 0
  Segment part 82.            Intra module refs:   adpParseCompHdr
           LOCAL                   ADDRESS         
           =====                   =======         
           ?Subroutine12           00004685 
    -------------------------------------------------------------------------
<BANKED_CODE> 1 (was BANKED_CODE)
  Relative segment, address: CODE 00004689 - 0000468F (0x7 bytes), align: 0
  Segment part 83.            Intra module refs:   ?Subroutine11
                                                   ?Subroutine12
           LOCAL                   ADDRESS         
           =====                   =======         
           ?Subroutine26           00004689 
    -------------------------------------------------------------------------
<BANKED_CODE> 1 (was BANKED_CODE)
  Relative segment, address: CODE 00004690 - 00004694 (0x5 bytes), align: 0
  Segment part 84.            Intra module refs:   adpParseCompHdr
           LOCAL                   ADDRESS         
           =====                   =======         
           ?Subroutine11           00004690 
    -------------------------------------------------------------------------
<BANKED_CODE> 1 (was BANKED_CODE)
  Relative segment, address: CODE 00004695 - 0000469D (0x9 bytes), align: 0
  Segment part 85.            Intra module refs:   adpCopyFwdPkt
                                                   adpTxCompData
                                                   adpTxData
           LOCAL                   ADDRESS         
           =====                   =======         
           ?Subroutine7            00004695 
    -------------------------------------------------------------------------
<BANKED_CODE> 1 (was BANKED_CODE)
  Relative segment, address: CODE 0000469E - 0000469F (0x2 bytes), align: 0
  Segment part 86.            Intra module refs:   ?Subroutine7
                                                   adpTxCompData
    -------------------------------------------------------------------------
<BANKED_CODE> 1 (was BANKED_CODE)
  Relative segment, address: CODE 000046A0 - 000046A6 (0x7 bytes), align: 0
  Segment part 87.            Intra module refs:   Segment part 86
                                                   adpTxCompData
    -------------------------------------------------------------------------
<BANKED_CODE> 1 (was BANKED_CODE)
  Relative segment, address: CODE 000046A7 - 000046AD (0x7 bytes), align: 0
  Segment part 88.            Intra module refs:   adpParseCompHdr
           LOCAL                   ADDRESS         
           =====                   =======         
           ?Subroutine2            000046A7 
    -------------------------------------------------------------------------
<BANKED_CODE> 1 (was BANKED_CODE)
  Relative segment, address: CODE 000046AE - 000046B3 (0x6 bytes), align: 0
  Segment part 89.            Intra module refs:   ?Subroutine2
                                                   ?Subroutine9
           LOCAL                   ADDRESS         
           =====                   =======         
           ?Subroutine40           000046AE 
    -------------------------------------------------------------------------
CODE_C
  Relative segment, address: CODE 00000CFF - 00000D27 (0x29 bytes), align: 0
  Segment part 30.            Intra module refs:   adpParseCompHdr
           LOCAL                   ADDRESS         
           =====                   =======         
           adpParseCompHdr{1}{3}::xxxxromstr
                                   00000CFF 
    -------------------------------------------------------------------------
CODE_C
  Relative segment, address: CODE 00000D28 - 00000D47 (0x20 bytes), align: 0
  Segment part 31.            Intra module refs:   adpParseCompHdr
           LOCAL                   ADDRESS         
           =====                   =======         
           adpParseCompHdr{1}{5}::xxxxromstr
                                   00000D28 
    -------------------------------------------------------------------------
CODE_C
  Relative segment, address: CODE 00000D48 - 00000D60 (0x19 bytes), align: 0
  Segment part 32.            Intra module refs:   adpParseCompHdr
           LOCAL                   ADDRESS         
           =====                   =======         
           adpParseCompHdr{1}{27}{28}::xxxxromstr
                                   00000D48 
    -------------------------------------------------------------------------
CODE_C
  Relative segment, address: CODE 00000D61 - 00000D94 (0x34 bytes), align: 0
  Segment part 33.            Intra module refs:   adpParseCompHdr
           LOCAL                   ADDRESS         
           =====                   =======         
           adpParseCompHdr{1}{30}::xxxxromstr
                                   00000D61 
    -------------------------------------------------------------------------
<BANKED_CODE> 1 (was BANKED_CODE)
  Relative segment, address: CODE 000046B4 - 00004772 (0xbf bytes), align: 0
  Segment part 90.            Intra module refs:   adpFmtCompHeader::?relay
           ENTRY                   ADDRESS         REF BY
           =====                   =======         ======
           adpFmtCompHeader        000046B4 
               calls direct
               XSTACK = 00000000 ( 0000000C )
               ISTACK = 00000000 ( 00000002 )
    -------------------------------------------------------------------------
<BANKED_CODE> 1 (was BANKED_CODE)
  Relative segment, address: CODE 00004773 - 00004777 (0x5 bytes), align: 0
  Segment part 92.            Intra module refs:   adpFmtCompHeader
                                                   adpTxCompData
           LOCAL                   ADDRESS         
           =====                   =======         
           ?Subroutine43           00004773 
    -------------------------------------------------------------------------
CODE_C
  Relative segment, address: CODE 00000D95 - 00000DAD (0x19 bytes), align: 0
  Segment part 34.            Intra module refs:   adpFmtCompHeader
           LOCAL                   ADDRESS         
           =====                   =======         
           adpFmtCompHeader{1}::xxxxromstr
                                   00000D95 
    -------------------------------------------------------------------------
<BANKED_CODE> 1 (was BANKED_CODE)
  Relative segment, address: CODE 00004778 - 000048B5 (0x13e bytes), align: 0
  Segment part 93.            Intra module refs:   adpTxCompData::?relay
           ENTRY                   ADDRESS         REF BY
           =====                   =======         ======
           adpTxCompData           00004778 
               XSTACK = 00000000 ( 0000000C )
               ISTACK = 00000000 ( 00000001 )
    -------------------------------------------------------------------------
<BANKED_CODE> 1 (was BANKED_CODE)
  Relative segment, address: CODE 000048B6 - 000048BD (0x8 bytes), align: 0
  Segment part 95.            Intra module refs:   adpTxCompData
           LOCAL                   ADDRESS         
           =====                   =======         
           ?Subroutine9            000048B6 
    -------------------------------------------------------------------------
<BANKED_CODE> 1 (was BANKED_CODE)
  Relative segment, address: CODE 000048BE - 000048C4 (0x7 bytes), align: 0
  Segment part 96.            Intra module refs:   ?Subroutine31
                                                   ?Subroutine9
                                                   adpCopyFwdPkt
           LOCAL                   ADDRESS         
           =====                   =======         
           ?Subroutine36           000048BE 
    -------------------------------------------------------------------------
<BANKED_CODE> 1 (was BANKED_CODE)
  Relative segment, address: CODE 000048C5 - 000048C9 (0x5 bytes), align: 0
  Segment part 97.            Intra module refs:   adpTxCompData
           LOCAL                   ADDRESS         
           =====                   =======         
           ?Subroutine8            000048C5 
    -------------------------------------------------------------------------
<BANKED_CODE> 1 (was BANKED_CODE)
  Relative segment, address: CODE 000048CA - 000048D1 (0x8 bytes), align: 0
  Segment part 98.            Intra module refs:   ?Subroutine8
                                                   adpTxCompData
           LOCAL                   ADDRESS         
           =====                   =======         
           ?Subroutine31           000048CA 
    -------------------------------------------------------------------------
<BANKED_CODE> 1 (was BANKED_CODE)
  Relative segment, address: CODE 000048D2 - 000048E4 (0x13 bytes), align: 0
  Segment part 99.            Intra module refs:   adpTxCompData
           LOCAL                   ADDRESS         
           =====                   =======         
           ?Subroutine3            000048D2 
    -------------------------------------------------------------------------
<BANKED_CODE> 1 (was BANKED_CODE)
  Relative segment, address: CODE 000048E5 - 000048F4 (0x10 bytes), align: 0
  Segment part 100.           Intra module refs:   ?Subroutine3
                                                   adpTxCompData
           LOCAL                   ADDRESS         
           =====                   =======         
           ?Subroutine30           000048E5 
    -------------------------------------------------------------------------
<BANKED_CODE> 1 (was BANKED_CODE)
  Relative segment, address: CODE 000048F5 - 00004903 (0xf bytes), align: 0
  Segment part 101.           Intra module refs:   adpTxCompData
           LOCAL                   ADDRESS         
           =====                   =======         
           ?Subroutine1            000048F5 
    -------------------------------------------------------------------------
<BANKED_CODE> 1 (was BANKED_CODE)
  Relative segment, address: CODE 00004904 - 00004911 (0xe bytes), align: 0
  Segment part 104.           Intra module refs:   adpFSM
           LOCAL                   ADDRESS         
           =====                   =======         
           ?Subroutine5            00004904 
    -------------------------------------------------------------------------
<BANKED_CODE> 1 (was BANKED_CODE)
  Relative segment, address: CODE 00004912 - 00004917 (0x6 bytes), align: 0
  Segment part 107.           Intra module refs:   adpParseCompHdr
           LOCAL                   ADDRESS         
           =====                   =======         
           ?Subroutine42           00004912 
    -------------------------------------------------------------------------
<BANKED_CODE> 1 (was BANKED_CODE)
  Relative segment, address: CODE 00004918 - 0000491A (0x3 bytes), align: 0
  Segment part 108.           Intra module refs:   ?Subroutine5
           LOCAL                   ADDRESS         
           =====                   =======         
           ?Subroutine32           00004918 
    -------------------------------------------------------------------------
<BANKED_CODE> 1 (was BANKED_CODE)
  Relative segment, address: CODE 0000491B - 00004921 (0x7 bytes), align: 0
  Segment part 109.           Intra module refs:   ?Subroutine32
                                                   ?Subroutine5
    -------------------------------------------------------------------------
<BANKED_CODE> 1 (was BANKED_CODE)
  Relative segment, address: CODE 00004922 - 0000492E (0xd bytes), align: 0
  Segment part 111.           Intra module refs:   adpFSM
           LOCAL                   ADDRESS         
           =====                   =======         
           ?Subroutine34           00004922 
    -------------------------------------------------------------------------
<BANKED_CODE> 1 (was BANKED_CODE)
  Relative segment, address: CODE 0000492F - 00004932 (0x4 bytes), align: 0
  Segment part 112.           Intra module refs:   adpParseCompHdr
           LOCAL                   ADDRESS         
           =====                   =======         
           ?Subroutine14           0000492F 
    -------------------------------------------------------------------------
<BANKED_CODE> 1 (was BANKED_CODE)
  Relative segment, address: CODE 00004933 - 00004939 (0x7 bytes), align: 0
  Segment part 113.           Intra module refs:   ?Subroutine14
                                                   ?Subroutine2
                                                   ?Subroutine26
           LOCAL                   ADDRESS         
           =====                   =======         
           ?Subroutine35           00004933 
    -------------------------------------------------------------------------
XDATA_I
  Relative segment, address: XDATA 00001188 - 0000118B (0x4 bytes), align: 0
  Segment part 35.            Intra module refs:   ?Subroutine6 (nd)
                                                   adpFmtCompHeader
                                                   adpParseCompHdr
                                                   apsTxData (aps)
                                                   doIEEE_backoff (halStack)
                                                   ds6Init (ds)
                                                   ds6LocalIPFrom16 (ds)
                                                   halWait (halStack)
                                                   icmpCommonFmt (icmpv6)
                                                   lowsn_ds6_uaddr_add (ds)
                                                   macInit (mac)
                                                   main (test_demo)
           ENTRY                   ADDRESS         REF BY
           =====                   =======         ======
           __Constant_0            00001188 
    -------------------------------------------------------------------------
XDATA_ID
  Relative segment, address: CODE 0000013F - 00000142 (0x4 bytes), align: 0
  Segment part 36.            Intra module refs:   __Constant_0
    -------------------------------------------------------------------------
BANK_RELAYS
  Relative segment, address: CODE 00000187 - 0000018C (0x6 bytes), align: 0
  Segment part 38.
           ENTRY                   ADDRESS         REF BY
           =====                   =======         ======
           adpInit::?relay         00000187        apsInit (aps)
    -------------------------------------------------------------------------
BANK_RELAYS
  Relative segment, address: CODE 0000018D - 00000192 (0x6 bytes), align: 0
  Segment part 40.
           ENTRY                   ADDRESS         REF BY
           =====                   =======         ======
           adpFSM::?relay          0000018D        ?Subroutine17 (nwk)
                                                   nwkFSM (nwk)
    -------------------------------------------------------------------------
BANK_RELAYS
  Relative segment, address: CODE 00000193 - 00000198 (0x6 bytes), align: 0
  Segment part 42.            Intra module refs:   adpFSM
           ENTRY                   ADDRESS         REF BY
           =====                   =======         ======
           adpTxData::?relay       00000193 
    -------------------------------------------------------------------------
BANK_RELAYS
  Relative segment, address: CODE 00000199 - 0000019E (0x6 bytes), align: 0
  Segment part 50.            Intra module refs:   adpFSM
           LOCAL                   ADDRESS         
           =====                   =======         
           adpRxFSM::?relay        00000199 
    -------------------------------------------------------------------------
BANK_RELAYS
  Relative segment, address: CODE 0000019F - 000001A4 (0x6 bytes), align: 0
  Segment part 55.
           ENTRY                   ADDRESS         REF BY
           =====                   =======         ======
           adpRxBusy::?relay       0000019F        macRxFSM (mac)
    -------------------------------------------------------------------------
BANK_RELAYS
  Relative segment, address: CODE 000001A5 - 000001AA (0x6 bytes), align: 0
  Segment part 57.
           ENTRY                   ADDRESS         REF BY
           =====                   =======         ======
           adpRxHandoff::?relay    000001A5        macRxFSM (mac)
    -------------------------------------------------------------------------
BANK_RELAYS
  Relative segment, address: CODE 000001AB - 000001B0 (0x6 bytes), align: 0
  Segment part 59.            Intra module refs:   adpFSM
           ENTRY                   ADDRESS         REF BY
           =====                   =======         ======
           adpCopyFwdPkt::?relay   000001AB 
    -------------------------------------------------------------------------
BANK_RELAYS
  Relative segment, address: CODE 000001B1 - 000001B6 (0x6 bytes), align: 0
  Segment part 78.            Intra module refs:   adpRxFSM
           ENTRY                   ADDRESS         REF BY
           =====                   =======         ======
           adpParseCompHdr::?relay
                                   000001B1 
    -------------------------------------------------------------------------
BANK_RELAYS
  Relative segment, address: CODE 000001B7 - 000001BC (0x6 bytes), align: 0
  Segment part 91.            Intra module refs:   adpFSM
           ENTRY                   ADDRESS         REF BY
           =====                   =======         ======
           adpFmtCompHeader::?relay
                                   000001B7 
    -------------------------------------------------------------------------
BANK_RELAYS
  Relative segment, address: CODE 000001BD - 000001C2 (0x6 bytes), align: 0
  Segment part 94.            Intra module refs:   adpFSM
           ENTRY                   ADDRESS         REF BY
           =====                   =======         ======
           adpTxCompData::?relay   000001BD 

    *************************************************************************

  FILE NAME : F:\6LoWSN\6lowsn_stack\obj\compiletest\iar51_cc2530\coord\Obj\aps.r51
  PROGRAM MODULE, NAME : aps

  SEGMENTS IN THE MODULE
  ======================
SFR_AN
  Relative segment, address: DATA 000000A8 - 000000A8 (0x1 bytes), align: 0
  Segment part 1. ROOT.       Intra module refs:   MemAlloc (memalloc)
                                                   MemFree (memalloc)
                                                   halGetMACTimer (halStack)
                                                   halInitMACTimer (halStack)
                                                   halInitRadio (halStack)
                                                   halInitUart (halStack)
                                                   halSetRadioIEEEFrequency (halStack)
                                                   hal_Timer2_Isr (halStack)
                                                   hal_Uart0_RxIsr (halStack)
                                                   hal_rf_Isr (halStack)
                                                   hal_rferr_Isr (halStack)
                                                   main (test_demo)
           ENTRY                   ADDRESS         REF BY
           =====                   =======         ======
           _A_IEN0                 000000A8 
    -------------------------------------------------------------------------
XDATA_Z
  Relative segment, address: XDATA 0000028B - 00000345 (0xbb bytes), align: 0
  Segment part 7.             Intra module refs:   ?Subroutine15
                                                   ?Subroutine28
                                                   ?Subroutine42
                                                   apsFSM
                                                   apsInit
                                                   apsRxFSM
                                                   apsTxData
                                                   apsTxFSM
           ENTRY                   ADDRESS         REF BY
           =====                   =======         ======
           aps_pib                 0000028B        ?Subroutine1 (mp)
                                                   mpCommonFmt (mp)
    -------------------------------------------------------------------------
XDATA_Z
  Relative segment, address: XDATA 00000346 - 00000359 (0x14 bytes), align: 0
  Segment part 8.             Intra module refs:   apsFSM
           ENTRY                   ADDRESS         REF BY
           =====                   =======         ======
           a_aps_service           00000346        main (test_demo)
    -------------------------------------------------------------------------
XDATA_Z
  Relative segment, address: XDATA 0000035A - 0000035A (0x1 bytes), align: 0
  Segment part 9.             Intra module refs:   apsFSM
                                                   apsInit
           ENTRY                   ADDRESS         REF BY
           =====                   =======         ======
           apsState                0000035A        main (test_demo)
    -------------------------------------------------------------------------
XDATA_Z
  Relative segment, address: XDATA 0000035B - 00000398 (0x3e bytes), align: 0
  Segment part 11.            Intra module refs:   ?Subroutine12
                                                   ?Subroutine35
                                                   Segment part 91
                                                   apsFSM
                                                   apsRxFSM
                                                   apsTxData
                                                   apsTxFSM
           ENTRY                   ADDRESS         REF BY
           =====                   =======         ======
           a_aps_tx_data           0000035B        ?Subroutine1 (mp)
                                                   ?Subroutine2 (mp)
                                                   ?Subroutine3 (mp)
                                                   mpCommonFmt (mp)
                                                   mpFmtReadResponse (mp)
    -------------------------------------------------------------------------
XDATA_Z
  Relative segment, address: XDATA 00000399 - 000003EA (0x52 bytes), align: 0
  Segment part 12.            Intra module refs:   ?Subroutine10
                                                   ?Subroutine16
                                                   apsFSM
                                                   apsParseHdr
                                                   apsRxFSM
                                                   apsRxHandoff
           ENTRY                   ADDRESS         REF BY
           =====                   =======         ======
           a_aps_rx_data           00000399        ?Subroutine8 (mp)
                                                   mpFmtReadResponse (mp)
                                                   mpHandleRxReport (mp)
                                                   usrRxPacketCallback (test_demo)
    -------------------------------------------------------------------------
XDATA_Z
  Relative segment, address: XDATA 000003EB - 000003EE (0x4 bytes), align: 0
  Segment part 14.            Intra module refs:   ?Subroutine31
           LOCAL                   ADDRESS         
           =====                   =======         
           aps_utility_timer       000003EB 
    -------------------------------------------------------------------------
XDATA_Z
  Relative segment, address: XDATA 000003EF - 000003EF (0x1 bytes), align: 0
  Segment part 15.            Intra module refs:   apsInit
                                                   apsRxBusy
                                                   apsRxFSM
                                                   apsRxHandoff
           LOCAL                   ADDRESS         
           =====                   =======         
           apsRxState              000003EF 
    -------------------------------------------------------------------------
XDATA_Z
  Relative segment, address: XDATA 000003F0 - 000003F0 (0x1 bytes), align: 0
  Segment part 16.            Intra module refs:   apsFSM
                                                   apsTxData
                                                   apsTxFSM
           LOCAL                   ADDRESS         
           =====                   =======         
           apsTxFSM_status         000003F0 
    -------------------------------------------------------------------------
<BANKED_CODE> 1 (was BANKED_CODE)
  Relative segment, address: CODE 0000493A - 00004992 (0x59 bytes), align: 0
  Segment part 53.            Intra module refs:   apsInit::?relay
           ENTRY                   ADDRESS         REF BY
           =====                   =======         ======
           apsInit                 0000493A 
               calls direct
               XSTACK = 00000000 ( 0000000C )
    -------------------------------------------------------------------------
<BANKED_CODE> 1 (was BANKED_CODE)
  Relative segment, address: CODE 00004993 - 00004996 (0x4 bytes), align: 0
  Segment part 69.            Intra module refs:   apsRxHandoff
                                                   apsTxData
           LOCAL                   ADDRESS         
           =====                   =======         
           ?Subroutine26           00004993 
    -------------------------------------------------------------------------
<BANKED_CODE> 1 (was BANKED_CODE)
  Relative segment, address: CODE 00004997 - 00004CF0 (0x35a bytes), align: 0
  Segment part 70.            Intra module refs:   apsFSM::?relay
           ENTRY                   ADDRESS         REF BY
           =====                   =======         ======
           apsFSM                  00004997 
               calls direct
               XSTACK = 00000013 ( 00000020 )
    -------------------------------------------------------------------------
<BANKED_CODE> 1 (was BANKED_CODE)
  Relative segment, address: CODE 00004CF1 - 00004CF7 (0x7 bytes), align: 0
  Segment part 72.            Intra module refs:   Segment part 76
                                                   apsFSM
           LOCAL                   ADDRESS         
           =====                   =======         
           ?Subroutine39           00004CF1 
    -------------------------------------------------------------------------
<BANKED_CODE> 1 (was BANKED_CODE)
  Relative segment, address: CODE 00004CF8 - 00004D00 (0x9 bytes), align: 0
  Segment part 73.            Intra module refs:   apsFSM
           LOCAL                   ADDRESS         
           =====                   =======         
           ?Subroutine31           00004CF8 
    -------------------------------------------------------------------------
<BANKED_CODE> 1 (was BANKED_CODE)
  Relative segment, address: CODE 00004D01 - 00004D05 (0x5 bytes), align: 0
  Segment part 74.            Intra module refs:   apsFSM
           LOCAL                   ADDRESS         
           =====                   =======         
           ?Subroutine21           00004D01 
    -------------------------------------------------------------------------
<BANKED_CODE> 1 (was BANKED_CODE)
  Relative segment, address: CODE 00004D06 - 00004D08 (0x3 bytes), align: 0
  Segment part 75.            Intra module refs:   apsFSM
           LOCAL                   ADDRESS         
           =====                   =======         
           ?Subroutine19           00004D06 
    -------------------------------------------------------------------------
<BANKED_CODE> 1 (was BANKED_CODE)
  Relative segment, address: CODE 00004D09 - 00004D0D (0x5 bytes), align: 0
  Segment part 76.            Intra module refs:   ?Subroutine19
    -------------------------------------------------------------------------
<BANKED_CODE> 1 (was BANKED_CODE)
  Relative segment, address: CODE 00004D0E - 00004D16 (0x9 bytes), align: 0
  Segment part 77.            Intra module refs:   apsFSM
           LOCAL                   ADDRESS         
           =====                   =======         
           ?Subroutine14           00004D0E 
    -------------------------------------------------------------------------
<BANKED_CODE> 1 (was BANKED_CODE)
  Relative segment, address: CODE 00004D17 - 00004D19 (0x3 bytes), align: 0
  Segment part 78.            Intra module refs:   ?Subroutine14
                                                   ?Subroutine21
                                                   ?Subroutine4
           LOCAL                   ADDRESS         
           =====                   =======         
           ?Subroutine36           00004D17 
    -------------------------------------------------------------------------
<BANKED_CODE> 1 (was BANKED_CODE)
  Relative segment, address: CODE 00004D1A - 00004D1E (0x5 bytes), align: 0
  Segment part 79.            Intra module refs:   ?Subroutine30
                                                   ?Subroutine36
                                                   Segment part 112
                                                   apsFSM
                                                   apsParseHdr
                                                   apsRxFSM
                                                   apsTxData
                                                   apsTxFSM
           LOCAL                   ADDRESS         
           =====                   =======         
           ?Subroutine51           00004D1A 
    -------------------------------------------------------------------------
<BANKED_CODE> 1 (was BANKED_CODE)
  Relative segment, address: CODE 00004D1F - 00004D27 (0x9 bytes), align: 0
  Segment part 80.            Intra module refs:   apsFSM
           LOCAL                   ADDRESS         
           =====                   =======         
           ?Subroutine12           00004D1F 
    -------------------------------------------------------------------------
<BANKED_CODE> 1 (was BANKED_CODE)
  Relative segment, address: CODE 00004D28 - 00004D2B (0x4 bytes), align: 0
  Segment part 81.            Intra module refs:   apsFSM
           LOCAL                   ADDRESS         
           =====                   =======         
           ?Subroutine11           00004D28 
    -------------------------------------------------------------------------
<BANKED_CODE> 1 (was BANKED_CODE)
  Relative segment, address: CODE 00004D2C - 00004D34 (0x9 bytes), align: 0
  Segment part 82.            Intra module refs:   ?Subroutine11
           LOCAL                   ADDRESS         
           =====                   =======         
           ?Subroutine35           00004D2C 
    -------------------------------------------------------------------------
<BANKED_CODE> 1 (was BANKED_CODE)
  Relative segment, address: CODE 00004D35 - 00004D35 (0x1 bytes), align: 0
  Segment part 83.            Intra module refs:   apsFSM
           LOCAL                   ADDRESS         
           =====                   =======         
           ?Subroutine6            00004D35 
    -------------------------------------------------------------------------
<BANKED_CODE> 1 (was BANKED_CODE)
  Relative segment, address: CODE 00004D36 - 00004D38 (0x3 bytes), align: 0
  Segment part 84.            Intra module refs:   ?Subroutine6
                                                   apsFSM
                                                   apsRxFSM
    -------------------------------------------------------------------------
<BANKED_CODE> 1 (was BANKED_CODE)
  Relative segment, address: CODE 00004D39 - 00004D3D (0x5 bytes), align: 0
  Segment part 85.            Intra module refs:   ?Subroutine4
                                                   ?Subroutine6
                                                   Segment part 84
                                                   apsRxFSM
           LOCAL                   ADDRESS         
           =====                   =======         
           ?Subroutine52           00004D39 
    -------------------------------------------------------------------------
<BANKED_CODE> 1 (was BANKED_CODE)
  Relative segment, address: CODE 00004D3E - 00004D45 (0x8 bytes), align: 0
  Segment part 86.            Intra module refs:   apsFSM
           LOCAL                   ADDRESS         
           =====                   =======         
           ?Subroutine4            00004D3E 
    -------------------------------------------------------------------------
CODE_C
  Relative segment, address: CODE 00000DAE - 00000DC9 (0x1c bytes), align: 0
  Segment part 17.            Intra module refs:   apsFSM
           LOCAL                   ADDRESS         
           =====                   =======         
           apsFSM{1}{4}{5}{7}{9}{10}::xxxxromstr
                                   00000DAE 
    -------------------------------------------------------------------------
CODE_C
  Relative segment, address: CODE 00000DCA - 00000DE6 (0x1d bytes), align: 0
  Segment part 18.            Intra module refs:   apsFSM
           LOCAL                   ADDRESS         
           =====                   =======         
           apsFSM{1}{4}{5}{11}{13}{14}::xxxxromstr
                                   00000DCA 
    -------------------------------------------------------------------------
CODE_C
  Relative segment, address: CODE 00000DE7 - 00000E05 (0x1f bytes), align: 0
  Segment part 19.            Intra module refs:   apsFSM
           LOCAL                   ADDRESS         
           =====                   =======         
           apsFSM{1}{4}{5}{15}{17}{18}::xxxxromstr
                                   00000DE7 
    -------------------------------------------------------------------------
CODE_C
  Relative segment, address: CODE 00000E06 - 00000E25 (0x20 bytes), align: 0
  Segment part 20.            Intra module refs:   apsFSM
           LOCAL                   ADDRESS         
           =====                   =======         
           apsFSM{1}{4}{5}{19}{20}::xxxxromstr
                                   00000E06 
    -------------------------------------------------------------------------
CODE_C
  Relative segment, address: CODE 00000E26 - 00000E3F (0x1a bytes), align: 0
  Segment part 21.            Intra module refs:   apsFSM
           LOCAL                   ADDRESS         
           =====                   =======         
           apsFSM{1}{45}::xxxxromstr
                                   00000E26 
    -------------------------------------------------------------------------
CODE_C
  Relative segment, address: CODE 00000E40 - 00000E5A (0x1b bytes), align: 0
  Segment part 22.            Intra module refs:   apsFSM
           LOCAL                   ADDRESS         
           =====                   =======         
           apsFSM{1}{47}::xxxxromstr
                                   00000E40 
    -------------------------------------------------------------------------
CODE_C
  Relative segment, address: CODE 00000E5B - 00000E77 (0x1d bytes), align: 0
  Segment part 23.            Intra module refs:   apsFSM
           LOCAL                   ADDRESS         
[...]
                                                   hal_rferr_Isr (halStack)

    -------------------------------------------------------------------------
  LIBRARY MODULE, NAME : ?PUSH_XSTACK_I

  SEGMENTS IN THE MODULE
  ======================
RCODE
  Relative segment, address: CODE 00000ACA - 00000ACD (0x4 bytes), align: 0
  Segment part 2.
           ENTRY                   ADDRESS         REF BY
           =====                   =======         ======
           ?PUSH_XSTACK_I_TWO      00000ACA        MemInit (memalloc)
                                                   ds6Init (ds)
                                                   ds6TestOnLink (ds)
                                                   icmpCommonFmt (icmpv6)
                                                   lowsn_ds6_aaddr_lookup (ds)
                                                   lowsn_ds6_list_loop (ds)
                                                   lowsn_ds6_maddr_add (ds)
                                                   lowsn_ds6_maddr_lookup (ds)
                                                   lowsn_ds6_prefix_add (ds)
                                                   lowsn_ds6_uaddr_add (ds)
                                                   lowsn_ds6_uaddr_lookup (ds)
                                                   mpInit (mp)
                                                   ntNewAddressMapEntry (neighbor)
                                                   upper_layer_chksum (nwk)
    -------------------------------------------------------------------------
RCODE
  Relative segment, address: CODE 00000ACE - 00000ACF (0x2 bytes), align: 0
  Segment part 3.
           ENTRY                   ADDRESS         REF BY
           =====                   =======         ======
           ?PUSH_XSTACK_I_ONE      00000ACE        lowsn_ds6_aaddr_lookup (ds)
                                                   lowsn_ds6_maddr_add (ds)
                                                   lowsn_ds6_maddr_lookup (ds)
                                                   lowsn_ds6_prefix_add (ds)
                                                   lowsn_ds6_uaddr_add (ds)
                                                   lowsn_ds6_uaddr_lookup (ds)
    -------------------------------------------------------------------------
RCODE
  Relative segment, address: CODE 00000AD0 - 00000ADC (0xd bytes), align: 0
  Segment part 4.             Intra module refs:   ?PUSH_XSTACK_I_ONE
                                                   ?PUSH_XSTACK_I_TWO
           ENTRY                   ADDRESS         REF BY
           =====                   =======         ======
           ?PUSH_XSTACK_I          00000AD0 

    -------------------------------------------------------------------------
  LIBRARY MODULE, NAME : ?PUSH_XSTACK8_X

  SEGMENTS IN THE MODULE
  ======================
RCODE
  Relative segment, address: CODE 00000ADD - 00000AE0 (0x4 bytes), align: 0
  Segment part 1.
           ENTRY                   ADDRESS         REF BY
           =====                   =======         ======
           ?PUSH_XSTACK8_X_FOUR    00000ADD        ds6Init (ds)
                                                   ds6LocalIPFrom16 (ds)
                                                   main (test_demo)
    -------------------------------------------------------------------------
RCODE
  Relative segment, address: CODE 00000AE1 - 00000AE4 (0x4 bytes), align: 0
  Segment part 3.
           ENTRY                   ADDRESS         REF BY
           =====                   =======         ======
           ?PUSH_XSTACK8_X_TWO     00000AE1        adpParseCompHdr (adp)
                                                   ds6LocalIPFrom16 (ds)
                                                   lowsn_ds6_prefix_add (ds)
    -------------------------------------------------------------------------
RCODE
  Relative segment, address: CODE 00000AE5 - 00000B0D (0x29 bytes), align: 0
  Segment part 5.             Intra module refs:   ?PUSH_XSTACK8_X_FOUR
                                                   ?PUSH_XSTACK8_X_TWO
           ENTRY                   ADDRESS         REF BY
           =====                   =======         ======
           ?PUSH_XSTACK8_X         00000AE5        apsFSM (aps)
                                                   mpFmtDeviceInfo (mp)
                                                   mpFmtTreeNeighborInfo (mp)
                                                   phyFSM (phy)

    -------------------------------------------------------------------------
  LIBRARY MODULE, NAME : ?UC_SWITCH_DENSE

  SEGMENTS IN THE MODULE
  ======================
RCODE
  Relative segment, address: CODE 00000B0E - 00000B13 (0x6 bytes), align: 0
  Segment part 0.
           ENTRY                   ADDRESS         REF BY
           =====                   =======         ======
           ?UC_SWITCH_DENSE        00000B0E        adpFSM (adp)
                                                   adpParseCompHdr (adp)
                                                   adpRxFSM (adp)
                                                   apsFSM (aps)
                                                   apsRxFSM (aps)
                                                   evbLedSet (evboard)
                                                   macFSM (mac)
                                                   macRxFSM (mac)
                                                   macTxData (mac)
                                                   mpHandleRxReport (mp)
                                                   ntGetCskip (neighbor)
                                                   nwkFSM (nwk)
                                                   nwkRxFSM (nwk)
                                                   phyFSM (phy)
    -------------------------------------------------------------------------
RCODE
  Relative segment, address: CODE 00000B14 - 00000B42 (0x2f bytes), align: 0
  Segment part 2.             Intra module refs:   ?UC_SWITCH_DENSE
    -------------------------------------------------------------------------
RCODE
  Relative segment, address: CODE 00000B43 - 00000B43 (0x1 bytes), align: 0
  Segment part 4.             Intra module refs:   ?UC_SWITCH_DENSE

    -------------------------------------------------------------------------
  LIBRARY MODULE, NAME : ?UC_SWITCH_SPARSE

  SEGMENTS IN THE MODULE
  ======================
RCODE
  Relative segment, address: CODE 00000B44 - 00000B4A (0x7 bytes), align: 0
  Segment part 0.
           ENTRY                   ADDRESS         REF BY
           =====                   =======         ======
           ?UC_SWITCH_SPARSE       00000B44        adpFSM (adp)
                                                   macFSM (mac)
                                                   macRxFSM (mac)
                                                   nwkFSM (nwk)
                                                   nwkRxFSM (nwk)
    -------------------------------------------------------------------------
RCODE
  Relative segment, address: CODE 00000B4B - 00000B6C (0x22 bytes), align: 0
  Segment part 2.             Intra module refs:   ?UC_SWITCH_SPARSE
           ENTRY                   ADDRESS         REF BY
           =====                   =======         ======
           ?UC_SWITCH_SPARSE_LEAVE
                                   00000B61        ?UC_JMP_IF_IN_RANGE (?UC_JMP_IF_IN_RANGE)
                                                   ?UC_JMP_IF_VALUE (?UC_JMP_IF_VALUE)
    -------------------------------------------------------------------------
RCODE
  Relative segment, address: CODE 00000B6D - 00000B6D (0x1 bytes), align: 0
  Segment part 4.             Intra module refs:   ?UC_SWITCH_SPARSE

    -------------------------------------------------------------------------
  LIBRARY MODULE, NAME : ?UC_JMP_IF_IN_RANGE

  SEGMENTS IN THE MODULE
  ======================
RCODE
  Relative segment, address: CODE 00000B6E - 00000B8C (0x1f bytes), align: 0
  Segment part 0.
           ENTRY                   ADDRESS         REF BY
           =====                   =======         ======
           ?UC_JMP_IF_IN_RANGE     00000B6E        ?UC_SWITCH_SPARSE_LEAVE (?UC_SWITCH_SPARSE)

    -------------------------------------------------------------------------
  LIBRARY MODULE, NAME : ?UC_JMP_IF_VALUE

  SEGMENTS IN THE MODULE
  ======================
RCODE
  Relative segment, address: CODE 00000B8D - 00000BA2 (0x16 bytes), align: 0
  Segment part 0.
           ENTRY                   ADDRESS         REF BY
           =====                   =======         ======
           ?UC_JMP_IF_VALUE        00000B8D        ?UC_SWITCH_SPARSE_LEAVE (?UC_SWITCH_SPARSE)

    -------------------------------------------------------------------------
  LIBRARY MODULE, NAME : ?memcmp

  SEGMENTS IN THE MODULE
  ======================
<BANKED_CODE> 1 (was BANKED_CODE)
  Relative segment, address: CODE 00007C13 - 00007C6B (0x59 bytes), align: 0
  Segment part 6.             Intra module refs:   memcmp::?relay
           ENTRY                   ADDRESS         REF BY
           =====                   =======         ======
           memcmp                  00007C13 
               XSTACK = 00000002 ( 00000009 )
    -------------------------------------------------------------------------
BANK_RELAYS
  Relative segment, address: CODE 000004F9 - 000004FE (0x6 bytes), align: 0
  Segment part 7.
           ENTRY                   ADDRESS         REF BY
           =====                   =======         ======
           memcmp::?relay          000004F9        ds6TestOnLink (ds)
                                                   lowsn_ds6_list_loop (ds)

    -------------------------------------------------------------------------
  LIBRARY MODULE, NAME : ?memcpy

  SEGMENTS IN THE MODULE
  ======================
<BANKED_CODE> 1 (was BANKED_CODE)
  Relative segment, address: CODE 00007C6C - 00007CB3 (0x48 bytes), align: 0
  Segment part 6.             Intra module refs:   memcpy::?relay
           ENTRY                   ADDRESS         REF BY
           =====                   =======         ======
           memcpy                  00007C6C 
               XSTACK = 00000002 ( 0000000A )
               ISTACK = 00000000 ( 00000001 )
    -------------------------------------------------------------------------
BANK_RELAYS
  Relative segment, address: CODE 000004FF - 00000504 (0x6 bytes), align: 0
  Segment part 7.
           ENTRY                   ADDRESS         REF BY
           =====                   =======         ======
           memcpy::?relay          000004FF        icmpCommonFmt (icmpv6)

    -------------------------------------------------------------------------
  LIBRARY MODULE, NAME : ?memset

  SEGMENTS IN THE MODULE
  ======================
<BANKED_CODE> 1 (was BANKED_CODE)
  Relative segment, address: CODE 00007CB4 - 00007CE2 (0x2f bytes), align: 0
  Segment part 6.             Intra module refs:   memset::?relay
           ENTRY                   ADDRESS         REF BY
           =====                   =======         ======
           memset                  00007CB4 
               XSTACK = 00000002 ( 00000009 )
               ISTACK = 00000000 ( 00000001 )
    -------------------------------------------------------------------------
BANK_RELAYS
  Relative segment, address: CODE 00000505 - 0000050A (0x6 bytes), align: 0
  Segment part 7.
           ENTRY                   ADDRESS         REF BY
           =====                   =======         ======
           memset::?relay          00000505        MemInit (memalloc)
                                                   ds6Init (ds)

    -------------------------------------------------------------------------
  LIBRARY MODULE, NAME : ?low_level_init

  SEGMENTS IN THE MODULE
  ======================
CSTART
  Relative segment, address: CODE 0000013C - 0000013E (0x3 bytes), align: 0
  Segment part 6. ROOT.
           ENTRY                   ADDRESS         REF BY
           =====                   =======         ======
           __low_level_init        0000013C        __low_level_init_call (?cmain)




                ****************************************
                *                                      *
                *            MODULE SUMMARY            *
                *                                      *
                ****************************************

Module                     CODE      DATA      XDATA  IDATA    BIT
------                     ----      ----      -----  -----    ---
                          (Rel)  (Rel)  (Abs)  (Rel)  (Rel)  (Rel)
?ADD_XSTACK_DISP8            27
?ALLOC_XSTACK8               22
?BANKED_CODE_SUPPORT         71
?BANKED_ENTER_XDATA         102
?BANKED_LEAVE_XDATA          62
?DEALLOC_XSTACK8             26
?FLT_MUL                    384
?FLT_TEST_INF                21
?FLT_TEST_INF_R1             21
?FLT_TEST_NAN                15
?FLT_TEST_NAN_R1             15
?FLT_TEST_ZERO               10
?FLT_TEST_ZERO_R1            10
?FLT_TO_L                   143
?INTERRUPT_ENTER_XSP         95
?INTERRUPT_LEAVE_XSP         80
?L_ADD                       19
?L_ADD_TO_X                  19
?L_ADD_X                     19
?L_AND_X                     19
?L_EQ_X                      21
?L_MOV_TO_X                  15
?L_MOV_X                     15
?L_SHL                       31
?L_SUB_X                     24
?L_TO_FLT                    93
?MOVE_LONG8_XDATA_IDATA      13
?MOVE_LONG8_XDATA_XDATA      33
?PUSH_XSTACK8_X              49
?PUSH_XSTACK_I               19
?SS_SHR                      16
?S_SHL                       19
?UC_JMP_IF_IN_RANGE          31
?UC_JMP_IF_VALUE             22
?UC_SWITCH_DENSE             54
?UC_SWITCH_SPARSE            42
?UL_GT                       16
?UL_GT_X                     16
?UL_SHR                      25
?US_SHR                      15
?XSTACK_DISP8                10
?cexit                        5
?cmain                       88
?low_level_init               3
?memcmp                      95
?memcpy                      78
?memset                      53
CSTARTUP                     18
  + common                    3
VIRTUAL_REGISTERS                    2                           8
adp                       3 449                  139
  + shared                                         4
aps                       3 324                  366
  + shared                                  1      4
console                     875                    4
debug                       475                    1
ds                        2 757                  407
  + shared                                         4
evboard                     415             4      2
  + shared                                  1
halNeighbor                                      340
halStack                  2 515            39    171
  + shared                  134                    4
  + common
hal_dma                                     4
icmpv6                      913
mac                       5 495                  130
memalloc                    632                2 048
mp                        1 250                   20
nd                          837                    2
neighbor                  1 382                   68
nwk                       4 236                  160
phy                         524                  153
test_demo                   659                   21
N/A (command line)                  16           511     64
N/A (alignment)
----------               ------     --     --  -----     --      -
Total:                   31 837     18     49  4 559     64      8
  + common                  134


                ****************************************
                *                                      *
                *      SEGMENTS IN ADDRESS ORDER       *
                *                                      *
                ****************************************


SEGMENT              SPACE    START ADDRESS   END ADDRESS     SIZE  TYPE  ALIGN
=======              =====    =============   ===========     ====  ====  =====
INTVEC               CODE          00000000 - 00000085          86   com    0
CSTART               CODE          00000086 - 0000013E          B9   rel    0
IDATA_ID             CODE               0000013F                     dse    0
BIT_ID               CODE               0000013F                     dse    0
BDATA_ID             CODE               0000013F                     dse    0
IXDATA_ID            CODE               0000013F                     dse    0
PDATA_ID             CODE               0000013F                     dse    0
DATA_ID              CODE               0000013F                     dse    0
XDATA_ID             CODE          0000013F - 00000186          48   rel    0
BANK_RELAYS          CODE          00000187 - 0000050A         384   rel    0
RCODE                CODE          0000050B - 00000BA2         698   rel    0
DIFUNCT              CODE               00000BA3                     dse    0
CODE_C               CODE          00000BA3 - 00001DA9        1207   rel    0
CODE_N               CODE               00001DAA                     dse    0
NEAR_CODE            CODE          00001DAA - 00002143         39A   rel    0
<BANKED_CODE> 1      CODE          00002144 - 00007CE2        5B9F   rel    0
REGISTERS            DATA          00000000 - 00000007           8   rel    0
VREG                 DATA          00000008 - 0000000F           8   rel    0
PSP                  DATA               00000010                     dse    0
XSP                  DATA          00000010 - 00000011           2   rel    0
BREG                 BIT        00000020.0  -  00000020.7        8   rel    0
SFR_AN               DATA          00000086 - 00000088           3   rel    0
                     DATA          00000090 - 00000091           2 
                     DATA          00000094 - 00000097           4 
                     DATA          0000009A - 0000009B           2 
                     DATA          0000009D - 0000009E           2 
                     DATA          000000A1 - 000000A8           8 
                     DATA          000000B4 - 000000B4           1 
                     DATA          000000B6 - 000000B6           1 
                     DATA          000000B8 - 000000B8           1 
                     DATA          000000BA - 000000BB           2 
                     DATA          000000BE - 000000BE           1 
                     DATA          000000C0 - 000000C6           7 
                     DATA          000000D2 - 000000D5           4 
                     DATA          000000D9 - 000000D9           1 
                     DATA          000000E1 - 000000E1           1 
                     DATA          000000E8 - 000000E9           2 
                     DATA          000000F1 - 000000F5           5 
                     DATA          000000FD - 000000FE           2 
XSTACK               XDATA         00000001 - 000001FF         1FF   rel    0
XDATA_Z              XDATA         00000200 - 00001187         F88   rel    0
XDATA_I              XDATA         00001188 - 000011CF          48   rel    0
ISTACK               IDATA         000000C0 - 000000FF          40   rel    0

                ****************************************
                *                                      *
                *        END OF CROSS REFERENCE        *
                *                                      *
                ****************************************

 31 971 bytes of CODE  memory
     18 bytes of DATA  memory (+ 49 absolute )
  4 559 bytes of XDATA memory
     64 bytes of IDATA memory
      8 bits  of BIT   memory

Errors: none
Warnings: none

