################################################################################
#                                                                              #
#      IAR Universal Linker V4.61L/W32                                         #
#                                                                              #
#           Link time     =  16/Oct/2013  13:31:20                             #
#           Target CPU    =  x51                                               #
#           List file     =  F:\6LoWSN\6lowsn_stack\obj\compiletest\iar51_cc25 #
#                            30\router\List\compiletest.map                    #
#           Output file 1 =  F:\6LoWSN\6lowsn_stack\obj\compiletest\iar51_cc25 #
#                            30\router\Exe\compiletest.hex                     #
#                            Format: debug                                     #
#                            UBROF version 10.0.2                              #
#                            Using library modules for C-SPY (-rt)             #
#           Command line  =  -D_NR_OF_BANKS=0x03 -D_CODEBANK_END=0xFFFF        #
#                            -D_CODEBANK_START=0x8000 -D?CBANK_MASK=0x30       #
#                            -D?CBANK=0x90                                     #
#                            "-IC:\Program Files\IAR Systems\Embedded Workbenc #
#                            h 5.3 Evaluation version\8051\CONFIG\"            #
#                            F:\6LoWSN\6lowsn_stack\obj\compiletest\iar51_cc25 #
#                            30\router\Obj\adp.r51                             #
#                            F:\6LoWSN\6lowsn_stack\obj\compiletest\iar51_cc25 #
#                            30\router\Obj\aps.r51                             #
#                            F:\6LoWSN\6lowsn_stack\obj\compiletest\iar51_cc25 #
#                            30\router\Obj\console.r51                         #
#                            F:\6LoWSN\6lowsn_stack\obj\compiletest\iar51_cc25 #
#                            30\router\Obj\debug.r51                           #
#                            F:\6LoWSN\6lowsn_stack\obj\compiletest\iar51_cc25 #
#                            30\router\Obj\ds.r51                              #
#                            F:\6LoWSN\6lowsn_stack\obj\compiletest\iar51_cc25 #
#                            30\router\Obj\evboard.r51                         #
#                            F:\6LoWSN\6lowsn_stack\obj\compiletest\iar51_cc25 #
#                            30\router\Obj\halNeighbor.r51                     #
#                            F:\6LoWSN\6lowsn_stack\obj\compiletest\iar51_cc25 #
#                            30\router\Obj\halStack.r51                        #
#                            F:\6LoWSN\6lowsn_stack\obj\compiletest\iar51_cc25 #
#                            30\router\Obj\hal_dma.r51                         #
#                            F:\6LoWSN\6lowsn_stack\obj\compiletest\iar51_cc25 #
#                            30\router\Obj\icmpv6.r51                          #
#                            F:\6LoWSN\6lowsn_stack\obj\compiletest\iar51_cc25 #
#                            30\router\Obj\mac.r51                             #
#                            F:\6LoWSN\6lowsn_stack\obj\compiletest\iar51_cc25 #
#                            30\router\Obj\memalloc.r51                        #
#                            F:\6LoWSN\6lowsn_stack\obj\compiletest\iar51_cc25 #
#                            30\router\Obj\mp.r51                              #
#                            F:\6LoWSN\6lowsn_stack\obj\compiletest\iar51_cc25 #
#                            30\router\Obj\nd.r51                              #
#                            F:\6LoWSN\6lowsn_stack\obj\compiletest\iar51_cc25 #
#                            30\router\Obj\neighbor.r51                        #
#                            F:\6LoWSN\6lowsn_stack\obj\compiletest\iar51_cc25 #
#                            30\router\Obj\nwk.r51                             #
#                            F:\6LoWSN\6lowsn_stack\obj\compiletest\iar51_cc25 #
#                            30\router\Obj\phy.r51                             #
#                            F:\6LoWSN\6lowsn_stack\obj\compiletest\iar51_cc25 #
#                            30\router\Obj\slip.r51                            #
#                            F:\6LoWSN\6lowsn_stack\obj\compiletest\iar51_cc25 #
#                            30\router\Obj\test_demo.r51                       #
#                            -o                                                #
#                            F:\6LoWSN\6lowsn_stack\obj\compiletest\iar51_cc25 #
#                            30\router\Exe\compiletest.hex                     #
#                            -l                                                #
#                            F:\6LoWSN\6lowsn_stack\obj\compiletest\iar51_cc25 #
#                            30\router\List\compiletest.map                    #
#                            -xmsn                                             #
#                            "-IC:\Program Files\IAR Systems\Embedded Workbenc #
#                            h 5.3 Evaluation version\8051\LIB\"               #
#                            -f                                                #
#                            "C:\Program Files\IAR Systems\Embedded Workbench  #
#                            5.3 Evaluation version\8051\config\lnk51ew_cc2530 #
#                            .xcl"                                             #
#                            (-D_IDATA_END=0xFF -D_PDATA_START=0x1E00          #
#                            -D_PDATA_END=0x1EFF -D_IXDATA_START=0x0001        #
#                            -D_IXDATA_END=0x1EFF                              #
#                            -D_XDATA_START=_IXDATA_START                      #
#                            -D_XDATA_END=_IXDATA_END -D_CODE_START=0x0000     #
#                            -D_CODE_END=0xFFFF -D_NEAR_CODE_END=_CODE_END     #
#                            -D?REGISTER_BANK=0 -D_REGISTER_BANK_START=0       #
#                            -D?PBANK_NUMBER=0x1E -D?PBANK=0x93                #
#                            -D_BREG_START=0x00 -D?VB=0x20                     #
#                            -D_FIRST_BANK_ADDR=0x10000                        #
#                            -D_FAR_DATA_NR_OF_BANKS=0x0E                      #
#                            -D_FAR_DATA_START=0x010001                        #
#                            -D_FAR_DATA_END=0xFFFFFF                          #
#                            -D_FAR_CODE_START=_CODE_START                     #
#                            -D_FAR_CODE_END=_CODE_END -f lnk_base.xcl         #
#                            (-Z(BIT)BREG=_BREG_START -Z(BIT)BIT_N=0-7F        #
#                            -Z(DATA)REGISTERS+8=_REGISTER_BANK_START          #
#                            -Z(DATA)BDATA_Z,BDATA_N,BDATA_I=20-2F             #
#                            -Z(DATA)VREG+_NR_OF_VIRTUAL_REGISTERS=08-7F       #
#                            -Z(DATA)PSP,XSP=08-7F -Z(DATA)DOVERLAY=08-7F      #
#                            -Z(DATA)DATA_I,DATA_Z,DATA_N=08-7F                #
#                            -U(IDATA)0-7F=(DATA)0-7F                          #
#                            -Z(IDATA)IDATA_I,IDATA_Z,IDATA_N=08-_IDATA_END    #
#                            -Z(IDATA)ISTACK+_IDATA_STACK_SIZE#08-_IDATA_END   #
#                            -Z(IDATA)IOVERLAY=08-FF -Z(CODE)INTVEC=0          #
#                            -Z(CODE)CSTART=_CODE_START-_CODE_END              #
#                            -Z(CODE)BIT_ID,BDATA_ID,DATA_ID,IDATA_ID,IXDATA_I #
#                            D,PDATA_ID,XDATA_ID=_CODE_START-_CODE_END         #
#                            -Z(CODE)HUGE_ID=_FAR_CODE_START-_FAR_CODE_END     #
#                            -Z(CODE)BANK_RELAYS,RCODE,DIFUNCT,CODE_C,CODE_N,N #
#                            EAR_CODE=_CODE_START-_CODE_END                    #
#                            -P(CODE)BANKED_CODE=_CODE_START-_CODE_END,[(_CODE #
#                            BANK_START+_FIRST_BANK_ADDR)-(_CODEBANK_END+_FIRS #
#                            T_BANK_ADDR)]*_NR_OF_BANKS+10000                  #
#                            -P(CODE)FAR_CODE_C,FAR_CODE_N,FAR_CODE=[_FAR_CODE #
#                            _START-_FAR_CODE_END]/10000                       #
#                            -P(CODE)HUGE_CODE_C=_FAR_CODE_START-_FAR_CODE_END #
#                            -Z(CODE)CHECKSUM#_CODE_END                        #
#                            -Z(XDATA)EXT_STACK+_EXTENDED_STACK_SIZE=_EXTENDED #
#                            _STACK_START                                      #
#                            -Z(XDATA)PSTACK+_PDATA_STACK_SIZE=_PDATA_START-_P #
#                            DATA_END                                          #
#                            -Z(XDATA)XSTACK+_XDATA_STACK_SIZE=_XDATA_START-_X #
#                            DATA_END                                          #
#                            -Z(XDATA)PDATA_Z,PDATA_I=_PDATA_START-_PDATA_END  #
#                            -P(XDATA)PDATA_N=_PDATA_START-_PDATA_END          #
#                            -Z(XDATA)IXDATA_Z,IXDATA_I=_IXDATA_START-_IXDATA_ #
#                            END                                               #
#                            -P(XDATA)IXDATA_N=_IXDATA_START-_IXDATA_END       #
#                            -Z(XDATA)XDATA_Z,XDATA_I=_XDATA_START-_XDATA_END  #
#                            -P(XDATA)XDATA_N=_XDATA_START-_XDATA_END          #
#                            -Z(XDATA)XDATA_HEAP+_XDATA_HEAP_SIZE=_XDATA_START #
#                            -_XDATA_END                                       #
#                            -Z(CONST)XDATA_ROM_C=_XDATA_START-_XDATA_END      #
#                            -Z(XDATA)FAR_Z=[_FAR_DATA_START-_FAR_DATA_END]/10 #
#                            000                                               #
#                            -Z(XDATA)FAR_I=[_FAR_DATA_START-_FAR_DATA_END]/10 #
#                            000                                               #
#                            -Z(CODE)FAR_ID=[_FAR_CODE_START-_FAR_CODE_END]/10 #
#                            000                                               #
#                            -Z(XDATA)FAR_HEAP+_FAR_HEAP_SIZE=[_FAR_DATA_START #
#                            -_FAR_DATA_END]/10000                             #
#                            -P(XDATA)FAR_N=[_FAR_DATA_START-_FAR_DATA_END]*_F #
#                            AR_DATA_NR_OF_BANKS+10000                         #
#                            -P(CONST)FAR_ROM_C=[_FAR_DATA_START-_FAR_DATA_END #
#                            ]*_FAR_DATA_NR_OF_BANKS+10000                     #
#                            -Z(XDATA)HUGE_Z,HUGE_I=_FAR_DATA_START-_FAR_DATA_ #
#                            END                                               #
#                            -P(XDATA)HUGE_N=_FAR_DATA_START-_FAR_DATA_END     #
#                            -Z(XDATA)HUGE_HEAP+_HUGE_HEAP_SIZE=_FAR_DATA_STAR #
#                            T-_FAR_DATA_END                                   #
#                            -Z(CONST)HUGE_ROM_C=_FAR_DATA_START-_FAR_DATA_END #
#                            -cx51) -D_FLASH_LOCK_BITS_START=0xFFF0            #
#                            -D_FLASH_LOCK_BITS_END=0xFFFF                     #
#                            -Z(CODE)FLASH_LOCK_BITS=_FLASH_LOCK_BITS_START-_F #
#                            LASH_LOCK_BITS_END                                #
#                            -U(CODE)0x0000=(CODE)_FLASH_LOCK_BITS_START-_FLAS #
#                            H_LOCK_BITS_END)                                  #
#                            -D_NR_OF_VIRTUAL_REGISTERS=8 -e?BCALL_30=?BCALL   #
#                            -e?BRET_30=?BRET -e?BDISPATCH_30=?BDISPATCH       #
#                            -e_medium_write=_formatted_write                  #
#                            -e_medium_read=_formatted_read -rt -s             #
#                            __program_start                                   #
#                            "C:\Program Files\IAR Systems\Embedded Workbench  #
#                            5.3 Evaluation version\8051\LIB\CLIB\cl-pli-blxd- #
#                            1e16x01.r51"                                      #
#                            -D_IDATA_STACK_SIZE=0x40                          #
#                            -D_EXTENDED_STACK_START=0x00                      #
#                            -D_EXTENDED_STACK_SIZE=0x00                       #
#                            -D_PDATA_STACK_SIZE=0x80                          #
#                            -D_XDATA_STACK_SIZE=0x1FF                         #
#                            -D_XDATA_HEAP_SIZE=0xFF -D_FAR_HEAP_SIZE=0xFFF    #
#                            -D_HUGE_HEAP_SIZE=0xFFF                           #
#                                                                              #
#                           Copyright (C) 1987-2009 IAR Systems AB.            #
################################################################################





                ****************************************
                *                                      *
                *           CROSS REFERENCE            *
                *                                      *
                ****************************************

       Program entry at : CODE      000000E3  Relocatable, from module : CSTARTUP




                ****************************************
                *                                      *
                *            RUNTIME MODEL             *
                *                                      *
                ****************************************

  __calling_convention     = xdata_reentrant
  __code_model             = banked
  __core                   = plain
  __data_model             = large
  __dptr_size              = 16
  __extended_stack         = disabled
  __location_for_constants = data
  __number_of_dptrs        = 1
  __rt_version             = 1



                ****************************************
                *                                      *
                *              MODULE MAP              *
                *                                      *
                ****************************************


  DEFINED ABSOLUTE ENTRIES
    *************************************************************************

  DEFINED ABSOLUTE ENTRIES
  PROGRAM MODULE, NAME : ?ABS_ENTRY_MOD

Absolute parts
           ENTRY                   ADDRESS         REF BY
           =====                   =======         ======
           _HUGE_HEAP_SIZE         00000FFF 
           _FAR_HEAP_SIZE          00000FFF 
           _XDATA_HEAP_SIZE        000000FF 
           _XDATA_STACK_SIZE       000001FF 
           _PDATA_STACK_SIZE       00000080 
           _EXTENDED_STACK_SIZE    00000000 
           _EXTENDED_STACK_START   00000000 
           _IDATA_STACK_SIZE       00000040 
           _NR_OF_VIRTUAL_REGISTERS
                                   00000008 
           _FLASH_LOCK_BITS_END    0000FFFF 
           _FLASH_LOCK_BITS_START
                                   0000FFF0 
           _FAR_CODE_END           0000FFFF 
           _FAR_CODE_START         00000000 
           _FAR_DATA_END           00FFFFFF 
           _FAR_DATA_START         00010001 
           _FAR_DATA_NR_OF_BANKS   0000000E 
           _FIRST_BANK_ADDR        00010000 
           ?VB                     00000020        ?BANKED_ENTER_XDATA (?BANKED_ENTER_XDATA)
                                                   ?BANKED_LEAVE_XDATA (?BANKED_LEAVE_XDATA)
                                                   ?INTERRUPT_ENTER_XSP (?INTERRUPT_ENTER_XSP)
                                                   ?INTERRUPT_LEAVE_XSP (?INTERRUPT_LEAVE_XSP)
           _BREG_START             00000000 
           ?PBANK                  00000093 
           ?PBANK_NUMBER           0000001E 
           _REGISTER_BANK_START    00000000 
           ?REGISTER_BANK          00000000        Segment part 6 (CSTARTUP)
           _NEAR_CODE_END          0000FFFF 
           _CODE_END               0000FFFF 
           _CODE_START             00000000 
           _XDATA_END              00001EFF 
           _XDATA_START            00000001 
           _IXDATA_END             00001EFF 
           _IXDATA_START           00000001 
           _PDATA_END              00001EFF 
           _PDATA_START            00001E00 
           _IDATA_END              000000FF 
           ?CBANK                  00000090        ?RESET_CODE_BANK (CSTARTUP)
                                                   Segment part 1 (?BANKED_CODE_SUPPORT)
           ?CBANK_MASK             00000030 
           _CODEBANK_START         00008000 
           _CODEBANK_END           0000FFFF 
           _NR_OF_BANKS            00000003 
    *************************************************************************

  FILE NAME : F:\6LoWSN\6lowsn_stack\obj\compiletest\iar51_cc2530\router\Obj\adp.r51
  PROGRAM MODULE, NAME : adp

  SEGMENTS IN THE MODULE
  ======================
XDATA_Z
  Relative segment, address: XDATA 00000200 - 00000200 (0x1 bytes), align: 0
  Segment part 6.             Intra module refs:   adpInit
                                                   adpRxBusy
                                                   adpRxFSM
                                                   adpRxHandoff
           LOCAL                   ADDRESS         
           =====                   =======         
           adpRxState              00000200 
    -------------------------------------------------------------------------
XDATA_Z
  Relative segment, address: XDATA 00000201 - 00000229 (0x29 bytes), align: 0
  Segment part 7.             Intra module refs:   adpFSM
                                                   adpFmtCompHeader
                                                   adpTxCompData
           ENTRY                   ADDRESS         REF BY
           =====                   =======         ======
           a_adp_service           00000201        main (test_demo)
                                                   nwkFSM (nwk)
                                                   nwkTxData (nwk)
    -------------------------------------------------------------------------
XDATA_Z
  Relative segment, address: XDATA 0000022A - 0000022A (0x1 bytes), align: 0
  Segment part 8.             Intra module refs:   adpFSM
                                                   adpInit
                                                   adpRxFSM
           ENTRY                   ADDRESS         REF BY
           =====                   =======         ======
           adpState                0000022A        nwkFSM (nwk)
                                                   nwkTxData (nwk)
    -------------------------------------------------------------------------
XDATA_Z
  Relative segment, address: XDATA 0000022B - 00000261 (0x37 bytes), align: 0
  Segment part 9.             Intra module refs:   adpParseCompHdr
                                                   adpParseHdr
                                                   adpRxFSM
                                                   adpRxHandoff
           ENTRY                   ADDRESS         REF BY
           =====                   =======         ======
           a_adp_rx_data           0000022B        nwkRxHandoff (nwk)
    -------------------------------------------------------------------------
XDATA_Z
  Relative segment, address: XDATA 00000262 - 00000262 (0x1 bytes), align: 0
  Segment part 10.            Intra module refs:   adpInit
           ENTRY                   ADDRESS         REF BY
           =====                   =======         ======
           adpDSN                  00000262 
    -------------------------------------------------------------------------
XDATA_Z
  Relative segment, address: XDATA 00000263 - 00000276 (0x14 bytes), align: 0
  Segment part 11.            Intra module refs:   adpFSM
                                                   adpFreeRxPacket
                                                   adpGetRxPacket
                                                   adpInit
                                                   adpRxBuffEmpty
                                                   adpRxBuffFull
                                                   adpRxFSM
           ENTRY                   ADDRESS         REF BY
           =====                   =======         ======
           adp_pib                 00000263 
    -------------------------------------------------------------------------
XDATA_Z
  Relative segment, address: XDATA 00000277 - 0000027A (0x4 bytes), align: 0
  Segment part 12.            Intra module refs:   adpFSM
           LOCAL                   ADDRESS         
           =====                   =======         
           adp_utility_timer       00000277 
    -------------------------------------------------------------------------
XDATA_Z
  Relative segment, address: XDATA 0000027B - 0000027B (0x1 bytes), align: 0
  Segment part 13.            Intra module refs:   adpFSM
           LOCAL                   ADDRESS         
           =====                   =======         
           adp_retries             0000027B 
    -------------------------------------------------------------------------
XDATA_Z
  Relative segment, address: XDATA 0000027C - 0000028F (0x14 bytes), align: 0
  Segment part 14.            Intra module refs:   adpCopyFwdPkt
                                                   adpFSM
                                                   adpFmtCompHeader
                                                   adpTxCompData
                                                   adpTxData
           ENTRY                   ADDRESS         REF BY
           =====                   =======         ======
           a_adp_tx_data           0000027C        nwkFindDstDLLAddr (nwk)
    -------------------------------------------------------------------------
<BANKED_CODE> 1 (was BANKED_CODE)
  Relative segment, address: CODE 00004364 - 00004398 (0x35 bytes), align: 0
  Segment part 46.            Intra module refs:   adpInit::?relay
           ENTRY                   ADDRESS         REF BY
           =====                   =======         ======
           adpInit                 00004364 
               ISTACK = 00000000 ( 00000002 )
    -------------------------------------------------------------------------
<BANKED_CODE> 1 (was BANKED_CODE)
  Relative segment, address: CODE 00004399 - 000046CE (0x336 bytes), align: 0
  Segment part 48.            Intra module refs:   adpFSM::?relay
           ENTRY                   ADDRESS         REF BY
           =====                   =======         ======
           adpFSM                  00004399 
               calls direct
               XSTACK = 00000000 ( 00000010 )
    -------------------------------------------------------------------------
CODE_C
  Relative segment, address: CODE 00000C11 - 00000C29 (0x19 bytes), align: 0
  Segment part 15.            Intra module refs:   adpFSM
           LOCAL                   ADDRESS         
           =====                   =======         
           adpFSM{1}{5}{10}{11}::xxxxromstr
                                   00000C11 
    -------------------------------------------------------------------------
CODE_C
  Relative segment, address: CODE 00000C2A - 00000C3B (0x12 bytes), align: 0
  Segment part 16.            Intra module refs:   adpFSM
           LOCAL                   ADDRESS         
           =====                   =======         
           adpFSM{1}{21}{22}::xxxxromstr
                                   00000C2A 
    -------------------------------------------------------------------------
CODE_C
  Relative segment, address: CODE 00000C3C - 00000C53 (0x18 bytes), align: 0
  Segment part 17.            Intra module refs:   adpFSM
           LOCAL                   ADDRESS         
           =====                   =======         
           adpFSM{1}{23}{25}{26}{27}::xxxxromstr
                                   00000C3C 
    -------------------------------------------------------------------------
CODE_C
  Relative segment, address: CODE 00000C54 - 00000C65 (0x12 bytes), align: 0
  Segment part 18.            Intra module refs:   adpFSM
           LOCAL                   ADDRESS         
           =====                   =======         
           adpFSM{1}{23}{25}{28}{29}::xxxxromstr
                                   00000C54 
    -------------------------------------------------------------------------
<BANKED_CODE> 1 (was BANKED_CODE)
  Relative segment, address: CODE 000046CF - 0000493E (0x270 bytes), align: 0
  Segment part 50.            Intra module refs:   adpTxData::?relay
           ENTRY                   ADDRESS         REF BY
           =====                   =======         ======
           adpTxData               000046CF 
               calls direct
               XSTACK = 00000010 ( 0000000A )
               ISTACK = 00000000 ( 00000001 )
    -------------------------------------------------------------------------
CODE_C
  Relative segment, address: CODE 00000C66 - 00000C90 (0x2b bytes), align: 0
  Segment part 19.            Intra module refs:   adpTxData
           LOCAL                   ADDRESS         
           =====                   =======         
           adpTxData{2}{3}::xxxxromstr
                                   00000C66 
    -------------------------------------------------------------------------
CODE_C
  Relative segment, address: CODE 00000C91 - 00000CA1 (0x11 bytes), align: 0
  Segment part 20.            Intra module refs:   adpTxData
           LOCAL                   ADDRESS         
           =====                   =======         
           adpTxData{5}{6}{7}::xxxxromstr
                                   00000C91 
    -------------------------------------------------------------------------
CODE_C
  Relative segment, address: CODE 00000CA2 - 00000CAC (0xb bytes), align: 0
  Segment part 21.            Intra module refs:   adpTxData
           LOCAL                   ADDRESS         
           =====                   =======         
           adpTxData{5}{6}{8}{9}::xxxxromstr
                                   00000CA2 
    -------------------------------------------------------------------------
CODE_C
  Relative segment, address: CODE 00000CAD - 00000CC3 (0x17 bytes), align: 0
  Segment part 22.            Intra module refs:   adpTxData
           LOCAL                   ADDRESS         
           =====                   =======         
           adpTxData{5}{6}{8}{10}{11}::xxxxromstr
                                   00000CAD 
    -------------------------------------------------------------------------
CODE_C
  Relative segment, address: CODE 00000CC4 - 00000CC5 (0x2 bytes), align: 0
  Segment part 23.            Intra module refs:   adpTxData
           LOCAL                   ADDRESS         
           =====                   =======         
           adpTxData{5}{6}{8}{12}::xxxxromstr
                                   00000CC4 
    -------------------------------------------------------------------------
<BANKED_CODE> 1 (was BANKED_CODE)
  Relative segment, address: CODE 0000493F - 00004B96 (0x258 bytes), align: 0
  Segment part 52.            Intra module refs:   adpRxFSM::?relay
           LOCAL                   ADDRESS         
           =====                   =======         
           adpRxFSM                0000493F 
               calls direct
               XSTACK = 00000010 ( 00000000 )
               ISTACK = 00000000 ( 00000003 )
    -------------------------------------------------------------------------
CODE_C
  Relative segment, address: CODE 00000CC6 - 00000D0E (0x49 bytes), align: 0
  Segment part 24.            Intra module refs:   adpRxFSM
           LOCAL                   ADDRESS         
           =====                   =======         
           adpRxFSM{1}{4}{5}::xxxxromstr
                                   00000CC6 
    -------------------------------------------------------------------------
CODE_C
  Relative segment, address: CODE 00000D0F - 00000D39 (0x2b bytes), align: 0
  Segment part 25.            Intra module refs:   adpRxFSM
           LOCAL                   ADDRESS         
           =====                   =======         
           adpRxFSM{1}{10}{11}::xxxxromstr
                                   00000D0F 
    -------------------------------------------------------------------------
CODE_C
  Relative segment, address: CODE 00000D3A - 00000D4A (0x11 bytes), align: 0
  Segment part 26.            Intra module refs:   adpRxFSM
           LOCAL                   ADDRESS         
           =====                   =======         
           adpRxFSM{1}{10}{12}::xxxxromstr
                                   00000D3A 
    -------------------------------------------------------------------------
CODE_C
  Relative segment, address: CODE 00000D4B - 00000D67 (0x1d bytes), align: 0
  Segment part 27.            Intra module refs:   adpRxFSM
           LOCAL                   ADDRESS         
           =====                   =======         
           adpRxFSM{1}{13}::xxxxromstr
                                   00000D4B 
    -------------------------------------------------------------------------
CODE_C
  Relative segment, address: CODE 00000D68 - 00000D69 (0x2 bytes), align: 0
  Segment part 28.            Intra module refs:   adpRxFSM
           LOCAL                   ADDRESS         
           =====                   =======         
           adpRxFSM{1}{14}::xxxxromstr
                                   00000D68 
    -------------------------------------------------------------------------
CODE_C
  Relative segment, address: CODE 00000D6A - 00000D90 (0x27 bytes), align: 0
  Segment part 29.            Intra module refs:   adpRxFSM
           LOCAL                   ADDRESS         
           =====                   =======         
           adpRxFSM{1}{15}{16}::xxxxromstr
                                   00000D6A 
    -------------------------------------------------------------------------
CODE_C
  Relative segment, address: CODE 00000D91 - 00000D9C (0xc bytes), align: 0
  Segment part 30.            Intra module refs:   adpRxFSM
           LOCAL                   ADDRESS         
           =====                   =======         
           adpRxFSM{1}{15}{17}::xxxxromstr
                                   00000D91 
    -------------------------------------------------------------------------
CODE_C
  Relative segment, address: CODE 00000D9D - 00000DA8 (0xc bytes), align: 0
  Segment part 31.            Intra module refs:   adpRxFSM
           LOCAL                   ADDRESS         
           =====                   =======         
           adpRxFSM{1}{15}{18}::xxxxromstr
                                   00000D9D 
    -------------------------------------------------------------------------
CODE_C
  Relative segment, address: CODE 00000DA9 - 00000DAA (0x2 bytes), align: 0
  Segment part 32.            Intra module refs:   adpRxFSM
           LOCAL                   ADDRESS         
           =====                   =======         
           adpRxFSM{1}{15}{19}::xxxxromstr
                                   00000DA9 
    -------------------------------------------------------------------------
<BANKED_CODE> 1 (was BANKED_CODE)
  Relative segment, address: CODE 00004B97 - 00004BAD (0x17 bytes), align: 0
  Segment part 54.            Intra module refs:   adpRxBusy::?relay
           ENTRY                   ADDRESS         REF BY
           =====                   =======         ======
           adpRxBusy               00004B97 
               ISTACK = 00000000 ( 00000002 )
    -------------------------------------------------------------------------
<BANKED_CODE> 1 (was BANKED_CODE)
  Relative segment, address: CODE 00004BAE - 00004BF0 (0x43 bytes), align: 0
  Segment part 56.            Intra module refs:   adpRxHandoff::?relay
           ENTRY                   ADDRESS         REF BY
           =====                   =======         ======
           adpRxHandoff            00004BAE 
               ISTACK = 00000000 ( 00000002 )
    -------------------------------------------------------------------------
<BANKED_CODE> 1 (was BANKED_CODE)
  Relative segment, address: CODE 00004BF1 - 00004C65 (0x75 bytes), align: 0
  Segment part 58.            Intra module refs:   adpParseHdr::?relay
           LOCAL                   ADDRESS         
           =====                   =======         
           adpParseHdr             00004BF1 
               ISTACK = 00000000 ( 00000002 )
    -------------------------------------------------------------------------
<BANKED_CODE> 1 (was BANKED_CODE)
  Relative segment, address: CODE 00004C66 - 00004D4D (0xe8 bytes), align: 0
  Segment part 60.            Intra module refs:   adpCopyFwdPkt::?relay
           ENTRY                   ADDRESS         REF BY
           =====                   =======         ======
           adpCopyFwdPkt           00004C66 
               calls direct
               XSTACK = 00000010 ( 0000000A )
               ISTACK = 00000000 ( 00000001 )
    -------------------------------------------------------------------------
<BANKED_CODE> 1 (was BANKED_CODE)
  Relative segment, address: CODE 00004D4E - 00004D73 (0x26 bytes), align: 0
  Segment part 62.            Intra module refs:   adpRxBuffFull::?relay
           LOCAL                   ADDRESS         
           =====                   =======         
           adpRxBuffFull           00004D4E 
               ISTACK = 00000000 ( 00000002 )
    -------------------------------------------------------------------------
<BANKED_CODE> 1 (was BANKED_CODE)
  Relative segment, address: CODE 00004D74 - 00004D90 (0x1d bytes), align: 0
  Segment part 64.            Intra module refs:   adpRxBuffEmpty::?relay
           LOCAL                   ADDRESS         
           =====                   =======         
           adpRxBuffEmpty          00004D74 
               XSTACK = 00000010 ( 00000000 )
               ISTACK = 00000000 ( 00000002 )
    -------------------------------------------------------------------------
<BANKED_CODE> 1 (was BANKED_CODE)
  Relative segment, address: CODE 00004D91 - 00004DDC (0x4c bytes), align: 0
  Segment part 66.            Intra module refs:   adpGetRxPacket::?relay
           LOCAL                   ADDRESS         
           =====                   =======         
           adpGetRxPacket          00004D91 
               XSTACK = 0000000A ( 00000000 )
               ISTACK = 00000000 ( 00000002 )
    -------------------------------------------------------------------------
<BANKED_CODE> 1 (was BANKED_CODE)
  Relative segment, address: CODE 00004DDD - 00004E2D (0x51 bytes), align: 0
  Segment part 68.            Intra module refs:   adpFreeRxPacket::?relay
           LOCAL                   ADDRESS         
           =====                   =======         
           adpFreeRxPacket         00004DDD 
               calls direct
               XSTACK = 0000000A ( 00000000 )
               ISTACK = 00000000 ( 00000002 )
    -------------------------------------------------------------------------
<BANKED_CODE> 1 (was BANKED_CODE)
  Relative segment, address: CODE 00004E2E - 000051C8 (0x39b bytes), align: 0
  Segment part 74.            Intra module refs:   adpParseCompHdr::?relay
           ENTRY                   ADDRESS         REF BY
           =====                   =======         ======
           adpParseCompHdr         00004E2E 
               calls direct
               XSTACK = 00000000 ( 0000000F )
               ISTACK = 00000000 ( 00000001 )
    -------------------------------------------------------------------------
CODE_C
  Relative segment, address: CODE 00000DAB - 00000DD3 (0x29 bytes), align: 0
  Segment part 35.            Intra module refs:   adpParseCompHdr
           LOCAL                   ADDRESS         
           =====                   =======         
           adpParseCompHdr{1}{3}::xxxxromstr
                                   00000DAB 
    -------------------------------------------------------------------------
CODE_C
  Relative segment, address: CODE 00000DD4 - 00000DF3 (0x20 bytes), align: 0
  Segment part 36.            Intra module refs:   adpParseCompHdr
           LOCAL                   ADDRESS         
           =====                   =======         
           adpParseCompHdr{1}{5}::xxxxromstr
                                   00000DD4 
    -------------------------------------------------------------------------
CODE_C
  Relative segment, address: CODE 00000DF4 - 00000E0C (0x19 bytes), align: 0
  Segment part 37.            Intra module refs:   adpParseCompHdr
           LOCAL                   ADDRESS         
           =====                   =======         
           adpParseCompHdr{1}{27}{28}::xxxxromstr
                                   00000DF4 
    -------------------------------------------------------------------------
CODE_C
  Relative segment, address: CODE 00000E0D - 00000E40 (0x34 bytes), align: 0
  Segment part 38.            Intra module refs:   adpParseCompHdr
           LOCAL                   ADDRESS         
           =====                   =======         
           adpParseCompHdr{1}{30}::xxxxromstr
                                   00000E0D 
    -------------------------------------------------------------------------
<BANKED_CODE> 1 (was BANKED_CODE)
  Relative segment, address: CODE 000051C9 - 000052AC (0xe4 bytes), align: 0
  Segment part 76.            Intra module refs:   adpFmtCompHeader::?relay
           ENTRY                   ADDRESS         REF BY
           =====                   =======         ======
           adpFmtCompHeader        000051C9 
               calls direct
               XSTACK = 00000010 ( 0000000C )
               ISTACK = 00000000 ( 00000002 )
    -------------------------------------------------------------------------
CODE_C
  Relative segment, address: CODE 00000E41 - 00000E59 (0x19 bytes), align: 0
  Segment part 39.            Intra module refs:   adpFmtCompHeader
           LOCAL                   ADDRESS         
           =====                   =======         
           adpFmtCompHeader{1}::xxxxromstr
                                   00000E41 
    -------------------------------------------------------------------------
<BANKED_CODE> 1 (was BANKED_CODE)
  Relative segment, address: CODE 000052AD - 000055F0 (0x344 bytes), align: 0
  Segment part 78.            Intra module refs:   adpTxCompData::?relay
           ENTRY                   ADDRESS         REF BY
           =====                   =======         ======
           adpTxCompData           000052AD 
               XSTACK = 00000010 ( 0000000C )
               ISTACK = 00000000 ( 00000001 )
    -------------------------------------------------------------------------
XDATA_I
  Relative segment, address: XDATA 00001047 - 0000104A (0x4 bytes), align: 0
  Segment part 40.            Intra module refs:   adpFSM
                                                   apsFSM (aps)
                                                   apsTxFSM (aps)
                                                   doIEEE_backoff (halStack)
                                                   macFSM (mac)
                                                   macTxFSM (mac)
                                                   main (test_demo)
                                                   nwkFSM (nwk)
                                                   phyFSM (phy)
           ENTRY                   ADDRESS         REF BY
           =====                   =======         ======
           __Constant_ffffff       00001047 
    -------------------------------------------------------------------------
XDATA_ID
  Relative segment, address: CODE 0000013F - 00000142 (0x4 bytes), align: 0
  Segment part 41.            Intra module refs:   __Constant_ffffff
    -------------------------------------------------------------------------
XDATA_I
  Relative segment, address: XDATA 0000104B - 0000104E (0x4 bytes), align: 0
  Segment part 42.            Intra module refs:   adpFSM
                                                   macFSM (mac)
           ENTRY                   ADDRESS         REF BY
           =====                   =======         ======
           __Constant_3071         0000104B 
    -------------------------------------------------------------------------
XDATA_ID
  Relative segment, address: CODE 00000143 - 00000146 (0x4 bytes), align: 0
  Segment part 43.            Intra module refs:   __Constant_3071
    -------------------------------------------------------------------------
XDATA_I
  Relative segment, address: XDATA 0000104F - 00001052 (0x4 bytes), align: 0
  Segment part 44.            Intra module refs:   adpFmtCompHeader
                                                   adpParseCompHdr
                                                   apsTxData (aps)
                                                   doIEEE_backoff (halStack)
                                                   ds6Init (ds)
                                                   ds6LocalIPFrom16 (ds)
                                                   halWait (halStack)
                                                   icmpCommonFmt (icmpv6)
                                                   lowsn_ds6_uaddr_add (ds)
                                                   macInit (mac)
                                                   main (test_demo)
                                                   ndFmtRA (nd)
                                                   ndFmtRS (nd)
                                                   ndParseRA (nd)
           ENTRY                   ADDRESS         REF BY
           =====                   =======         ======
           __Constant_0            0000104F 
    -------------------------------------------------------------------------
XDATA_ID
  Relative segment, address: CODE 00000147 - 0000014A (0x4 bytes), align: 0
  Segment part 45.            Intra module refs:   __Constant_0
    -------------------------------------------------------------------------
BANK_RELAYS
  Relative segment, address: CODE 0000018F - 00000194 (0x6 bytes), align: 0
  Segment part 47.
           ENTRY                   ADDRESS         REF BY
           =====                   =======         ======
           adpInit::?relay         0000018F        apsInit (aps)
    -------------------------------------------------------------------------
BANK_RELAYS
  Relative segment, address: CODE 00000195 - 0000019A (0x6 bytes), align: 0
  Segment part 49.
           ENTRY                   ADDRESS         REF BY
           =====                   =======         ======
           adpFSM::?relay          00000195        nwkFSM (nwk)
                                                   nwkTxData (nwk)
    -------------------------------------------------------------------------
BANK_RELAYS
  Relative segment, address: CODE 0000019B - 000001A0 (0x6 bytes), align: 0
  Segment part 51.            Intra module refs:   adpFSM
           ENTRY                   ADDRESS         REF BY
           =====                   =======         ======
           adpTxData::?relay       0000019B 
    -------------------------------------------------------------------------
BANK_RELAYS
  Relative segment, address: CODE 000001A1 - 000001A6 (0x6 bytes), align: 0
  Segment part 53.            Intra module refs:   adpFSM
           LOCAL                   ADDRESS         
           =====                   =======         
           adpRxFSM::?relay        000001A1 
    -------------------------------------------------------------------------
BANK_RELAYS
  Relative segment, address: CODE 000001A7 - 000001AC (0x6 bytes), align: 0
  Segment part 55.
           ENTRY                   ADDRESS         REF BY
           =====                   =======         ======
           adpRxBusy::?relay       000001A7        macRxFSM (mac)
    -------------------------------------------------------------------------
BANK_RELAYS
  Relative segment, address: CODE 000001AD - 000001B2 (0x6 bytes), align: 0
  Segment part 57.
           ENTRY                   ADDRESS         REF BY
           =====                   =======         ======
           adpRxHandoff::?relay    000001AD        macRxFSM (mac)
    -------------------------------------------------------------------------
BANK_RELAYS
  Relative segment, address: CODE 000001B3 - 000001B8 (0x6 bytes), align: 0
  Segment part 59.            Intra module refs:   adpRxFSM
           LOCAL                   ADDRESS         
           =====                   =======         
           adpParseHdr::?relay     000001B3 
    -------------------------------------------------------------------------
BANK_RELAYS
  Relative segment, address: CODE 000001B9 - 000001BE (0x6 bytes), align: 0
  Segment part 61.            Intra module refs:   adpFSM
           ENTRY                   ADDRESS         REF BY
           =====                   =======         ======
           adpCopyFwdPkt::?relay   000001B9 
    -------------------------------------------------------------------------
BANK_RELAYS
  Relative segment, address: CODE 000001BF - 000001C4 (0x6 bytes), align: 0
  Segment part 63.            Intra module refs:   adpRxFSM
           LOCAL                   ADDRESS         
           =====                   =======         
           adpRxBuffFull::?relay   000001BF 
    -------------------------------------------------------------------------
BANK_RELAYS
  Relative segment, address: CODE 000001C5 - 000001CA (0x6 bytes), align: 0
  Segment part 65.            Intra module refs:   adpFSM
           LOCAL                   ADDRESS         
           =====                   =======         
           adpRxBuffEmpty::?relay
                                   000001C5 
    -------------------------------------------------------------------------
BANK_RELAYS
  Relative segment, address: CODE 000001CB - 000001D0 (0x6 bytes), align: 0
  Segment part 67.            Intra module refs:   adpCopyFwdPkt
           LOCAL                   ADDRESS         
           =====                   =======         
           adpGetRxPacket::?relay
                                   000001CB 
    -------------------------------------------------------------------------
BANK_RELAYS
  Relative segment, address: CODE 000001D1 - 000001D6 (0x6 bytes), align: 0
  Segment part 69.            Intra module refs:   adpCopyFwdPkt
           LOCAL                   ADDRESS         
           =====                   =======         
           adpFreeRxPacket::?relay
                                   000001D1 
    -------------------------------------------------------------------------
BANK_RELAYS
  Relative segment, address: CODE 000001D7 - 000001DC (0x6 bytes), align: 0
  Segment part 75.            Intra module refs:   adpRxFSM
           ENTRY                   ADDRESS         REF BY
           =====                   =======         ======
           adpParseCompHdr::?relay
                                   000001D7 
    -------------------------------------------------------------------------
BANK_RELAYS
  Relative segment, address: CODE 000001DD - 000001E2 (0x6 bytes), align: 0
  Segment part 77.            Intra module refs:   adpFSM
           ENTRY                   ADDRESS         REF BY
           =====                   =======         ======
           adpFmtCompHeader::?relay
                                   000001DD 
    -------------------------------------------------------------------------
BANK_RELAYS
  Relative segment, address: CODE 000001E3 - 000001E8 (0x6 bytes), align: 0
  Segment part 79.            Intra module refs:   adpFSM
           ENTRY                   ADDRESS         REF BY
           =====                   =======         ======
           adpTxCompData::?relay   000001E3 

    *************************************************************************

  FILE NAME : F:\6LoWSN\6lowsn_stack\obj\compiletest\iar51_cc2530\router\Obj\aps.r51
  PROGRAM MODULE, NAME : aps

  SEGMENTS IN THE MODULE
  ======================
SFR_AN
  Relative segment, address: DATA 000000A8 - 000000A8 (0x1 bytes), align: 0
  Segment part 1. ROOT.       Intra module refs:   MemAlloc (memalloc)
                                                   MemFree (memalloc)
                                                   halGetMACTimer (halStack)
                                                   halInitMACTimer (halStack)
                                                   halInitRadio (halStack)
                                                   halInitUart (halStack)
                                                   halSetRadioIEEEFrequency (halStack)
                                                   hal_Timer2_Isr (halStack)
                                                   hal_Uart0_RxIsr (halStack)
                                                   hal_rf_Isr (halStack)
                                                   hal_rferr_Isr (halStack)
                                                   main (test_demo)
           ENTRY                   ADDRESS         REF BY
           =====                   =======         ======
           _A_IEN0                 000000A8 
    -------------------------------------------------------------------------
XDATA_Z
  Relative segment, address: XDATA 00000290 - 000002A3 (0x14 bytes), align: 0
  Segment part 7.             Intra module refs:   apsFSM
                                                   apsInit
                                                   apsRxFSM
                                                   apsTxData
                                                   apsTxFSM
           ENTRY                   ADDRESS         REF BY
           =====                   =======         ======
           aps_pib                 00000290        mpCommonFmt (mp)
                                                   mpRspCommonFmt (mp)
    -------------------------------------------------------------------------
XDATA_Z
  Relative segment, address: XDATA 000002A4 - 000002B7 (0x14 bytes), align: 0
  Segment part 8.             Intra module refs:   apsFSM
           ENTRY                   ADDRESS         REF BY
           =====                   =======         ======
           a_aps_service           000002A4        main (test_demo)
    -------------------------------------------------------------------------
XDATA_Z
  Relative segment, address: XDATA 000002B8 - 000002B8 (0x1 bytes), align: 0
  Segment part 9.             Intra module refs:   apsFSM
                                                   apsInit
           ENTRY                   ADDRESS         REF BY
           =====                   =======         ======
           apsState                000002B8        main (test_demo)
    -------------------------------------------------------------------------
XDATA_Z
  Relative segment, address: XDATA 000002B9 - 000002F6 (0x3e bytes), align: 0
  Segment part 11.            Intra module refs:   apsCheckAck
                                                   apsCheckCsResponse
                                                   apsFSM
                                                   apsFormatAck
                                                   apsTxData
                                                   apsTxFSM
           ENTRY                   ADDRESS         REF BY
           =====                   =======         ======
           a_aps_tx_data           000002B9        mpCommonFmt (mp)
                                                   mpRspCommonFmt (mp)
    -------------------------------------------------------------------------
XDATA_Z
  Relative segment, address: XDATA 000002F7 - 00000348 (0x52 bytes), align: 0
  Segment part 12.            Intra module refs:   apsCheckAck
                                                   apsCheckCsResponse
                                                   apsFSM
                                                   apsFormatAck
                                                   apsParseHdr
                                                   apsRxFSM
                                                   apsRxHandoff
           ENTRY                   ADDRESS         REF BY
           =====                   =======         ======
           a_aps_rx_data           000002F7        mpExecuteCheck (mp)
                                                   mpFmtReadResponse (mp)
                                                   mpHandleRxReport (mp)
                                                   mpReadCheck (mp)
                                                   mpRspCommonFmt (mp)
                                                   mpWriteCheck (mp)
                                                   usrRxPacketCallback (test_demo)
    -------------------------------------------------------------------------
XDATA_Z
  Relative segment, address: XDATA 00000349 - 0000034C (0x4 bytes), align: 0
  Segment part 14.            Intra module refs:   apsFSM
           LOCAL                   ADDRESS         
           =====                   =======         
           aps_utility_timer       00000349 
    -------------------------------------------------------------------------
XDATA_Z
  Relative segment, address: XDATA 0000034D - 0000034D (0x1 bytes), align: 0
  Segment part 15.            Intra module refs:   apsInit
                                                   apsRxBusy
                                                   apsRxFSM
                                                   apsRxHandoff
           LOCAL                   ADDRESS         
           =====                   =======         
           apsRxState              0000034D 
    -------------------------------------------------------------------------
XDATA_Z
  Relative segment, address: XDATA 0000034E - 0000034E (0x1 bytes), align: 0
  Segment part 16.            Intra module refs:   apsFSM
                                                   apsTxData
                                                   apsTxFSM
           LOCAL                   ADDRESS         
           =====                   =======         
           apsTxFSM_status         0000034E 
    -------------------------------------------------------------------------
<BANKED_CODE> 1 (was BANKED_CODE)
  Relative segment, address: CODE 000067EA - 00006850 (0x67 bytes), align: 0
  Segment part 51.            Intra module refs:   apsInit::?relay
           ENTRY                   ADDRESS         REF BY
           =====                   =======         ======
           apsInit                 000067EA 
               calls direct
               XSTACK = 00000000 ( 0000000C )
    -------------------------------------------------------------------------
<BANKED_CODE> 1 (was BANKED_CODE)
  Relative segment, address: CODE 00006851 - 00006D3C (0x4ec bytes), align: 0
  Segment part 59.            Intra module refs:   apsFSM::?relay
           ENTRY                   ADDRESS         REF BY
           =====                   =======         ======
           apsFSM                  00006851 
               calls direct
               XSTACK = 00000013 ( 00000020 )
    -------------------------------------------------------------------------
CODE_C
  Relative segment, address: CODE 00000E5A - 00000E75 (0x1c bytes), align: 0
  Segment part 17.            Intra module refs:   apsFSM
           LOCAL                   ADDRESS         
           =====                   =======         
           apsFSM{1}{4}{5}{7}{9}{10}::xxxxromstr
                                   00000E5A 
    -------------------------------------------------------------------------
CODE_C
  Relative segment, address: CODE 00000E76 - 00000E92 (0x1d bytes), align: 0
  Segment part 18.            Intra module refs:   apsFSM
           LOCAL                   ADDRESS         
           =====                   =======         
           apsFSM{1}{4}{5}{11}{13}{14}::xxxxromstr
                                   00000E76 
    -------------------------------------------------------------------------
CODE_C
  Relative segment, address: CODE 00000E93 - 00000EB1 (0x1f bytes), align: 0
  Segment part 19.            Intra module refs:   apsFSM
           LOCAL                   ADDRESS         
           =====                   =======         
           apsFSM{1}{4}{5}{15}{17}{18}::xxxxromstr
                                   00000E93 
    -------------------------------------------------------------------------
CODE_C
  Relative segment, address: CODE 00000EB2 - 00000ED1 (0x20 bytes), align: 0
  Segment part 20.            Intra module refs:   apsFSM
           LOCAL                   ADDRESS         
           =====                   =======         
           apsFSM{1}{4}{5}{19}{20}::xxxxromstr
                                   00000EB2 
    -------------------------------------------------------------------------
CODE_C
  Relative segment, address: CODE 00000ED2 - 00000EEB (0x1a bytes), align: 0
  Segment part 21.            Intra module refs:   apsFSM
           LOCAL                   ADDRESS         
           =====                   =======         
           apsFSM{1}{45}::xxxxromstr
                                   00000ED2 
    -------------------------------------------------------------------------
CODE_C
  Relative segment, address: CODE 00000EEC - 00000F06 (0x1b bytes), align: 0
  Segment part 22.            Intra module refs:   apsFSM
           LOCAL                   ADDRESS         
           =====                   =======         
           apsFSM{1}{47}::xxxxromstr
                                   00000EEC 
    -------------------------------------------------------------------------
CODE_C
  Relative segment, address: CODE 00000F07 - 00000F23 (0x1d bytes), align: 0
  Segment part 23.            Intra module refs:   apsFSM
           LOCAL                   ADDRESS         
           =====                   =======         
           apsFSM{1}{49}::xxxxromstr
                                   00000F07 
    -------------------------------------------------------------------------
CODE_C
  Relative segment, address: CODE 00000F24 - 00000F4D (0x2a bytes), align: 0
  Segment part 24.            Intra module refs:   apsFSM
           LOCAL                   ADDRESS         
           =====                   =======         
           apsFSM{1}{54}{55}::xxxxromstr
                                   00000F24 
    -------------------------------------------------------------------------
<BANKED_CODE> 1 (was BANKED_CODE)
  Relative segment, address: CODE 00006D3D - 00007124 (0x3e8 bytes), align: 0
  Segment part 61.            Intra module refs:   apsTxData::?relay
           ENTRY                   ADDRESS         REF BY
           =====                   =======         ======
           apsTxData               00006D3D 
               calls direct
               XSTACK = 00000010 ( 0000000C )
               ISTACK = 00000000 ( 00000001 )
    -------------------------------------------------------------------------
<BANKED_CODE> 1 (was BANKED_CODE)
  Relative segment, address: CODE 00007125 - 0000733E (0x21a bytes), align: 0
  Segment part 63.            Intra module refs:   apsRxFSM::?relay
           LOCAL                   ADDRESS         
           =====                   =======         
           apsRxFSM                00007125 
               calls direct
               XSTACK = 00000010 ( 00000009 )
    -------------------------------------------------------------------------
CODE_C
  Relative segment, address: CODE 00000F4E - 00000F78 (0x2b bytes), align: 0
  Segment part 25.            Intra module refs:   apsRxFSM
           LOCAL                   ADDRESS         
           =====                   =======         
           apsRxFSM{1}{4}{5}{6}::xxxxromstr
                                   00000F4E 
    -------------------------------------------------------------------------
CODE_C
  Relative segment, address: CODE 00000F79 - 00000F8F (0x17 bytes), align: 0
  Segment part 26.            Intra module refs:   apsRxFSM
           LOCAL                   ADDRESS         
           =====                   =======         
           apsRxFSM{1}{4}{7}{8}{9}::xxxxromstr
                                   00000F79 
    -------------------------------------------------------------------------
CODE_C
  Relative segment, address: CODE 00000F90 - 00000FBB (0x2c bytes), align: 0
  Segment part 27.            Intra module refs:   apsRxFSM
           LOCAL                   ADDRESS         
           =====                   =======         
           apsRxFSM{1}{4}{7}{10}{11}::xxxxromstr
                                   00000F90 
    -------------------------------------------------------------------------
CODE_C
  Relative segment, address: CODE 00000FBC - 00000FE2 (0x27 bytes), align: 0
  Segment part 28.            Intra module refs:   apsRxFSM
           LOCAL                   ADDRESS         
           =====                   =======         
           apsRxFSM{1}{12}{13}{14}{15}::xxxxromstr
                                   00000FBC 
    -------------------------------------------------------------------------
CODE_C
  Relative segment, address: CODE 00000FE3 - 0000101F (0x3d bytes), align: 0
  Segment part 29.            Intra module refs:   apsRxFSM
           LOCAL                   ADDRESS         
           =====                   =======         
           apsRxFSM{1}{12}{13}{16}{17}::xxxxromstr
                                   00000FE3 
    -------------------------------------------------------------------------
CODE_C
  Relative segment, address: CODE 00001020 - 00001065 (0x46 bytes), align: 0
  Segment part 30.            Intra module refs:   apsRxFSM
           LOCAL                   ADDRESS         
           =====                   =======         
           apsRxFSM{1}{12}{18}{19}::xxxxromstr
                                   00001020 
    -------------------------------------------------------------------------
CODE_C
  Relative segment, address: CODE 00001066 - 0000107E (0x19 bytes), align: 0
  Segment part 31.            Intra module refs:   apsRxFSM
           LOCAL                   ADDRESS         
           =====                   =======         
           apsRxFSM{1}{20}{21}::xxxxromstr
                                   00001066 
    -------------------------------------------------------------------------
CODE_C
  Relative segment, address: CODE 0000107F - 000010A7 (0x29 bytes), align: 0
  Segment part 32.            Intra module refs:   apsRxFSM
           LOCAL                   ADDRESS         
           =====                   =======         
           apsRxFSM{1}{20}{23}{25}{26}::xxxxromstr
                                   0000107F 
    -------------------------------------------------------------------------
CODE_C
  Relative segment, address: CODE 000010A8 - 000010C0 (0x19 bytes), align: 0
  Segment part 33.            Intra module refs:   apsRxFSM
           LOCAL                   ADDRESS         
           =====                   =======         
           apsRxFSM{1}{20}{27}{28}::xxxxromstr
                                   000010A8 
    -------------------------------------------------------------------------
<BANKED_CODE> 1 (was BANKED_CODE)
  Relative segment, address: CODE 0000733F - 0000737F (0x41 bytes), align: 0
  Segment part 65.            Intra module refs:   apsCheckAck::?relay
           LOCAL                   ADDRESS         
           =====                   =======         
           apsCheckAck             0000733F 
               XSTACK = 00000009 ( 00000000 )
               ISTACK = 00000000 ( 00000002 )
    -------------------------------------------------------------------------
<BANKED_CODE> 1 (was BANKED_CODE)
  Relative segment, address: CODE 00007380 - 0000739C (0x1d bytes), align: 0
  Segment part 67.            Intra module refs:   apsCheckCsResponse::?relay
           LOCAL                   ADDRESS         
           =====                   =======         
           apsCheckCsResponse      00007380 
               XSTACK = 00000009 ( 00000000 )
               ISTACK = 00000000 ( 00000002 )
    -------------------------------------------------------------------------
<BANKED_CODE> 1 (was BANKED_CODE)
  Relative segment, address: CODE 0000739D - 000073B3 (0x17 bytes), align: 0
  Segment part 69.            Intra module refs:   apsRxBusy::?relay
           ENTRY                   ADDRESS         REF BY
           =====                   =======         ======
           apsRxBusy               0000739D 
               ISTACK = 00000000 ( 00000002 )
    -------------------------------------------------------------------------
<BANKED_CODE> 1 (was BANKED_CODE)
  Relative segment, address: CODE 000073B4 - 0000743B (0x88 bytes), align: 0
  Segment part 71.            Intra module refs:   apsRxHandoff::?relay
           ENTRY                   ADDRESS         REF BY
           =====                   =======         ======
           apsRxHandoff            000073B4 
               ISTACK = 00000000 ( 00000002 )
    -------------------------------------------------------------------------
<BANKED_CODE> 1 (was BANKED_CODE)
  Relative segment, address: CODE 0000743C - 0000756B (0x130 bytes), align: 0
  Segment part 73.            Intra module refs:   apsParseHdr::?relay
           LOCAL                   ADDRESS         
           =====                   =======         
           apsParseHdr             0000743C 
               XSTACK = 00000009 ( 00000000 )
               ISTACK = 00000000 ( 00000002 )
    -------------------------------------------------------------------------
<BANKED_CODE> 1 (was BANKED_CODE)
  Relative segment, address: CODE 0000756C - 000075F5 (0x8a bytes), align: 0
  Segment part 75.            Intra module refs:   apsFormatAck::?relay
           LOCAL                   ADDRESS         
           =====                   =======         
           apsFormatAck            0000756C 
               calls direct
               XSTACK = 00000010 ( 00000000 )
               ISTACK = 00000000 ( 00000002 )
    -------------------------------------------------------------------------
CODE_C
  Relative segment, address: CODE 000010C1 - 000010D3 (0x13 bytes), align: 0
  Segment part 34.            Intra module refs:   apsFormatAck
           LOCAL                   ADDRESS         
           =====                   =======         
           apsFormatAck{1}::xxxxromstr
                                   000010C1 
    -------------------------------------------------------------------------
<BANKED_CODE> 1 (was BANKED_CODE)
  Relative segment, address: CODE 000075F6 - 00007773 (0x17e bytes), align: 0
  Segment part 77.            Intra module refs:   apsTxFSM::?relay
           LOCAL                   ADDRESS         
           =====                   =======         
           apsTxFSM                000075F6 
               calls direct
               XSTACK = 00000010 ( 0000000C )
               ISTACK = 00000000 ( 00000002 )
    -------------------------------------------------------------------------
CODE_C
  Relative segment, address: CODE 000010D4 - 000010E2 (0xf bytes), align: 0
  Segment part 35.            Intra module refs:   apsTxFSM
           LOCAL                   ADDRESS         
           =====                   =======         
           apsTxFSM{1}{2}{5}{7}{8}::xxxxromstr
                                   000010D4 
    -------------------------------------------------------------------------
CODE_C
  Relative segment, address: CODE 000010E3 - 000010F9 (0x17 bytes), align: 0
  Segment part 36.            Intra module refs:   apsTxFSM
           LOCAL                   ADDRESS         
           =====                   =======         
           apsTxFSM{1}{2}{5}{7}{9}{10}::xxxxromstr
                                   000010E3 
    -------------------------------------------------------------------------
XDATA_I
  Relative segment, address: XDATA 00001053 - 00001056 (0x4 bytes), align: 0
  Segment part 37.            Intra module refs:   apsInit
           ENTRY                   ADDRESS         REF BY
           =====                   =======         ======
           __Constant_3070         00001053 
    -------------------------------------------------------------------------
XDATA_ID
  Relative segment, address: CODE 0000014B - 0000014E (0x4 bytes), align: 0
  Segment part 38.            Intra module refs:   __Constant_3070
    -------------------------------------------------------------------------
XDATA_I
  Relative segment, address: XDATA 00001057 - 0000105A (0x4 bytes), align: 0
  Segment part 41.            Intra module refs:   apsFSM
           ENTRY                   ADDRESS         REF BY
           =====                   =======         ======
           __Constant_2d691        00001057 
    -------------------------------------------------------------------------
XDATA_ID
  Relative segment, address: CODE 0000014F - 00000152 (0x4 bytes), align: 0
  Segment part 42.            Intra module refs:   __Constant_2d691
    -------------------------------------------------------------------------
BANK_RELAYS
  Relative segment, address: CODE 000001E9 - 000001EE (0x6 bytes), align: 0
  Segment part 52.
           ENTRY                   ADDRESS         REF BY
           =====                   =======         ======
           apsInit::?relay         000001E9        main (test_demo)
    -------------------------------------------------------------------------
BANK_RELAYS
  Relative segment, address: CODE 000001EF - 000001F4 (0x6 bytes), align: 0
  Segment part 60.
           ENTRY                   ADDRESS         REF BY
           =====                   =======         ======
           apsFSM::?relay          000001EF        main (test_demo)
    -------------------------------------------------------------------------
BANK_RELAYS
  Relative segment, address: CODE 000001F5 - 000001FA (0x6 bytes), align: 0
  Segment part 62.            Intra module refs:   apsFSM
                                                   apsTxFSM
           ENTRY                   ADDRESS         REF BY
           =====                   =======         ======
           apsTxData::?relay       000001F5 
    -------------------------------------------------------------------------
BANK_RELAYS
  Relative segment, address: CODE 000001FB - 00000200 (0x6 bytes), align: 0
  Segment part 64.            Intra module refs:   apsFSM
           LOCAL                   ADDRESS         
           =====                   =======         
           apsRxFSM::?relay        000001FB 
    -------------------------------------------------------------------------
BANK_RELAYS
  Relative segment, address: CODE 00000201 - 00000206 (0x6 bytes), align: 0
  Segment part 66.            Intra module refs:   apsRxFSM
           LOCAL                   ADDRESS         
           =====                   =======         
           apsCheckAck::?relay     00000201 
    -------------------------------------------------------------------------
BANK_RELAYS
  Relative segment, address: CODE 00000207 - 0000020C (0x6 bytes), align: 0
  Segment part 68.            Intra module refs:   apsRxFSM
           LOCAL                   ADDRESS         
           =====                   =======         
           apsCheckCsResponse::?relay
                                   00000207 
    -------------------------------------------------------------------------
BANK_RELAYS
  Relative segment, address: CODE 0000020D - 00000212 (0x6 bytes), align: 0
  Segment part 70.
           ENTRY                   ADDRESS         REF BY
           =====                   =======         ======
           apsRxBusy::?relay       0000020D        nwkRxFSM (nwk)
    -------------------------------------------------------------------------
BANK_RELAYS
  Relative segment, address: CODE 00000213 - 00000218 (0x6 bytes), align: 0
  Segment part 72.
           ENTRY                   ADDRESS         REF BY
           =====                   =======         ======
           apsRxHandoff::?relay    00000213        nwkRxFSM (nwk)
    -------------------------------------------------------------------------
BANK_RELAYS
  Relative segment, address: CODE 00000219 - 0000021E (0x6 bytes), align: 0
  Segment part 74.            Intra module refs:   apsRxFSM
           LOCAL                   ADDRESS         
           =====                   =======         
           apsParseHdr::?relay     00000219 
    -------------------------------------------------------------------------
BANK_RELAYS
  Relative segment, address: CODE 0000021F - 00000224 (0x6 bytes), align: 0
  Segment part 76.            Intra module refs:   apsFSM
           LOCAL                   ADDRESS         
           =====                   =======         
           apsFormatAck::?relay    0000021F 
    -------------------------------------------------------------------------
BANK_RELAYS
  Relative segment, address: CODE 00000225 - 0000022A (0x6 bytes), align: 0
  Segment part 78.            Intra module refs:   apsFSM
           LOCAL                   ADDRESS         
           =====                   =======         
           apsTxFSM::?relay        00000225 

    *************************************************************************

  FILE NAME : F:\6LoWSN\6lowsn_stack\obj\compiletest\iar51_cc2530\router\Obj\console.r51
  PROGRAM MODULE, NAME : console

  SEGMENTS IN THE MODULE
  ======================
<BANKED_CODE> 1 (was BANKED_CODE)
  Relative segment, address: CODE 0000AD2A - 0000AD63 (0x3a bytes), align: 0
  Segment part 25.            Intra module refs:   conPrintROMString_func::?relay
           ENTRY                   ADDRESS         REF BY
           =====                   =======         ======
           conPrintROMString_func
                                   0000AD2A 
               calls direct
               XSTACK = 00000014 ( 00000009 )
    -------------------------------------------------------------------------
<BANKED_CODE> 1 (was BANKED_CODE)
  Relative segment, address: CODE 0000AD64 - 0000ADA4 (0x41 bytes), align: 0
  Segment part 29.            Intra module refs:   conPrintUINT8_noleader::?relay
           ENTRY                   ADDRESS         REF BY
           =====                   =======         ======
           conPrintUINT8_noleader
                                   0000AD64 
               calls direct
               XSTACK = 00000010 ( 00000009 )
    -------------------------------------------------------------------------
<BANKED_CODE> 1 (was BANKED_CODE)
  Relative segment, address: CODE 0000ADA5 - 0000ADB6 (0x12 bytes), align: 0
  Segment part 31.            Intra module refs:   conPCRLF::?relay
           ENTRY                   ADDRESS         REF BY
           =====                   =======         ======
           conPCRLF                0000ADA5 
               calls direct
               XSTACK = 00000014 ( 00000000 )
               ISTACK = 00000000 ( 00000002 )
    -------------------------------------------------------------------------
CODE_C
  Relative segment, address: CODE 000010FA - 000010FB (0x2 bytes), align: 0
  Segment part 6.             Intra module refs:   conPCRLF
           LOCAL                   ADDRESS         
           =====                   =======         
           conPCRLF{1}::xxxxromstr
                                   000010FA 
    -------------------------------------------------------------------------
<BANKED_CODE> 1 (was BANKED_CODE)
  Relative segment, address: CODE 0000ADB7 - 0000ADCE (0x18 bytes), align: 0
  Segment part 33.            Intra module refs:   conPrintUINT8::?relay
           ENTRY                   ADDRESS         REF BY
           =====                   =======         ======
           conPrintUINT8           0000ADB7 
               calls direct
               XSTACK = 00000014 ( 00000009 )
    -------------------------------------------------------------------------
CODE_C
  Relative segment, address: CODE 000010FC - 000010FE (0x3 bytes), align: 0
  Segment part 7.             Intra module refs:   conPrintUINT8
           LOCAL                   ADDRESS         
           =====                   =======         
           conPrintUINT8{1}::xxxxromstr
                                   000010FC 
    -------------------------------------------------------------------------
<BANKED_CODE> 1 (was BANKED_CODE)
  Relative segment, address: CODE 0000ADCF - 0000ADEF (0x21 bytes), align: 0
  Segment part 35.            Intra module refs:   conPrintUINT16::?relay
           ENTRY                   ADDRESS         REF BY
           =====                   =======         ======
           conPrintUINT16          0000ADCF 
               calls direct
               XSTACK = 00000000 ( 00000009 )
    -------------------------------------------------------------------------
CODE_C
  Relative segment, address: CODE 000010FF - 00001101 (0x3 bytes), align: 0
  Segment part 8.             Intra module refs:   conPrintUINT16
           LOCAL                   ADDRESS         
           =====                   =======         
           conPrintUINT16{1}::xxxxromstr
                                   000010FF 
    -------------------------------------------------------------------------
<BANKED_CODE> 1 (was BANKED_CODE)
  Relative segment, address: CODE 0000ADF0 - 0000AE49 (0x5a bytes), align: 0
  Segment part 37.            Intra module refs:   conPrintUINT32::?relay
           ENTRY                   ADDRESS         REF BY
           =====                   =======         ======
           conPrintUINT32          0000ADF0 
               calls direct
               XSTACK = 00000014 ( 00000010 )
    -------------------------------------------------------------------------
CODE_C
  Relative segment, address: CODE 00001102 - 00001104 (0x3 bytes), align: 0
  Segment part 9.             Intra module refs:   conPrintUINT32
           LOCAL                   ADDRESS         
           =====                   =======         
           conPrintUINT32{1}::xxxxromstr
                                   00001102 
    -------------------------------------------------------------------------
<BANKED_CODE> 1 (was BANKED_CODE)
  Relative segment, address: CODE 0000AE4A - 0000AE81 (0x38 bytes), align: 0
  Segment part 39.            Intra module refs:   conPrintLADDR_bytes::?relay
           ENTRY                   ADDRESS         REF BY
           =====                   =======         ======
           conPrintLADDR_bytes     0000AE4A 
               calls direct
               XSTACK = 00000014 ( 0000000C )
    -------------------------------------------------------------------------
CODE_C
  Relative segment, address: CODE 00001105 - 00001108 (0x4 bytes), align: 0
[...]
  LIBRARY MODULE, NAME : ?PUSH_XSTACK_I

  SEGMENTS IN THE MODULE
  ======================
RCODE
  Relative segment, address: CODE 00000B38 - 00000B3B (0x4 bytes), align: 0
  Segment part 2.
           ENTRY                   ADDRESS         REF BY
           =====                   =======         ======
           ?PUSH_XSTACK_I_TWO      00000B38        MemInit (memalloc)
                                                   ds6Init (ds)
                                                   ds6TestOnLink (ds)
                                                   icmpCommonFmt (icmpv6)
                                                   lowsn_ds6_aaddr_lookup (ds)
                                                   lowsn_ds6_list_loop (ds)
                                                   lowsn_ds6_maddr_add (ds)
                                                   lowsn_ds6_maddr_lookup (ds)
                                                   lowsn_ds6_prefix_add (ds)
                                                   lowsn_ds6_prefix_lookup (ds)
                                                   lowsn_ds6_uaddr_add (ds)
                                                   lowsn_ds6_uaddr_lookup (ds)
                                                   mpInit (mp)
                                                   ntNewAddressMapEntry (neighbor)
                                                   upper_layer_chksum (nwk)
    -------------------------------------------------------------------------
RCODE
  Relative segment, address: CODE 00000B3C - 00000B3D (0x2 bytes), align: 0
  Segment part 3.
           ENTRY                   ADDRESS         REF BY
           =====                   =======         ======
           ?PUSH_XSTACK_I_ONE      00000B3C        lowsn_ds6_aaddr_lookup (ds)
                                                   lowsn_ds6_maddr_add (ds)
                                                   lowsn_ds6_maddr_lookup (ds)
                                                   lowsn_ds6_prefix_add (ds)
                                                   lowsn_ds6_prefix_lookup (ds)
                                                   lowsn_ds6_uaddr_add (ds)
                                                   lowsn_ds6_uaddr_lookup (ds)
    -------------------------------------------------------------------------
RCODE
  Relative segment, address: CODE 00000B3E - 00000B4A (0xd bytes), align: 0
  Segment part 4.             Intra module refs:   ?PUSH_XSTACK_I_ONE
                                                   ?PUSH_XSTACK_I_TWO
           ENTRY                   ADDRESS         REF BY
           =====                   =======         ======
           ?PUSH_XSTACK_I          00000B3E 

    -------------------------------------------------------------------------
  LIBRARY MODULE, NAME : ?PUSH_XSTACK8_X

  SEGMENTS IN THE MODULE
  ======================
RCODE
  Relative segment, address: CODE 00000B4B - 00000B4E (0x4 bytes), align: 0
  Segment part 1.
           ENTRY                   ADDRESS         REF BY
           =====                   =======         ======
           ?PUSH_XSTACK8_X_FOUR    00000B4B        ds6Init (ds)
                                                   ds6LocalIPFrom16 (ds)
                                                   ndParseRA (nd)
    -------------------------------------------------------------------------
RCODE
  Relative segment, address: CODE 00000B4F - 00000B52 (0x4 bytes), align: 0
  Segment part 3.
           ENTRY                   ADDRESS         REF BY
           =====                   =======         ======
           ?PUSH_XSTACK8_X_TWO     00000B4F        adpParseCompHdr (adp)
                                                   ds6LocalIPFrom16 (ds)
                                                   lowsn_ds6_prefix_add (ds)
                                                   ndParseRA (nd)
    -------------------------------------------------------------------------
RCODE
  Relative segment, address: CODE 00000B53 - 00000B7B (0x29 bytes), align: 0
  Segment part 5.             Intra module refs:   ?PUSH_XSTACK8_X_FOUR
                                                   ?PUSH_XSTACK8_X_TWO
           ENTRY                   ADDRESS         REF BY
           =====                   =======         ======
           ?PUSH_XSTACK8_X         00000B53        apsFSM (aps)
                                                   mpFmtDeviceInfo (mp)
                                                   mpFmtTreeNeighborInfo (mp)
                                                   phyFSM (phy)

    -------------------------------------------------------------------------
  LIBRARY MODULE, NAME : ?UC_SWITCH_DENSE

  SEGMENTS IN THE MODULE
  ======================
RCODE
  Relative segment, address: CODE 00000B7C - 00000B81 (0x6 bytes), align: 0
  Segment part 0.
           ENTRY                   ADDRESS         REF BY
           =====                   =======         ======
           ?UC_SWITCH_DENSE        00000B7C        adpFSM (adp)
                                                   adpParseCompHdr (adp)
                                                   adpRxFSM (adp)
                                                   apsFSM (aps)
                                                   apsRxFSM (aps)
                                                   evbLedSet (evboard)
                                                   macFSM (mac)
                                                   macRxFSM (mac)
                                                   macTxData (mac)
                                                   mpHandleRxReport (mp)
                                                   ntGetCskip (neighbor)
                                                   nwkFSM (nwk)
                                                   nwkRxFSM (nwk)
                                                   phyFSM (phy)
    -------------------------------------------------------------------------
RCODE
  Relative segment, address: CODE 00000B82 - 00000BB0 (0x2f bytes), align: 0
  Segment part 2.             Intra module refs:   ?UC_SWITCH_DENSE
    -------------------------------------------------------------------------
RCODE
  Relative segment, address: CODE 00000BB1 - 00000BB1 (0x1 bytes), align: 0
  Segment part 4.             Intra module refs:   ?UC_SWITCH_DENSE

    -------------------------------------------------------------------------
  LIBRARY MODULE, NAME : ?UC_SWITCH_SPARSE

  SEGMENTS IN THE MODULE
  ======================
RCODE
  Relative segment, address: CODE 00000BB2 - 00000BB8 (0x7 bytes), align: 0
  Segment part 0.
           ENTRY                   ADDRESS         REF BY
           =====                   =======         ======
           ?UC_SWITCH_SPARSE       00000BB2        macFSM (mac)
                                                   macRxFSM (mac)
                                                   nwkFSM (nwk)
                                                   nwkRxFSM (nwk)
    -------------------------------------------------------------------------
RCODE
  Relative segment, address: CODE 00000BB9 - 00000BDA (0x22 bytes), align: 0
  Segment part 2.             Intra module refs:   ?UC_SWITCH_SPARSE
           ENTRY                   ADDRESS         REF BY
           =====                   =======         ======
           ?UC_SWITCH_SPARSE_LEAVE
                                   00000BCF        ?UC_JMP_IF_IN_RANGE (?UC_JMP_IF_IN_RANGE)
                                                   ?UC_JMP_IF_VALUE (?UC_JMP_IF_VALUE)
    -------------------------------------------------------------------------
RCODE
  Relative segment, address: CODE 00000BDB - 00000BDB (0x1 bytes), align: 0
  Segment part 4.             Intra module refs:   ?UC_SWITCH_SPARSE

    -------------------------------------------------------------------------
  LIBRARY MODULE, NAME : ?UC_JMP_IF_IN_RANGE

  SEGMENTS IN THE MODULE
  ======================
RCODE
  Relative segment, address: CODE 00000BDC - 00000BFA (0x1f bytes), align: 0
  Segment part 0.
           ENTRY                   ADDRESS         REF BY
           =====                   =======         ======
           ?UC_JMP_IF_IN_RANGE     00000BDC        ?UC_SWITCH_SPARSE_LEAVE (?UC_SWITCH_SPARSE)

    -------------------------------------------------------------------------
  LIBRARY MODULE, NAME : ?UC_JMP_IF_VALUE

  SEGMENTS IN THE MODULE
  ======================
RCODE
  Relative segment, address: CODE 00000BFB - 00000C10 (0x16 bytes), align: 0
  Segment part 0.
           ENTRY                   ADDRESS         REF BY
           =====                   =======         ======
           ?UC_JMP_IF_VALUE        00000BFB        ?UC_SWITCH_SPARSE_LEAVE (?UC_SWITCH_SPARSE)

    -------------------------------------------------------------------------
  LIBRARY MODULE, NAME : ?memcmp

  SEGMENTS IN THE MODULE
  ======================
<BANKED_CODE> 1 (was BANKED_CODE)
  Relative segment, address: CODE 0000B5B8 - 0000B610 (0x59 bytes), align: 0
  Segment part 6.             Intra module refs:   memcmp::?relay
           ENTRY                   ADDRESS         REF BY
           =====                   =======         ======
           memcmp                  0000B5B8 
               XSTACK = 00000002 ( 00000009 )
    -------------------------------------------------------------------------
BANK_RELAYS
  Relative segment, address: CODE 00000567 - 0000056C (0x6 bytes), align: 0
  Segment part 7.
           ENTRY                   ADDRESS         REF BY
           =====                   =======         ======
           memcmp::?relay          00000567        ds6TestOnLink (ds)
                                                   lowsn_ds6_list_loop (ds)

    -------------------------------------------------------------------------
  LIBRARY MODULE, NAME : ?memcpy

  SEGMENTS IN THE MODULE
  ======================
<BANKED_CODE> 1 (was BANKED_CODE)
  Relative segment, address: CODE 0000B611 - 0000B658 (0x48 bytes), align: 0
  Segment part 6.             Intra module refs:   memcpy::?relay
           ENTRY                   ADDRESS         REF BY
           =====                   =======         ======
           memcpy                  0000B611 
               XSTACK = 00000002 ( 0000000A )
               ISTACK = 00000000 ( 00000001 )
    -------------------------------------------------------------------------
BANK_RELAYS
  Relative segment, address: CODE 0000056D - 00000572 (0x6 bytes), align: 0
  Segment part 7.
           ENTRY                   ADDRESS         REF BY
           =====                   =======         ======
           memcpy::?relay          0000056D        icmpCommonFmt (icmpv6)

    -------------------------------------------------------------------------
  LIBRARY MODULE, NAME : ?memset

  SEGMENTS IN THE MODULE
  ======================
<BANKED_CODE> 1 (was BANKED_CODE)
  Relative segment, address: CODE 0000B659 - 0000B687 (0x2f bytes), align: 0
  Segment part 6.             Intra module refs:   memset::?relay
           ENTRY                   ADDRESS         REF BY
           =====                   =======         ======
           memset                  0000B659 
               XSTACK = 00000002 ( 00000009 )
               ISTACK = 00000000 ( 00000001 )
    -------------------------------------------------------------------------
BANK_RELAYS
  Relative segment, address: CODE 00000573 - 00000578 (0x6 bytes), align: 0
  Segment part 7.
           ENTRY                   ADDRESS         REF BY
           =====                   =======         ======
           memset::?relay          00000573        MemInit (memalloc)
                                                   ds6Init (ds)

    -------------------------------------------------------------------------
  LIBRARY MODULE, NAME : ?low_level_init

  SEGMENTS IN THE MODULE
  ======================
CSTART
  Relative segment, address: CODE 0000013C - 0000013E (0x3 bytes), align: 0
  Segment part 6. ROOT.
           ENTRY                   ADDRESS         REF BY
           =====                   =======         ======
           __low_level_init        0000013C        __low_level_init_call (?cmain)




                ****************************************
                *                                      *
                *            MODULE SUMMARY            *
                *                                      *
                ****************************************

Module                     CODE      DATA      XDATA  IDATA    BIT
------                     ----      ----      -----  -----    ---
                          (Rel)  (Rel)  (Abs)  (Rel)  (Rel)  (Rel)
?ADD_XSTACK_DISP8            27
?ALLOC_XSTACK8               22
?BANKED_CODE_SUPPORT         71
?BANKED_ENTER_XDATA         102
?BANKED_LEAVE_XDATA          62
?DEALLOC_XSTACK8             26
?FLT_MUL                    384
?FLT_TEST_INF                21
?FLT_TEST_INF_R1             21
?FLT_TEST_NAN                15
?FLT_TEST_NAN_R1             15
?FLT_TEST_ZERO               10
?FLT_TEST_ZERO_R1            10
?FLT_TO_L                   143
?INTERRUPT_ENTER_XSP         95
?INTERRUPT_LEAVE_XSP         80
?L_ADD                       19
?L_ADD_TO_X                  19
?L_ADD_X                     19
?L_AND_X                     19
?L_EQ_X                      21
?L_MOV_TO_X                  15
?L_MOV_X                     15
?L_SHL                       31
?L_SUB_X                     24
?L_TO_FLT                    93
?MOVE_LONG8_XDATA_IDATA      13
?MOVE_LONG8_XDATA_XDATA      33
?PUSH_XSTACK8_X              49
?PUSH_XSTACK_I               19
?SS_SHR                      16
?S_SHL                       19
?UC_JMP_IF_IN_RANGE          31
?UC_JMP_IF_VALUE             22
?UC_SWITCH_DENSE             54
?UC_SWITCH_SPARSE            42
?UL_GT                       16
?UL_GT_X                     16
?UL_SHR                      25
?US_SHR                      15
?XSTACK_DISP8                10
?cexit                        5
?cmain                       88
?low_level_init               3
?memcmp                      95
?memcpy                      78
?memset                      53
CSTARTUP                     18
  + common                    3
VIRTUAL_REGISTERS                    2                           8
adp                       5 436                  144
  + shared                                        12
aps                       4 724                  199
  + shared                                  1
console                     936                    4
debug                       623                    1
ds                        3 568                  407
  + shared                                         4
evboard                     705             4      2
  + shared                                  1
halNeighbor                                      180
halStack                  2 893            39    171
  + shared                  134                    4
  + common
hal_dma                                     4
icmpv6                    1 485
mac                       9 390                  130
memalloc                    777                2 048
mp                        1 739                   20
nd                        2 714                   20
neighbor                  2 227                   68
nwk                       5 772                  160
phy                         593                  153
test_demo                   913                    8
N/A (command line)                  16           511     64
N/A (alignment)
----------               ------     --     --  -----     --      -
Total:                   46 594     18     49  4 246     64      8
  + common                  134


                ****************************************
                *                                      *
                *      SEGMENTS IN ADDRESS ORDER       *
                *                                      *
                ****************************************


SEGMENT              SPACE    START ADDRESS   END ADDRESS     SIZE  TYPE  ALIGN
=======              =====    =============   ===========     ====  ====  =====
INTVEC               CODE          00000000 - 00000085          86   com    0
CSTART               CODE          00000086 - 0000013E          B9   rel    0
IDATA_ID             CODE               0000013F                     dse    0
BIT_ID               CODE               0000013F                     dse    0
BDATA_ID             CODE               0000013F                     dse    0
IXDATA_ID            CODE               0000013F                     dse    0
PDATA_ID             CODE               0000013F                     dse    0
DATA_ID              CODE               0000013F                     dse    0
XDATA_ID             CODE          0000013F - 0000018E          50   rel    0
BANK_RELAYS          CODE          0000018F - 00000578         3EA   rel    0
RCODE                CODE          00000579 - 00000C10         698   rel    0
DIFUNCT              CODE               00000C11                     dse    0
CODE_C               CODE          00000C11 - 00002052        1442   rel    0
CODE_N               CODE               00002053                     dse    0
NEAR_CODE            CODE          00002053 - 0000248F         43D   rel    0
<BANKED_CODE> 1      CODE          00002490 - 0000B687        91F8   rel    0
REGISTERS            DATA          00000000 - 00000007           8   rel    0
VREG                 DATA          00000008 - 0000000F           8   rel    0
PSP                  DATA               00000010                     dse    0
XSP                  DATA          00000010 - 00000011           2   rel    0
BREG                 BIT        00000020.0  -  00000020.7        8   rel    0
SFR_AN               DATA          00000086 - 00000088           3   rel    0
                     DATA          00000090 - 00000091           2 
                     DATA          00000094 - 00000097           4 
                     DATA          0000009A - 0000009B           2 
                     DATA          0000009D - 0000009E           2 
                     DATA          000000A1 - 000000A8           8 
                     DATA          000000B4 - 000000B4           1 
                     DATA          000000B6 - 000000B6           1 
                     DATA          000000B8 - 000000B8           1 
                     DATA          000000BA - 000000BB           2 
                     DATA          000000BE - 000000BE           1 
                     DATA          000000C0 - 000000C6           7 
                     DATA          000000D2 - 000000D5           4 
                     DATA          000000D9 - 000000D9           1 
                     DATA          000000E1 - 000000E1           1 
                     DATA          000000E8 - 000000E9           2 
                     DATA          000000F1 - 000000F5           5 
                     DATA          000000FD - 000000FE           2 
XSTACK               XDATA         00000001 - 000001FF         1FF   rel    0
XDATA_Z              XDATA         00000200 - 00001046         E47   rel    0
XDATA_I              XDATA         00001047 - 00001096          50   rel    0
ISTACK               IDATA         000000C0 - 000000FF          40   rel    0

                ****************************************
                *                                      *
                *        END OF CROSS REFERENCE        *
                *                                      *
                ****************************************

 46 728 bytes of CODE  memory
     18 bytes of DATA  memory (+ 49 absolute )
  4 246 bytes of XDATA memory
     64 bytes of IDATA memory
      8 bits  of BIT   memory

Errors: none
Warnings: none

